******************************************************************************
                  TI ARM Linker Unix v20.2.5                   
******************************************************************************
>> Linked Thu Jan 12 15:48:09 2023

OUTPUT FILE NAME:   <progetto.out>
ENTRY POINT SYMBOL: "_c_int00_noargs"  address: 00001e59


MEMORY CONFIGURATION

         name            origin    length      used     unused   attr    fill
----------------------  --------  ---------  --------  --------  ----  --------
  MAIN                  00000000   00040000  000025c6  0003da3a  R  X
  INFO                  00200000   00004000  00000000  00004000  R  X
  SRAM_CODE             01000000   00010000  0000025c  0000fda4  RW X
  SRAM_DATA             20000000   00010000  0000025c  0000fda4  RW  


SEGMENT ALLOCATION MAP

run origin  load origin   length   init length attrs members
----------  ----------- ---------- ----------- ----- -------
00000000    00000000    000025c8   000025c8    r-x
  00000000    00000000    000000e4   000000e4    r-- .intvecs
  000000e4    000000e4    0000204e   0000204e    r-x .text
  00002134    00002134    0000043c   0000043c    r-- .const
  00002570    00002570    00000058   00000058    r-- .cinit
20000000    20000000    0000005e   00000000    rw-
  20000000    20000000    00000036   00000000    rw- .data
  20000038    20000038    00000026   00000000    rw- .bss
2000fe00    2000fe00    00000200   00000000    rw-
  2000fe00    2000fe00    00000200   00000000    rw- .stack


SECTION ALLOCATION MAP

 output                                  attributes/
section   page    origin      length       input sections
--------  ----  ----------  ----------   ----------------
.intvecs   0    00000000    000000e4     
                  00000000    000000e4     startup_msp432p401r_ccs.obj (.intvecs:retain)

.text      0    000000e4    0000204e     
                  000000e4    00000680     Crystalfontz128x128_ST7735.obj (.text)
                  00000764    0000047e     grlib.a : string.obj (.text:Graphics_drawString)
                  00000be2    00000002     --HOLE-- [fill = 0]
                  00000be4    00000334     system_msp432p401r.obj (.text)
                  00000f18    000002a4     main.obj (.text)
                  000011bc    0000015c     msp432p4xx_driverlib.lib : pcm.o (.text:__PCM_setPowerModeAdvanced)
                  00001318    00000130                              : cs.o (.text:CS_initClockSignal)
                  00001448    00000108                              : pcm.o (.text:__PCM_setCoreVoltageLevelAdvanced)
                  00001550    000000fa     grlib.a : string.obj (.text:Graphics_getStringWidth)
                  0000164a    00000002     --HOLE-- [fill = 0]
                  0000164c    000000cc     HAL_MSP_EXP432P401R_Crystalfontz128x128_ST7735.obj (.text)
                  00001718    000000b0     msp432p4xx_driverlib.lib : spi.o (.text:SPI_initMaster)
                  000017c8    0000009c     grlib.a : line.obj (.text:Graphics_drawLineH)
                  00001864    0000009c     rtsv7M4_T_le_v4SPD16_eabi.lib : memcpy_t2.asm.obj (.text)
                  00001900    00000088     msp432p4xx_driverlib.lib : gpio.o (.text:GPIO_setAsPeripheralModuleFunctionOutputPin)
                  00001988    00000084                              : gpio.o (.text:GPIO_getEnabledInterruptStatus)
                  00001a0c    00000080                              : interrupt.o (.text:Interrupt_enableInterrupt)
                  00001a8c    00000068     rtsv7M4_T_le_v4SPD16_eabi.lib : copy_decompress_lzss.c.obj (.text:decompress:lzss:__TI_decompress_lzss)
                  00001af4    0000005e     msp432p4xx_driverlib.lib : pcm.o (.text:PCM_getCoreVoltageLevel)
                  00001b52    0000005a                              : pcm.o (.text:PCM_getPowerMode)
                  00001bac    00000058                              : gpio.o (.text:GPIO_setAsInputPinWithPullUpResistor)
                  00001c04    00000052     grlib.a : context.obj (.text:Graphics_initContext)
                  00001c56    00000002     --HOLE-- [fill = 0]
                  00001c58    00000048     msp432p4xx_driverlib.lib : flash.o (.text:FlashCtl_setWaitState)
                  00001ca0    00000048     grlib.a : string.obj (.text:Graphics_drawStringCentered)
                  00001ce8    00000044     rtsv7M4_T_le_v4SPD16_eabi.lib : autoinit.c.obj (.text:__TI_auto_init_nobinit_nopinit:__TI_auto_init_nobinit_nopinit)
                  00001d2c    00000040     msp432p4xx_driverlib.lib : gpio.o (.text:GPIO_setAsOutputPin)
                  00001d6c    00000040     grlib.a : string.obj (.text:Graphics_getNumberOfLeadingZeros)
                  00001dac    00000040     msp432p4xx_driverlib.lib : spi.o (.text:is_A_Module)
                  00001dec    00000036     grlib.a : display.obj (.text:Graphics_drawHorizontalLineOnDisplay)
                  00001e22    00000002     --HOLE-- [fill = 0]
                  00001e24    00000034     msp432p4xx_driverlib.lib : cs.o (.text:CS_setDCOCenteredFrequency)
                  00001e58    00000034     rtsv7M4_T_le_v4SPD16_eabi.lib : boot_cortex_m.c.obj (.text:_c_int00_noargs:_c_int00_noargs)
                  00001e8c    0000002c     grlib.a : display.obj (.text:Graphics_drawPixelOnDisplay)
                  00001eb8    00000028     msp432p4xx_driverlib.lib : gpio.o (.text:GPIO_clearInterruptFlag)
                  00001ee0    00000028                              : gpio.o (.text:GPIO_enableInterrupt)
                  00001f08    00000028                              : gpio.o (.text:GPIO_setOutputHighOnPin)
                  00001f30    00000028                              : gpio.o (.text:GPIO_setOutputLowOnPin)
                  00001f58    00000028                              : pcm.o (.text:PCM_gotoLPM0)
                  00001f80    00000024                              : gpio.o (.text:GPIO_getInterruptStatus)
                  00001fa4    00000024                              : wdt_a.o (.text:WDT_A_holdTimer)
                  00001fc8    0000001c                              : spi.o (.text:SPI_enableModule)
                  00001fe4    0000001c     rtsv7M4_T_le_v4SPD16_eabi.lib : copy_zero_init.c.obj (.text:decompress:ZI:__TI_zero_init_nomemset:__TI_zero_init_nomemset)
                  00002000    0000001a     grlib.a : display.obj (.text:Graphics_clearDisplayOnDisplay)
                  0000201a    0000001a             : context.obj (.text:Graphics_setBackgroundColor)
                  00002034    0000001a             : context.obj (.text:Graphics_setFont)
                  0000204e    00000016     msp432p4xx_driverlib.lib : spi.o (.text:EUSCI_A_SPI_enable)
                  00002064    00000016                              : spi.o (.text:EUSCI_B_SPI_enable)
                  0000207a    00000016     grlib.a : context.obj (.text:Graphics_setForegroundColor)
                  00002090    00000016             : display.obj (.text:Graphics_translateColorOnDisplay)
                  000020a6    00000002     --HOLE-- [fill = 0]
                  000020a8    00000014     msp432p4xx_driverlib.lib : pcm.o (.text:PCM_getPowerState)
                  000020bc    00000012     grlib.a : context.obj (.text:Graphics_clearDisplay)
                  000020ce    00000010     msp432p4xx_driverlib.lib : interrupt.o (.text:Interrupt_enableMaster)
                  000020de    00000010                              : pcm.o (.text:PCM_setCoreVoltageLevel)
                  000020ee    00000010                              : pcm.o (.text:PCM_setPowerMode)
                  000020fe    0000000e     rtsv7M4_T_le_v4SPD16_eabi.lib : copy_decompress_none.c.obj (.text:decompress:none:__TI_decompress_none)
                  0000210c    0000000e     startup_msp432p401r_ccs.obj (.text)
                  0000211a    0000000c     msp432p4xx_driverlib.lib : cpu.o (.text:CPU_cpsie)
                  00002126    00000004                              : cpu.o (.text:CPU_wfi)
                  0000212a    00000004     rtsv7M4_T_le_v4SPD16_eabi.lib : pre_init.c.obj (.text:_system_pre_init)
                  0000212e    00000004                                   : exit.c.obj (.text:abort:abort)

.const     0    00002134    0000043c     
                  00002134    000002f8     grlib.a : fontfixed6x8.obj (.const:.string:g_pucFontFixed6x8Data)
                  0000242c    000000c8             : fontfixed6x8.obj (.const:g_sFontFixed6x8)
                  000024f4    00000030     msp432p4xx_driverlib.lib : gpio.o (.const:GPIO_PORT_TO_BASE)
                  00002524    00000020     Crystalfontz128x128_ST7735.obj (.const:g_sCrystalfontz128x128_funcs)
                  00002544    0000001c     HAL_MSP_EXP432P401R_Crystalfontz128x128_ST7735.obj (.const:$P$T0$1)
                  00002560    00000008     Crystalfontz128x128_ST7735.obj (.const:$P$T0$1)
                  00002568    00000008     msp432p4xx_driverlib.lib : interrupt.o (.const:g_pulEnRegs)

.cinit     0    00002570    00000058     
                  00002570    0000002f     (.cinit..data.load) [load image, compression = lzss]
                  0000259f    00000001     --HOLE-- [fill = 0]
                  000025a0    0000000c     (__TI_handler_table)
                  000025ac    00000004     --HOLE-- [fill = 0]
                  000025b0    00000008     (.cinit..bss.load) [load image, compression = zero_init]
                  000025b8    00000010     (__TI_cinit_table)

.init_array 
*          0    00000000    00000000     UNINITIALIZED

.binit     0    00000000    00000000     

.data      0    20000000    00000036     UNINITIALIZED
                  20000000    00000020     main.obj (.data:fsm)
                  20000020    00000010     Crystalfontz128x128_ST7735.obj (.data:g_sCrystalfontz128x128)
                  20000030    00000004     system_msp432p401r.obj (.data)
                  20000034    00000002     main.obj (.data)

.bss       0    20000038    00000026     UNINITIALIZED
                  20000038    0000001c     (.common:g_sContext)
                  20000054    00000002     (.common:Lcd_ScreenHeigth)
                  20000056    00000002     (.common:Lcd_ScreenWidth)
                  20000058    00000002     (.common:Lcd_TouchTrim)
                  2000005a    00000001     (.common:Lcd_FlagRead)
                  2000005b    00000001     (.common:Lcd_FontSolid)
                  2000005c    00000001     (.common:Lcd_Orientation)
                  2000005d    00000001     (.common:Lcd_PenSolid)

.stack     0    2000fe00    00000200     UNINITIALIZED
                  2000fe00    00000004     rtsv7M4_T_le_v4SPD16_eabi.lib : boot_cortex_m.c.obj (.stack)
                  2000fe04    000001fc     --HOLE--

__llvm_prf_cnts 
*          0    20000000    00000000     UNINITIALIZED

MODULE SUMMARY

       Module                                               code   ro data   rw data
       ------                                               ----   -------   -------
    ./
       system_msp432p401r.obj                               820    0         8      
       main.obj                                             676    0         124    
       startup_msp432p401r_ccs.obj                          14     228       0      
    +--+----------------------------------------------------+------+---------+---------+
       Total:                                               1510   228       132    
                                                                                    
    ./LcdDriver/
       Crystalfontz128x128_ST7735.obj                       1664   40        52     
       HAL_MSP_EXP432P401R_Crystalfontz128x128_ST7735.obj   204    28        0      
    +--+----------------------------------------------------+------+---------+---------+
       Total:                                               1868   68        52     
                                                                                    
    /home/student/Downloads/simplelink_msp432p4_sdk_3_40_01_02/simplelink_msp432p4_sdk_3_40_01_02/source/ti/devices/msp432p4xx/driverlib/ccs/msp432p4xx_driverlib.lib
       pcm.o                                                888    0         0      
       gpio.o                                               616    48        0      
       cs.o                                                 356    0         0      
       spi.o                                                312    0         0      
       interrupt.o                                          144    8         0      
       flash.o                                              72     0         0      
       wdt_a.o                                              36     0         0      
       cpu.o                                                16     0         0      
    +--+----------------------------------------------------+------+---------+---------+
       Total:                                               2440   56        0      
                                                                                    
    /home/student/Downloads/simplelink_msp432p4_sdk_3_40_01_02/simplelink_msp432p4_sdk_3_40_01_02/source/ti/grlib/lib/ccs/m4f/grlib.a
       string.obj                                           1536   0         0      
       fontfixed6x8.obj                                     0      960       0      
       context.obj                                          174    0         0      
       line.obj                                             156    0         0      
       display.obj                                          146    0         0      
    +--+----------------------------------------------------+------+---------+---------+
       Total:                                               2012   960       0      
                                                                                    
    /home/student/ti/ccs1010/ccs/tools/compiler/ti-cgt-arm_20.2.5.LTS/lib/rtsv7M4_T_le_v4SPD16_eabi.lib
       memcpy_t2.asm.obj                                    156    0         0      
       copy_decompress_lzss.c.obj                           104    0         0      
       autoinit.c.obj                                       68     0         0      
       boot_cortex_m.c.obj                                  52     0         0      
       copy_zero_init.c.obj                                 28     0         0      
       copy_decompress_none.c.obj                           14     0         0      
       exit.c.obj                                           4      0         0      
       pre_init.c.obj                                       4      0         0      
    +--+----------------------------------------------------+------+---------+---------+
       Total:                                               430    0         0      
                                                                                    
       Stack:                                               0      0         1024   
       Linker Generated:                                    0      83        0      
    +--+----------------------------------------------------+------+---------+---------+
       Grand Total:                                         8260   1395      1208   


LINKER GENERATED COPY TABLES

__TI_cinit_table @ 000025b8 records: 2, size/record: 8, table size: 16
	.data: load addr=00002570, load size=0000002f bytes, run addr=20000000, run size=00000036 bytes, compression=lzss
	.bss: load addr=000025b0, load size=00000008 bytes, run addr=20000038, run size=00000026 bytes, compression=zero_init


LINKER GENERATED HANDLER TABLE

__TI_handler_table @ 000025a0 records: 3, size/record: 4, table size: 12
	index: 0, handler: __TI_decompress_lzss
	index: 1, handler: __TI_decompress_none
	index: 2, handler: __TI_zero_init


GLOBAL SYMBOLS: SORTED ALPHABETICALLY BY Name 

address   name                                       
-------   ----                                       
00002119  ADC14_IRQHandler                           
00002119  AES256_IRQHandler                          
00002119  BusFault_Handler                           
0000212f  C$$EXIT                                    
00002119  COMP_E0_IRQHandler                         
00002119  COMP_E1_IRQHandler                         
0000211b  CPU_cpsie                                  
00002127  CPU_wfi                                    
00002119  CS_IRQHandler                              
00001319  CS_initClockSignal                         
00001e25  CS_setDCOCenteredFrequency                 
000000e5  Crystalfontz128x128_Init                   
000001f9  Crystalfontz128x128_SetDrawFrame           
00000327  Crystalfontz128x128_SetOrientation         
00002119  DMA_ERR_IRQHandler                         
00002119  DMA_INT0_IRQHandler                        
00002119  DMA_INT1_IRQHandler                        
00002119  DMA_INT2_IRQHandler                        
00002119  DMA_INT3_IRQHandler                        
00002119  DebugMon_Handler                           
00002119  Default_Handler                            
00002119  EUSCIA0_IRQHandler                         
00002119  EUSCIA1_IRQHandler                         
00002119  EUSCIA2_IRQHandler                         
00002119  EUSCIA3_IRQHandler                         
00002119  EUSCIB0_IRQHandler                         
00002119  EUSCIB1_IRQHandler                         
00002119  EUSCIB2_IRQHandler                         
00002119  EUSCIB3_IRQHandler                         
0000204f  EUSCI_A_SPI_enable                         
00002065  EUSCI_B_SPI_enable                         
00002119  FLCTL_IRQHandler                           
00002119  FPU_IRQHandler                             
00001c59  FlashCtl_setWaitState                      
00001eb9  GPIO_clearInterruptFlag                    
00001ee1  GPIO_enableInterrupt                       
00001989  GPIO_getEnabledInterruptStatus             
00001f81  GPIO_getInterruptStatus                    
00001bad  GPIO_setAsInputPinWithPullUpResistor       
00001d2d  GPIO_setAsOutputPin                        
00001901  GPIO_setAsPeripheralModuleFunctionOutputPin
00001f09  GPIO_setOutputHighOnPin                    
00001f31  GPIO_setOutputLowOnPin                     
000020bd  Graphics_clearDisplay                      
00002001  Graphics_clearDisplayOnDisplay             
00001ded  Graphics_drawHorizontalLineOnDisplay       
000017c9  Graphics_drawLineH                         
00001e8d  Graphics_drawPixelOnDisplay                
00000765  Graphics_drawString                        
00001ca1  Graphics_drawStringCentered                
00001551  Graphics_getStringWidth                    
00001c05  Graphics_initContext                       
0000201b  Graphics_setBackgroundColor                
00002035  Graphics_setFont                           
0000207b  Graphics_setForegroundColor                
00002091  Graphics_translateColorOnDisplay           
0000164d  HAL_LCD_PortInit                           
0000167d  HAL_LCD_SpiInit                            
000016b3  HAL_LCD_writeCommand                       
000016e3  HAL_LCD_writeData                          
00002119  HardFault_Handler                          
00001a0d  Interrupt_enableInterrupt                  
000020cf  Interrupt_enableMaster                     
2000005a  Lcd_FlagRead                               
2000005b  Lcd_FontSolid                              
2000005c  Lcd_Orientation                            
2000005d  Lcd_PenSolid                               
20000054  Lcd_ScreenHeigth                           
20000056  Lcd_ScreenWidth                            
20000058  Lcd_TouchTrim                              
00002119  MemManage_Handler                          
00002119  NMI_Handler                                
00002119  PCM_IRQHandler                             
00001af5  PCM_getCoreVoltageLevel                    
00001b53  PCM_getPowerMode                           
000020a9  PCM_getPowerState                          
00001f59  PCM_gotoLPM0                               
000020df  PCM_setCoreVoltageLevel                    
000020ef  PCM_setPowerMode                           
00002119  PORT1_IRQHandler                           
00002119  PORT2_IRQHandler                           
0000116f  PORT3_IRQHandler                           
0000116f  PORT3_IRQHandler                           
00002119  PORT4_IRQHandler                           
00001153  PORT5_IRQHandler                           
00001153  PORT5_IRQHandler                           
00002119  PORT6_IRQHandler                           
00002119  PSS_IRQHandler                             
00002119  PendSV_Handler                             
00002119  RTC_C_IRQHandler                           
0000210d  Reset_Handler                              
00001fc9  SPI_enableModule                           
00001719  SPI_initMaster                             
00002119  SVC_Handler                                
00002119  SysTick_Handler                            
20000030  SystemCoreClock                            
00000be5  SystemCoreClockUpdate                      
00000e5d  SystemInit                                 
00002119  T32_INT1_IRQHandler                        
00002119  T32_INT2_IRQHandler                        
00002119  T32_INTC_IRQHandler                        
00002119  TA0_0_IRQHandler                           
00002119  TA0_N_IRQHandler                           
00002119  TA1_0_IRQHandler                           
00002119  TA1_N_IRQHandler                           
00002119  TA2_0_IRQHandler                           
00002119  TA2_N_IRQHandler                           
00002119  TA3_0_IRQHandler                           
00002119  TA3_N_IRQHandler                           
00002119  UsageFault_Handler                         
4000480c  WDTCTL_SYM                                 
00002119  WDT_A_IRQHandler                           
00001fa5  WDT_A_holdTimer                            
20010000  __STACK_END                                
00000200  __STACK_SIZE                               
000025b8  __TI_CINIT_Base                            
000025c8  __TI_CINIT_Limit                           
000025a0  __TI_Handler_Table_Base                    
000025ac  __TI_Handler_Table_Limit                   
00001ce9  __TI_auto_init_nobinit_nopinit             
00001a8d  __TI_decompress_lzss                       
000020ff  __TI_decompress_none                       
ffffffff  __TI_pprof_out_hndl                        
ffffffff  __TI_prof_data_size                        
ffffffff  __TI_prof_data_start                       
00000000  __TI_static_base__                         
00001fe5  __TI_zero_init_nomemset                    
00001865  __aeabi_memcpy                             
00001865  __aeabi_memcpy4                            
00001865  __aeabi_memcpy8                            
ffffffff  __binit__                                  
ffffffff  __c_args__                                 
UNDEFED   __mpu_init                                 
2000fe00  __stack                                    
20000000  __start___llvm_prf_cnts                    
20000000  __stop___llvm_prf_cnts                     
00001e59  _c_int00_noargs                            
00001065  _graphicsInit                              
0000109b  _hwInit                                    
UNDEFED   _system_post_cinit                         
0000212b  _system_pre_init                           
0000212f  abort                                      
ffffffff  binit                                      
20000034  current_state                              
00000f19  display_weather                            
20000035  event                                      
00000fdb  fn_MOSCOU                                  
00001009  fn_NEWYORK                                 
00000fad  fn_ROME                                    
00001037  fn_TOKYO                                   
20000000  fsm                                        
20000038  g_sContext                                 
20000020  g_sCrystalfontz128x128                     
00002524  g_sCrystalfontz128x128_funcs               
0000242c  g_sFontFixed6x8                            
00000000  interruptVectors                           
00001129  main                                       
00001865  memcpy                                     


GLOBAL SYMBOLS: SORTED BY Symbol Address 

address   name                                       
-------   ----                                       
00000000  __TI_static_base__                         
00000000  interruptVectors                           
000000e5  Crystalfontz128x128_Init                   
000001f9  Crystalfontz128x128_SetDrawFrame           
00000200  __STACK_SIZE                               
00000327  Crystalfontz128x128_SetOrientation         
00000765  Graphics_drawString                        
00000be5  SystemCoreClockUpdate                      
00000e5d  SystemInit                                 
00000f19  display_weather                            
00000fad  fn_ROME                                    
00000fdb  fn_MOSCOU                                  
00001009  fn_NEWYORK                                 
00001037  fn_TOKYO                                   
00001065  _graphicsInit                              
0000109b  _hwInit                                    
00001129  main                                       
00001153  PORT5_IRQHandler                           
00001153  PORT5_IRQHandler                           
0000116f  PORT3_IRQHandler                           
0000116f  PORT3_IRQHandler                           
00001319  CS_initClockSignal                         
00001551  Graphics_getStringWidth                    
0000164d  HAL_LCD_PortInit                           
0000167d  HAL_LCD_SpiInit                            
000016b3  HAL_LCD_writeCommand                       
000016e3  HAL_LCD_writeData                          
00001719  SPI_initMaster                             
000017c9  Graphics_drawLineH                         
00001865  __aeabi_memcpy                             
00001865  __aeabi_memcpy4                            
00001865  __aeabi_memcpy8                            
00001865  memcpy                                     
00001901  GPIO_setAsPeripheralModuleFunctionOutputPin
00001989  GPIO_getEnabledInterruptStatus             
00001a0d  Interrupt_enableInterrupt                  
00001a8d  __TI_decompress_lzss                       
00001af5  PCM_getCoreVoltageLevel                    
00001b53  PCM_getPowerMode                           
00001bad  GPIO_setAsInputPinWithPullUpResistor       
00001c05  Graphics_initContext                       
00001c59  FlashCtl_setWaitState                      
00001ca1  Graphics_drawStringCentered                
00001ce9  __TI_auto_init_nobinit_nopinit             
00001d2d  GPIO_setAsOutputPin                        
00001ded  Graphics_drawHorizontalLineOnDisplay       
00001e25  CS_setDCOCenteredFrequency                 
00001e59  _c_int00_noargs                            
00001e8d  Graphics_drawPixelOnDisplay                
00001eb9  GPIO_clearInterruptFlag                    
00001ee1  GPIO_enableInterrupt                       
00001f09  GPIO_setOutputHighOnPin                    
00001f31  GPIO_setOutputLowOnPin                     
00001f59  PCM_gotoLPM0                               
00001f81  GPIO_getInterruptStatus                    
00001fa5  WDT_A_holdTimer                            
00001fc9  SPI_enableModule                           
00001fe5  __TI_zero_init_nomemset                    
00002001  Graphics_clearDisplayOnDisplay             
0000201b  Graphics_setBackgroundColor                
00002035  Graphics_setFont                           
0000204f  EUSCI_A_SPI_enable                         
00002065  EUSCI_B_SPI_enable                         
0000207b  Graphics_setForegroundColor                
00002091  Graphics_translateColorOnDisplay           
000020a9  PCM_getPowerState                          
000020bd  Graphics_clearDisplay                      
000020cf  Interrupt_enableMaster                     
000020df  PCM_setCoreVoltageLevel                    
000020ef  PCM_setPowerMode                           
000020ff  __TI_decompress_none                       
0000210d  Reset_Handler                              
00002119  ADC14_IRQHandler                           
00002119  AES256_IRQHandler                          
00002119  BusFault_Handler                           
00002119  COMP_E0_IRQHandler                         
00002119  COMP_E1_IRQHandler                         
00002119  CS_IRQHandler                              
00002119  DMA_ERR_IRQHandler                         
00002119  DMA_INT0_IRQHandler                        
00002119  DMA_INT1_IRQHandler                        
00002119  DMA_INT2_IRQHandler                        
00002119  DMA_INT3_IRQHandler                        
00002119  DebugMon_Handler                           
00002119  Default_Handler                            
00002119  EUSCIA0_IRQHandler                         
00002119  EUSCIA1_IRQHandler                         
00002119  EUSCIA2_IRQHandler                         
00002119  EUSCIA3_IRQHandler                         
00002119  EUSCIB0_IRQHandler                         
00002119  EUSCIB1_IRQHandler                         
00002119  EUSCIB2_IRQHandler                         
00002119  EUSCIB3_IRQHandler                         
00002119  FLCTL_IRQHandler                           
00002119  FPU_IRQHandler                             
00002119  HardFault_Handler                          
00002119  MemManage_Handler                          
00002119  NMI_Handler                                
00002119  PCM_IRQHandler                             
00002119  PORT1_IRQHandler                           
00002119  PORT2_IRQHandler                           
00002119  PORT4_IRQHandler                           
00002119  PORT6_IRQHandler                           
00002119  PSS_IRQHandler                             
00002119  PendSV_Handler                             
00002119  RTC_C_IRQHandler                           
00002119  SVC_Handler                                
00002119  SysTick_Handler                            
00002119  T32_INT1_IRQHandler                        
00002119  T32_INT2_IRQHandler                        
00002119  T32_INTC_IRQHandler                        
00002119  TA0_0_IRQHandler                           
00002119  TA0_N_IRQHandler                           
00002119  TA1_0_IRQHandler                           
00002119  TA1_N_IRQHandler                           
00002119  TA2_0_IRQHandler                           
00002119  TA2_N_IRQHandler                           
00002119  TA3_0_IRQHandler                           
00002119  TA3_N_IRQHandler                           
00002119  UsageFault_Handler                         
00002119  WDT_A_IRQHandler                           
0000211b  CPU_cpsie                                  
00002127  CPU_wfi                                    
0000212b  _system_pre_init                           
0000212f  C$$EXIT                                    
0000212f  abort                                      
0000242c  g_sFontFixed6x8                            
00002524  g_sCrystalfontz128x128_funcs               
000025a0  __TI_Handler_Table_Base                    
000025ac  __TI_Handler_Table_Limit                   
000025b8  __TI_CINIT_Base                            
000025c8  __TI_CINIT_Limit                           
20000000  __start___llvm_prf_cnts                    
20000000  __stop___llvm_prf_cnts                     
20000000  fsm                                        
20000020  g_sCrystalfontz128x128                     
20000030  SystemCoreClock                            
20000034  current_state                              
20000035  event                                      
20000038  g_sContext                                 
20000054  Lcd_ScreenHeigth                           
20000056  Lcd_ScreenWidth                            
20000058  Lcd_TouchTrim                              
2000005a  Lcd_FlagRead                               
2000005b  Lcd_FontSolid                              
2000005c  Lcd_Orientation                            
2000005d  Lcd_PenSolid                               
2000fe00  __stack                                    
20010000  __STACK_END                                
4000480c  WDTCTL_SYM                                 
ffffffff  __TI_pprof_out_hndl                        
ffffffff  __TI_prof_data_size                        
ffffffff  __TI_prof_data_start                       
ffffffff  __binit__                                  
ffffffff  __c_args__                                 
ffffffff  binit                                      
UNDEFED   __mpu_init                                 
UNDEFED   _system_post_cinit                         

[158 symbols]
