<?xml version="1.0" encoding="ISO-8859-1" ?>
<link_info>
   <banner>TI ARM Linker Unix v20.2.5.LTS</banner>
   <copyright>Copyright (c) 1996-2018 Texas Instruments Incorporated</copyright>
   <link_time>0x63c01da9</link_time>
   <link_errors>0x0</link_errors>
   <output_file>progetto.out</output_file>
   <entry_point>
      <name>_c_int00_noargs</name>
      <address>0x1e59</address>
   </entry_point>
   <input_file_list>
      <input_file id="fl-2">
         <path>./</path>
         <kind>object</kind>
         <file>main.obj</file>
         <name>main.obj</name>
      </input_file>
      <input_file id="fl-3">
         <path>./</path>
         <kind>object</kind>
         <file>startup_msp432p401r_ccs.obj</file>
         <name>startup_msp432p401r_ccs.obj</name>
      </input_file>
      <input_file id="fl-4">
         <path>./</path>
         <kind>object</kind>
         <file>system_msp432p401r.obj</file>
         <name>system_msp432p401r.obj</name>
      </input_file>
      <input_file id="fl-5">
         <path>./LcdDriver/</path>
         <kind>object</kind>
         <file>Crystalfontz128x128_ST7735.obj</file>
         <name>Crystalfontz128x128_ST7735.obj</name>
      </input_file>
      <input_file id="fl-6">
         <path>./LcdDriver/</path>
         <kind>object</kind>
         <file>HAL_MSP_EXP432P401R_Crystalfontz128x128_ST7735.obj</file>
         <name>HAL_MSP_EXP432P401R_Crystalfontz128x128_ST7735.obj</name>
      </input_file>
      <input_file id="fl-c">
         <kind>object</kind>
         <file>&lt;internal&gt;</file>
         <name>&lt;internal&gt;</name>
      </input_file>
      <input_file id="fl-c2">
         <path>/home/student/ti/ccs1010/ccs/tools/compiler/ti-cgt-arm_20.2.5.LTS/lib/</path>
         <kind>archive</kind>
         <file>rtsv7M4_T_le_v4SPD16_eabi.lib</file>
         <name>copy_zero_init.c.obj</name>
      </input_file>
      <input_file id="fl-c3">
         <path>/home/student/ti/ccs1010/ccs/tools/compiler/ti-cgt-arm_20.2.5.LTS/lib/</path>
         <kind>archive</kind>
         <file>rtsv7M4_T_le_v4SPD16_eabi.lib</file>
         <name>copy_decompress_none.c.obj</name>
      </input_file>
      <input_file id="fl-c4">
         <path>/home/student/ti/ccs1010/ccs/tools/compiler/ti-cgt-arm_20.2.5.LTS/lib/</path>
         <kind>archive</kind>
         <file>rtsv7M4_T_le_v4SPD16_eabi.lib</file>
         <name>copy_decompress_lzss.c.obj</name>
      </input_file>
      <input_file id="fl-c5">
         <path>/home/student/ti/ccs1010/ccs/tools/compiler/ti-cgt-arm_20.2.5.LTS/lib/</path>
         <kind>archive</kind>
         <file>rtsv7M4_T_le_v4SPD16_eabi.lib</file>
         <name>boot_cortex_m.c.obj</name>
      </input_file>
      <input_file id="fl-c6">
         <path>/home/student/ti/ccs1010/ccs/tools/compiler/ti-cgt-arm_20.2.5.LTS/lib/</path>
         <kind>archive</kind>
         <file>rtsv7M4_T_le_v4SPD16_eabi.lib</file>
         <name>memcpy_t2.asm.obj</name>
      </input_file>
      <input_file id="fl-c7">
         <path>/home/student/ti/ccs1010/ccs/tools/compiler/ti-cgt-arm_20.2.5.LTS/lib/</path>
         <kind>archive</kind>
         <file>rtsv7M4_T_le_v4SPD16_eabi.lib</file>
         <name>memset_t2.asm.obj</name>
      </input_file>
      <input_file id="fl-c8">
         <path>/home/student/ti/ccs1010/ccs/tools/compiler/ti-cgt-arm_20.2.5.LTS/lib/</path>
         <kind>archive</kind>
         <file>rtsv7M4_T_le_v4SPD16_eabi.lib</file>
         <name>autoinit.c.obj</name>
      </input_file>
      <input_file id="fl-c9">
         <path>/home/student/ti/ccs1010/ccs/tools/compiler/ti-cgt-arm_20.2.5.LTS/lib/</path>
         <kind>archive</kind>
         <file>rtsv7M4_T_le_v4SPD16_eabi.lib</file>
         <name>pre_init.c.obj</name>
      </input_file>
      <input_file id="fl-ca">
         <path>/home/student/ti/ccs1010/ccs/tools/compiler/ti-cgt-arm_20.2.5.LTS/lib/</path>
         <kind>archive</kind>
         <file>rtsv7M4_T_le_v4SPD16_eabi.lib</file>
         <name>cpy_tbl.c.obj</name>
      </input_file>
      <input_file id="fl-cb">
         <path>/home/student/ti/ccs1010/ccs/tools/compiler/ti-cgt-arm_20.2.5.LTS/lib/</path>
         <kind>archive</kind>
         <file>rtsv7M4_T_le_v4SPD16_eabi.lib</file>
         <name>exit.c.obj</name>
      </input_file>
      <input_file id="fl-cc">
         <path>/home/student/ti/ccs1010/ccs/tools/compiler/ti-cgt-arm_20.2.5.LTS/lib/</path>
         <kind>archive</kind>
         <file>rtsv7M4_T_le_v4SPD16_eabi.lib</file>
         <name>_lock.c.obj</name>
      </input_file>
      <input_file id="fl-cd">
         <path>/home/student/ti/ccs1010/ccs/tools/compiler/ti-cgt-arm_20.2.5.LTS/lib/</path>
         <kind>archive</kind>
         <file>rtsv7M4_T_le_v4SPD16_eabi.lib</file>
         <name>args_main.c.obj</name>
      </input_file>
      <input_file id="fl-ce">
         <path>/home/student/Downloads/simplelink_msp432p4_sdk_3_40_01_02/simplelink_msp432p4_sdk_3_40_01_02/source/ti/grlib/lib/ccs/m4f/</path>
         <kind>archive</kind>
         <file>grlib.a</file>
         <name>context.obj</name>
      </input_file>
      <input_file id="fl-cf">
         <path>/home/student/Downloads/simplelink_msp432p4_sdk_3_40_01_02/simplelink_msp432p4_sdk_3_40_01_02/source/ti/grlib/lib/ccs/m4f/</path>
         <kind>archive</kind>
         <file>grlib.a</file>
         <name>display.obj</name>
      </input_file>
      <input_file id="fl-d0">
         <path>/home/student/Downloads/simplelink_msp432p4_sdk_3_40_01_02/simplelink_msp432p4_sdk_3_40_01_02/source/ti/grlib/lib/ccs/m4f/</path>
         <kind>archive</kind>
         <file>grlib.a</file>
         <name>fontfixed6x8.obj</name>
      </input_file>
      <input_file id="fl-d1">
         <path>/home/student/Downloads/simplelink_msp432p4_sdk_3_40_01_02/simplelink_msp432p4_sdk_3_40_01_02/source/ti/grlib/lib/ccs/m4f/</path>
         <kind>archive</kind>
         <file>grlib.a</file>
         <name>string.obj</name>
      </input_file>
      <input_file id="fl-d2">
         <path>/home/student/Downloads/simplelink_msp432p4_sdk_3_40_01_02/simplelink_msp432p4_sdk_3_40_01_02/source/ti/grlib/lib/ccs/m4f/</path>
         <kind>archive</kind>
         <file>grlib.a</file>
         <name>line.obj</name>
      </input_file>
      <input_file id="fl-d3">
         <path>/home/student/Downloads/simplelink_msp432p4_sdk_3_40_01_02/simplelink_msp432p4_sdk_3_40_01_02/source/ti/devices/msp432p4xx/driverlib/ccs/</path>
         <kind>archive</kind>
         <file>msp432p4xx_driverlib.lib</file>
         <name>cs.o</name>
      </input_file>
      <input_file id="fl-d4">
         <path>/home/student/Downloads/simplelink_msp432p4_sdk_3_40_01_02/simplelink_msp432p4_sdk_3_40_01_02/source/ti/devices/msp432p4xx/driverlib/ccs/</path>
         <kind>archive</kind>
         <file>msp432p4xx_driverlib.lib</file>
         <name>flash.o</name>
      </input_file>
      <input_file id="fl-d5">
         <path>/home/student/Downloads/simplelink_msp432p4_sdk_3_40_01_02/simplelink_msp432p4_sdk_3_40_01_02/source/ti/devices/msp432p4xx/driverlib/ccs/</path>
         <kind>archive</kind>
         <file>msp432p4xx_driverlib.lib</file>
         <name>gpio.o</name>
      </input_file>
      <input_file id="fl-d6">
         <path>/home/student/Downloads/simplelink_msp432p4_sdk_3_40_01_02/simplelink_msp432p4_sdk_3_40_01_02/source/ti/devices/msp432p4xx/driverlib/ccs/</path>
         <kind>archive</kind>
         <file>msp432p4xx_driverlib.lib</file>
         <name>interrupt.o</name>
      </input_file>
      <input_file id="fl-d7">
         <path>/home/student/Downloads/simplelink_msp432p4_sdk_3_40_01_02/simplelink_msp432p4_sdk_3_40_01_02/source/ti/devices/msp432p4xx/driverlib/ccs/</path>
         <kind>archive</kind>
         <file>msp432p4xx_driverlib.lib</file>
         <name>pcm.o</name>
      </input_file>
      <input_file id="fl-d8">
         <path>/home/student/Downloads/simplelink_msp432p4_sdk_3_40_01_02/simplelink_msp432p4_sdk_3_40_01_02/source/ti/devices/msp432p4xx/driverlib/ccs/</path>
         <kind>archive</kind>
         <file>msp432p4xx_driverlib.lib</file>
         <name>rtc_c.o</name>
      </input_file>
      <input_file id="fl-d9">
         <path>/home/student/Downloads/simplelink_msp432p4_sdk_3_40_01_02/simplelink_msp432p4_sdk_3_40_01_02/source/ti/devices/msp432p4xx/driverlib/ccs/</path>
         <kind>archive</kind>
         <file>msp432p4xx_driverlib.lib</file>
         <name>spi.o</name>
      </input_file>
      <input_file id="fl-da">
         <path>/home/student/Downloads/simplelink_msp432p4_sdk_3_40_01_02/simplelink_msp432p4_sdk_3_40_01_02/source/ti/devices/msp432p4xx/driverlib/ccs/</path>
         <kind>archive</kind>
         <file>msp432p4xx_driverlib.lib</file>
         <name>sysctl.o</name>
      </input_file>
      <input_file id="fl-db">
         <path>/home/student/Downloads/simplelink_msp432p4_sdk_3_40_01_02/simplelink_msp432p4_sdk_3_40_01_02/source/ti/devices/msp432p4xx/driverlib/ccs/</path>
         <kind>archive</kind>
         <file>msp432p4xx_driverlib.lib</file>
         <name>sysctl_a.o</name>
      </input_file>
      <input_file id="fl-dc">
         <path>/home/student/Downloads/simplelink_msp432p4_sdk_3_40_01_02/simplelink_msp432p4_sdk_3_40_01_02/source/ti/devices/msp432p4xx/driverlib/ccs/</path>
         <kind>archive</kind>
         <file>msp432p4xx_driverlib.lib</file>
         <name>wdt_a.o</name>
      </input_file>
      <input_file id="fl-dd">
         <path>/home/student/Downloads/simplelink_msp432p4_sdk_3_40_01_02/simplelink_msp432p4_sdk_3_40_01_02/source/ti/devices/msp432p4xx/driverlib/ccs/</path>
         <kind>archive</kind>
         <file>msp432p4xx_driverlib.lib</file>
         <name>cpu.o</name>
      </input_file>
   </input_file_list>
   <object_component_list>
      <object_component id="oc-26">
         <name>.intvecs:retain</name>
         <load_address>0x0</load_address>
         <run_address>0x0</run_address>
         <size>0xe4</size>
         <input_file_ref idref="fl-3"/>
      </object_component>
      <object_component id="oc-b8">
         <name>.text</name>
         <load_address>0xe4</load_address>
         <run_address>0xe4</run_address>
         <size>0x680</size>
         <input_file_ref idref="fl-5"/>
      </object_component>
      <object_component id="oc-1a2">
         <name>.text:Graphics_drawString</name>
         <load_address>0x764</load_address>
         <run_address>0x764</run_address>
         <size>0x47e</size>
         <input_file_ref idref="fl-d1"/>
      </object_component>
      <object_component id="oc-a5">
         <name>.text</name>
         <load_address>0xbe4</load_address>
         <run_address>0xbe4</run_address>
         <size>0x334</size>
         <input_file_ref idref="fl-4"/>
      </object_component>
      <object_component id="oc-6d">
         <name>.text</name>
         <load_address>0xf18</load_address>
         <run_address>0xf18</run_address>
         <size>0x2a4</size>
         <input_file_ref idref="fl-2"/>
      </object_component>
      <object_component id="oc-31d">
         <name>.text:__PCM_setPowerModeAdvanced</name>
         <load_address>0x11bc</load_address>
         <run_address>0x11bc</run_address>
         <size>0x15c</size>
         <input_file_ref idref="fl-d7"/>
      </object_component>
      <object_component id="oc-f4">
         <name>.text:CS_initClockSignal</name>
         <load_address>0x1318</load_address>
         <run_address>0x1318</run_address>
         <size>0x130</size>
         <input_file_ref idref="fl-d3"/>
      </object_component>
      <object_component id="oc-1e5">
         <name>.text:__PCM_setCoreVoltageLevelAdvanced</name>
         <load_address>0x1448</load_address>
         <run_address>0x1448</run_address>
         <size>0x108</size>
         <input_file_ref idref="fl-d7"/>
      </object_component>
      <object_component id="oc-19c">
         <name>.text:Graphics_getStringWidth</name>
         <load_address>0x1550</load_address>
         <run_address>0x1550</run_address>
         <size>0xfa</size>
         <input_file_ref idref="fl-d1"/>
      </object_component>
      <object_component id="oc-1af">
         <name>.text</name>
         <load_address>0x164c</load_address>
         <run_address>0x164c</run_address>
         <size>0xcc</size>
         <input_file_ref idref="fl-6"/>
      </object_component>
      <object_component id="oc-28c">
         <name>.text:SPI_initMaster</name>
         <load_address>0x1718</load_address>
         <run_address>0x1718</run_address>
         <size>0xb0</size>
         <input_file_ref idref="fl-d9"/>
      </object_component>
      <object_component id="oc-26c">
         <name>.text:Graphics_drawLineH</name>
         <load_address>0x17c8</load_address>
         <run_address>0x17c8</run_address>
         <size>0x9c</size>
         <input_file_ref idref="fl-d2"/>
      </object_component>
      <object_component id="oc-37">
         <name>.text</name>
         <load_address>0x1864</load_address>
         <run_address>0x1864</run_address>
         <size>0x9c</size>
         <input_file_ref idref="fl-c6"/>
      </object_component>
      <object_component id="oc-280">
         <name>.text:GPIO_setAsPeripheralModuleFunctionOutputPin</name>
         <load_address>0x1900</load_address>
         <run_address>0x1900</run_address>
         <size>0x88</size>
         <input_file_ref idref="fl-d5"/>
      </object_component>
      <object_component id="oc-118">
         <name>.text:GPIO_getEnabledInterruptStatus</name>
         <load_address>0x1988</load_address>
         <run_address>0x1988</run_address>
         <size>0x84</size>
         <input_file_ref idref="fl-d5"/>
      </object_component>
      <object_component id="oc-10c">
         <name>.text:Interrupt_enableInterrupt</name>
         <load_address>0x1a0c</load_address>
         <run_address>0x1a0c</run_address>
         <size>0x80</size>
         <input_file_ref idref="fl-d6"/>
      </object_component>
      <object_component id="oc-17">
         <name>.text:decompress:lzss:__TI_decompress_lzss</name>
         <load_address>0x1a8c</load_address>
         <run_address>0x1a8c</run_address>
         <size>0x68</size>
         <input_file_ref idref="fl-c4"/>
      </object_component>
      <object_component id="oc-2b4">
         <name>.text:PCM_getCoreVoltageLevel</name>
         <load_address>0x1af4</load_address>
         <run_address>0x1af4</run_address>
         <size>0x5e</size>
         <input_file_ref idref="fl-d7"/>
      </object_component>
      <object_component id="oc-2ae">
         <name>.text:PCM_getPowerMode</name>
         <load_address>0x1b52</load_address>
         <run_address>0x1b52</run_address>
         <size>0x5a</size>
         <input_file_ref idref="fl-d7"/>
      </object_component>
      <object_component id="oc-fa">
         <name>.text:GPIO_setAsInputPinWithPullUpResistor</name>
         <load_address>0x1bac</load_address>
         <run_address>0x1bac</run_address>
         <size>0x58</size>
         <input_file_ref idref="fl-d5"/>
      </object_component>
      <object_component id="oc-be">
         <name>.text:Graphics_initContext</name>
         <load_address>0x1c04</load_address>
         <run_address>0x1c04</run_address>
         <size>0x52</size>
         <input_file_ref idref="fl-ce"/>
      </object_component>
      <object_component id="oc-e8">
         <name>.text:FlashCtl_setWaitState</name>
         <load_address>0x1c58</load_address>
         <run_address>0x1c58</run_address>
         <size>0x48</size>
         <input_file_ref idref="fl-d4"/>
      </object_component>
      <object_component id="oc-b2">
         <name>.text:Graphics_drawStringCentered</name>
         <load_address>0x1ca0</load_address>
         <run_address>0x1ca0</run_address>
         <size>0x48</size>
         <input_file_ref idref="fl-d1"/>
      </object_component>
      <object_component id="oc-159">
         <name>.text:__TI_auto_init_nobinit_nopinit:__TI_auto_init_nobinit_nopinit</name>
         <load_address>0x1ce8</load_address>
         <run_address>0x1ce8</run_address>
         <size>0x44</size>
         <input_file_ref idref="fl-c8"/>
      </object_component>
      <object_component id="oc-286">
         <name>.text:GPIO_setAsOutputPin</name>
         <load_address>0x1d2c</load_address>
         <run_address>0x1d2c</run_address>
         <size>0x40</size>
         <input_file_ref idref="fl-d5"/>
      </object_component>
      <object_component id="oc-266">
         <name>.text:Graphics_getNumberOfLeadingZeros</name>
         <load_address>0x1d6c</load_address>
         <run_address>0x1d6c</run_address>
         <size>0x40</size>
         <input_file_ref idref="fl-d1"/>
      </object_component>
      <object_component id="oc-302">
         <name>.text:is_A_Module</name>
         <load_address>0x1dac</load_address>
         <run_address>0x1dac</run_address>
         <size>0x40</size>
         <input_file_ref idref="fl-d9"/>
      </object_component>
      <object_component id="oc-2f7">
         <name>.text:Graphics_drawHorizontalLineOnDisplay</name>
         <load_address>0x1dec</load_address>
         <run_address>0x1dec</run_address>
         <size>0x36</size>
         <input_file_ref idref="fl-cf"/>
      </object_component>
      <object_component id="oc-ee">
         <name>.text:CS_setDCOCenteredFrequency</name>
         <load_address>0x1e24</load_address>
         <run_address>0x1e24</run_address>
         <size>0x34</size>
         <input_file_ref idref="fl-d3"/>
      </object_component>
      <object_component id="oc-55">
         <name>.text:_c_int00_noargs:_c_int00_noargs</name>
         <load_address>0x1e58</load_address>
         <run_address>0x1e58</run_address>
         <size>0x34</size>
         <input_file_ref idref="fl-c5"/>
      </object_component>
      <object_component id="oc-272">
         <name>.text:Graphics_drawPixelOnDisplay</name>
         <load_address>0x1e8c</load_address>
         <run_address>0x1e8c</run_address>
         <size>0x2c</size>
         <input_file_ref idref="fl-cf"/>
      </object_component>
      <object_component id="oc-100">
         <name>.text:GPIO_clearInterruptFlag</name>
         <load_address>0x1eb8</load_address>
         <run_address>0x1eb8</run_address>
         <size>0x28</size>
         <input_file_ref idref="fl-d5"/>
      </object_component>
      <object_component id="oc-106">
         <name>.text:GPIO_enableInterrupt</name>
         <load_address>0x1ee0</load_address>
         <run_address>0x1ee0</run_address>
         <size>0x28</size>
         <input_file_ref idref="fl-d5"/>
      </object_component>
      <object_component id="oc-1bb">
         <name>.text:GPIO_setOutputHighOnPin</name>
         <load_address>0x1f08</load_address>
         <run_address>0x1f08</run_address>
         <size>0x28</size>
         <input_file_ref idref="fl-d5"/>
      </object_component>
      <object_component id="oc-1b5">
         <name>.text:GPIO_setOutputLowOnPin</name>
         <load_address>0x1f30</load_address>
         <run_address>0x1f30</run_address>
         <size>0x28</size>
         <input_file_ref idref="fl-d5"/>
      </object_component>
      <object_component id="oc-112">
         <name>.text:PCM_gotoLPM0</name>
         <load_address>0x1f58</load_address>
         <run_address>0x1f58</run_address>
         <size>0x28</size>
         <input_file_ref idref="fl-d7"/>
      </object_component>
      <object_component id="oc-205">
         <name>.text:GPIO_getInterruptStatus</name>
         <load_address>0x1f80</load_address>
         <run_address>0x1f80</run_address>
         <size>0x24</size>
         <input_file_ref idref="fl-d5"/>
      </object_component>
      <object_component id="oc-d6">
         <name>.text:WDT_A_holdTimer</name>
         <load_address>0x1fa4</load_address>
         <run_address>0x1fa4</run_address>
         <size>0x24</size>
         <input_file_ref idref="fl-dc"/>
      </object_component>
      <object_component id="oc-292">
         <name>.text:SPI_enableModule</name>
         <load_address>0x1fc8</load_address>
         <run_address>0x1fc8</run_address>
         <size>0x1c</size>
         <input_file_ref idref="fl-d9"/>
      </object_component>
      <object_component id="oc-43">
         <name>.text:decompress:ZI:__TI_zero_init_nomemset:__TI_zero_init_nomemset</name>
         <load_address>0x1fe4</load_address>
         <run_address>0x1fe4</run_address>
         <size>0x1c</size>
         <input_file_ref idref="fl-c2"/>
      </object_component>
      <object_component id="oc-194">
         <name>.text:Graphics_clearDisplayOnDisplay</name>
         <load_address>0x2000</load_address>
         <run_address>0x2000</run_address>
         <size>0x1a</size>
         <input_file_ref idref="fl-cf"/>
      </object_component>
      <object_component id="oc-ca">
         <name>.text:Graphics_setBackgroundColor</name>
         <load_address>0x201a</load_address>
         <run_address>0x201a</run_address>
         <size>0x1a</size>
         <input_file_ref idref="fl-ce"/>
      </object_component>
      <object_component id="oc-d0">
         <name>.text:Graphics_setFont</name>
         <load_address>0x2034</load_address>
         <run_address>0x2034</run_address>
         <size>0x1a</size>
         <input_file_ref idref="fl-ce"/>
      </object_component>
      <object_component id="oc-30a">
         <name>.text:EUSCI_A_SPI_enable</name>
         <load_address>0x204e</load_address>
         <run_address>0x204e</run_address>
         <size>0x16</size>
         <input_file_ref idref="fl-d9"/>
      </object_component>
      <object_component id="oc-310">
         <name>.text:EUSCI_B_SPI_enable</name>
         <load_address>0x2064</load_address>
         <run_address>0x2064</run_address>
         <size>0x16</size>
         <input_file_ref idref="fl-d9"/>
      </object_component>
      <object_component id="oc-c4">
         <name>.text:Graphics_setForegroundColor</name>
         <load_address>0x207a</load_address>
         <run_address>0x207a</run_address>
         <size>0x16</size>
         <input_file_ref idref="fl-ce"/>
      </object_component>
      <object_component id="oc-1d4">
         <name>.text:Graphics_translateColorOnDisplay</name>
         <load_address>0x2090</load_address>
         <run_address>0x2090</run_address>
         <size>0x16</size>
         <input_file_ref idref="fl-cf"/>
      </object_component>
      <object_component id="oc-2ba">
         <name>.text:PCM_getPowerState</name>
         <load_address>0x20a8</load_address>
         <run_address>0x20a8</run_address>
         <size>0x14</size>
         <input_file_ref idref="fl-d7"/>
      </object_component>
      <object_component id="oc-ac">
         <name>.text:Graphics_clearDisplay</name>
         <load_address>0x20bc</load_address>
         <run_address>0x20bc</run_address>
         <size>0x12</size>
         <input_file_ref idref="fl-ce"/>
      </object_component>
      <object_component id="oc-dc">
         <name>.text:Interrupt_enableMaster</name>
         <load_address>0x20ce</load_address>
         <run_address>0x20ce</run_address>
         <size>0x10</size>
         <input_file_ref idref="fl-d6"/>
      </object_component>
      <object_component id="oc-e2">
         <name>.text:PCM_setCoreVoltageLevel</name>
         <load_address>0x20de</load_address>
         <run_address>0x20de</run_address>
         <size>0x10</size>
         <input_file_ref idref="fl-d7"/>
      </object_component>
      <object_component id="oc-2c0">
         <name>.text:PCM_setPowerMode</name>
         <load_address>0x20ee</load_address>
         <run_address>0x20ee</run_address>
         <size>0x10</size>
         <input_file_ref idref="fl-d7"/>
      </object_component>
      <object_component id="oc-1d">
         <name>.text:decompress:none:__TI_decompress_none</name>
         <load_address>0x20fe</load_address>
         <run_address>0x20fe</run_address>
         <size>0xe</size>
         <input_file_ref idref="fl-c3"/>
      </object_component>
      <object_component id="oc-67">
         <name>.text</name>
         <load_address>0x210c</load_address>
         <run_address>0x210c</run_address>
         <size>0xe</size>
         <input_file_ref idref="fl-3"/>
      </object_component>
      <object_component id="oc-1de">
         <name>.text:CPU_cpsie</name>
         <load_address>0x211a</load_address>
         <run_address>0x211a</run_address>
         <size>0xc</size>
         <input_file_ref idref="fl-dd"/>
      </object_component>
      <object_component id="oc-1fe">
         <name>.text:CPU_wfi</name>
         <load_address>0x2126</load_address>
         <run_address>0x2126</run_address>
         <size>0x4</size>
         <input_file_ref idref="fl-dd"/>
      </object_component>
      <object_component id="oc-93">
         <name>.text:_system_pre_init</name>
         <load_address>0x212a</load_address>
         <run_address>0x212a</run_address>
         <size>0x4</size>
         <input_file_ref idref="fl-c9"/>
      </object_component>
      <object_component id="oc-14d">
         <name>.text:abort:abort</name>
         <load_address>0x212e</load_address>
         <run_address>0x212e</run_address>
         <size>0x4</size>
         <input_file_ref idref="fl-cb"/>
      </object_component>
      <object_component id="oc-228">
         <name>.const:.string:g_pucFontFixed6x8Data</name>
         <load_address>0x2134</load_address>
         <run_address>0x2134</run_address>
         <size>0x2f8</size>
         <input_file_ref idref="fl-d0"/>
      </object_component>
      <object_component id="oc-12a">
         <name>.const:g_sFontFixed6x8</name>
         <load_address>0x242c</load_address>
         <run_address>0x242c</run_address>
         <size>0xc8</size>
         <input_file_ref idref="fl-d0"/>
      </object_component>
      <object_component id="oc-1f4">
         <name>.const:GPIO_PORT_TO_BASE</name>
         <load_address>0x24f4</load_address>
         <run_address>0x24f4</run_address>
         <size>0x30</size>
         <input_file_ref idref="fl-d5"/>
      </object_component>
      <object_component id="oc-127">
         <name>.const:g_sCrystalfontz128x128_funcs</name>
         <load_address>0x2524</load_address>
         <run_address>0x2524</run_address>
         <size>0x20</size>
         <input_file_ref idref="fl-5"/>
      </object_component>
      <object_component id="oc-298">
         <name>.const:$P$T0$1</name>
         <load_address>0x2544</load_address>
         <run_address>0x2544</run_address>
         <size>0x1c</size>
         <input_file_ref idref="fl-6"/>
      </object_component>
      <object_component id="oc-1ca">
         <name>.const:$P$T0$1</name>
         <load_address>0x2560</load_address>
         <run_address>0x2560</run_address>
         <size>0x8</size>
         <input_file_ref idref="fl-5"/>
      </object_component>
      <object_component id="oc-1fa">
         <name>.const:g_pulEnRegs</name>
         <load_address>0x2568</load_address>
         <run_address>0x2568</run_address>
         <size>0x8</size>
         <input_file_ref idref="fl-d6"/>
      </object_component>
      <object_component id="oc-38a">
         <name>.cinit..data.load</name>
         <load_address>0x2570</load_address>
         <run_address>0x2570</run_address>
         <size>0x2f</size>
      </object_component>
      <object_component id="oc-388">
         <name>__TI_handler_table</name>
         <load_address>0x25a0</load_address>
         <run_address>0x25a0</run_address>
         <size>0xc</size>
      </object_component>
      <object_component id="oc-38b">
         <name>.cinit..bss.load</name>
         <load_address>0x25b0</load_address>
         <run_address>0x25b0</run_address>
         <size>0x8</size>
      </object_component>
      <object_component id="oc-389">
         <name>__TI_cinit_table</name>
         <load_address>0x25b8</load_address>
         <run_address>0x25b8</run_address>
         <size>0x10</size>
      </object_component>
      <object_component id="oc-35c">
         <name>.binit</name>
         <load_address>0x0</load_address>
         <run_address>0x0</run_address>
         <size>0x0</size>
      </object_component>
      <object_component id="oc-121">
         <name>.data</name>
         <load_address>0x20000034</load_address>
         <run_address>0x20000034</run_address>
         <size>0x2</size>
         <input_file_ref idref="fl-2"/>
      </object_component>
      <object_component id="oc-12d">
         <name>.data:fsm</name>
         <load_address>0x20000000</load_address>
         <run_address>0x20000000</run_address>
         <size>0x20</size>
         <input_file_ref idref="fl-2"/>
      </object_component>
      <object_component id="oc-18b">
         <name>.data</name>
         <load_address>0x20000030</load_address>
         <run_address>0x20000030</run_address>
         <size>0x4</size>
         <input_file_ref idref="fl-4"/>
      </object_component>
      <object_component id="oc-124">
         <name>.data:g_sCrystalfontz128x128</name>
         <load_address>0x20000020</load_address>
         <run_address>0x20000020</run_address>
         <size>0x10</size>
         <input_file_ref idref="fl-5"/>
      </object_component>
      <object_component id="oc-11e">
         <name>.common:g_sContext</name>
         <uninitialized>true</uninitialized>
         <run_address>0x20000038</run_address>
         <size>0x1c</size>
      </object_component>
      <object_component id="oc-1c9">
         <name>.common:Lcd_Orientation</name>
         <uninitialized>true</uninitialized>
         <run_address>0x2000005c</run_address>
         <size>0x1</size>
      </object_component>
      <object_component id="oc-1c1">
         <name>.common:Lcd_ScreenWidth</name>
         <uninitialized>true</uninitialized>
         <run_address>0x20000056</run_address>
         <size>0x2</size>
      </object_component>
      <object_component id="oc-1c4">
         <name>.common:Lcd_ScreenHeigth</name>
         <uninitialized>true</uninitialized>
         <run_address>0x20000054</run_address>
         <size>0x2</size>
      </object_component>
      <object_component id="oc-1c5">
         <name>.common:Lcd_PenSolid</name>
         <uninitialized>true</uninitialized>
         <run_address>0x2000005d</run_address>
         <size>0x1</size>
      </object_component>
      <object_component id="oc-1c6">
         <name>.common:Lcd_FontSolid</name>
         <uninitialized>true</uninitialized>
         <run_address>0x2000005b</run_address>
         <size>0x1</size>
      </object_component>
      <object_component id="oc-1c7">
         <name>.common:Lcd_FlagRead</name>
         <uninitialized>true</uninitialized>
         <run_address>0x2000005a</run_address>
         <size>0x1</size>
      </object_component>
      <object_component id="oc-1c8">
         <name>.common:Lcd_TouchTrim</name>
         <uninitialized>true</uninitialized>
         <run_address>0x20000058</run_address>
         <size>0x2</size>
      </object_component>
      <object_component id="oc-29">
         <name>.stack</name>
         <uninitialized>true</uninitialized>
         <run_address>0x2000fe00</run_address>
         <size>0x4</size>
         <input_file_ref idref="fl-c5"/>
      </object_component>
      <object_component id="oc-38d">
         <name>.stack</name>
         <uninitialized>true</uninitialized>
         <run_address>0x2000fe00</run_address>
         <size>0x0</size>
      </object_component>
      <object_component id="oc-11f">
         <name>.debug_info</name>
         <load_address>0x0</load_address>
         <run_address>0x0</run_address>
         <size>0xce1</size>
         <input_file_ref idref="fl-2"/>
      </object_component>
      <object_component id="oc-122">
         <name>.debug_info</name>
         <load_address>0xce1</load_address>
         <run_address>0xce1</run_address>
         <size>0xf1</size>
         <input_file_ref idref="fl-2"/>
      </object_component>
      <object_component id="oc-12e">
         <name>.debug_info</name>
         <load_address>0xdd2</load_address>
         <run_address>0xdd2</run_address>
         <size>0xc2</size>
         <input_file_ref idref="fl-2"/>
      </object_component>
      <object_component id="oc-6e">
         <name>.debug_info</name>
         <load_address>0xe94</load_address>
         <run_address>0xe94</run_address>
         <size>0x914</size>
         <input_file_ref idref="fl-2"/>
      </object_component>
      <object_component id="oc-20e">
         <name>.debug_info</name>
         <load_address>0x17a8</load_address>
         <run_address>0x17a8</run_address>
         <size>0xd4</size>
         <input_file_ref idref="fl-2"/>
      </object_component>
      <object_component id="oc-138">
         <name>.debug_info</name>
         <load_address>0x187c</load_address>
         <run_address>0x187c</run_address>
         <size>0x26b</size>
         <input_file_ref idref="fl-2"/>
      </object_component>
      <object_component id="oc-218">
         <name>.debug_info</name>
         <load_address>0x1ae7</load_address>
         <run_address>0x1ae7</run_address>
         <size>0x1055</size>
         <input_file_ref idref="fl-2"/>
      </object_component>
      <object_component id="oc-213">
         <name>.debug_info</name>
         <load_address>0x2b3c</load_address>
         <run_address>0x2b3c</run_address>
         <size>0x37e2</size>
         <input_file_ref idref="fl-2"/>
      </object_component>
      <object_component id="oc-1ce">
         <name>.debug_info</name>
         <load_address>0x631e</load_address>
         <run_address>0x631e</run_address>
         <size>0x439</size>
         <input_file_ref idref="fl-2"/>
      </object_component>
      <object_component id="oc-131">
         <name>.debug_info</name>
         <load_address>0x6757</load_address>
         <run_address>0x6757</run_address>
         <size>0x8b</size>
         <input_file_ref idref="fl-2"/>
      </object_component>
      <object_component id="oc-230">
         <name>.debug_info</name>
         <load_address>0x67e2</load_address>
         <run_address>0x67e2</run_address>
         <size>0x2a4</size>
         <input_file_ref idref="fl-2"/>
      </object_component>
      <object_component id="oc-21d">
         <name>.debug_info</name>
         <load_address>0x6a86</load_address>
         <run_address>0x6a86</run_address>
         <size>0xef</size>
         <input_file_ref idref="fl-2"/>
      </object_component>
      <object_component id="oc-18f">
         <name>.debug_info</name>
         <load_address>0x6b75</load_address>
         <run_address>0x6b75</run_address>
         <size>0xbb</size>
         <input_file_ref idref="fl-2"/>
      </object_component>
      <object_component id="oc-29c">
         <name>.debug_info</name>
         <load_address>0x6c30</load_address>
         <run_address>0x6c30</run_address>
         <size>0x131</size>
         <input_file_ref idref="fl-2"/>
      </object_component>
      <object_component id="oc-75">
         <name>.debug_info</name>
         <load_address>0x6d61</load_address>
         <run_address>0x6d61</run_address>
         <size>0x2c3</size>
         <input_file_ref idref="fl-3"/>
      </object_component>
      <object_component id="oc-27">
         <name>.debug_info</name>
         <load_address>0x7024</load_address>
         <run_address>0x7024</run_address>
         <size>0xef</size>
         <input_file_ref idref="fl-3"/>
      </object_component>
      <object_component id="oc-68">
         <name>.debug_info</name>
         <load_address>0x7113</load_address>
         <run_address>0x7113</run_address>
         <size>0x1b6</size>
         <input_file_ref idref="fl-3"/>
      </object_component>
      <object_component id="oc-32">
         <name>.debug_info</name>
         <load_address>0x72c9</load_address>
         <run_address>0x72c9</run_address>
         <size>0x84</size>
         <input_file_ref idref="fl-3"/>
      </object_component>
      <object_component id="oc-18c">
         <name>.debug_info</name>
         <load_address>0x734d</load_address>
         <run_address>0x734d</run_address>
         <size>0xe8</size>
         <input_file_ref idref="fl-4"/>
      </object_component>
      <object_component id="oc-a6">
         <name>.debug_info</name>
         <load_address>0x7435</load_address>
         <run_address>0x7435</run_address>
         <size>0x25a</size>
         <input_file_ref idref="fl-4"/>
      </object_component>
      <object_component id="oc-1c2">
         <name>.debug_info</name>
         <load_address>0x768f</load_address>
         <run_address>0x768f</run_address>
         <size>0x925</size>
         <input_file_ref idref="fl-5"/>
      </object_component>
      <object_component id="oc-125">
         <name>.debug_info</name>
         <load_address>0x7fb4</load_address>
         <run_address>0x7fb4</run_address>
         <size>0x109</size>
         <input_file_ref idref="fl-5"/>
      </object_component>
      <object_component id="oc-128">
         <name>.debug_info</name>
         <load_address>0x80bd</load_address>
         <run_address>0x80bd</run_address>
         <size>0x115</size>
         <input_file_ref idref="fl-5"/>
      </object_component>
      <object_component id="oc-1cb">
         <name>.debug_info</name>
         <load_address>0x81d2</load_address>
         <run_address>0x81d2</run_address>
         <size>0xea</size>
         <input_file_ref idref="fl-5"/>
      </object_component>
      <object_component id="oc-b9">
         <name>.debug_info</name>
         <load_address>0x82bc</load_address>
         <run_address>0x82bc</run_address>
         <size>0x1518</size>
         <input_file_ref idref="fl-5"/>
      </object_component>
      <object_component id="oc-2a5">
         <name>.debug_info</name>
         <load_address>0x97d4</load_address>
         <run_address>0x97d4</run_address>
         <size>0x37e2</size>
         <input_file_ref idref="fl-5"/>
      </object_component>
      <object_component id="oc-319">
         <name>.debug_info</name>
         <load_address>0xcfb6</load_address>
         <run_address>0xcfb6</run_address>
         <size>0x86b</size>
         <input_file_ref idref="fl-6"/>
      </object_component>
      <object_component id="oc-299">
         <name>.debug_info</name>
         <load_address>0xd821</load_address>
         <run_address>0xd821</run_address>
         <size>0xfd</size>
         <input_file_ref idref="fl-6"/>
      </object_component>
      <object_component id="oc-1b0">
         <name>.debug_info</name>
         <load_address>0xd91e</load_address>
         <run_address>0xd91e</run_address>
         <size>0x597</size>
         <input_file_ref idref="fl-6"/>
      </object_component>
      <object_component id="oc-8c">
         <name>.debug_info</name>
         <load_address>0xdeb5</load_address>
         <run_address>0xdeb5</run_address>
         <size>0x2d4</size>
         <input_file_ref idref="fl-c2"/>
      </object_component>
      <object_component id="oc-46">
         <name>.debug_info</name>
         <load_address>0xe189</load_address>
         <run_address>0xe189</run_address>
         <size>0x1d2</size>
         <input_file_ref idref="fl-c2"/>
      </object_component>
      <object_component id="oc-87">
         <name>.debug_info</name>
         <load_address>0xe35b</load_address>
         <run_address>0xe35b</run_address>
         <size>0x46</size>
         <input_file_ref idref="fl-c2"/>
      </object_component>
      <object_component id="oc-144">
         <name>.debug_info</name>
         <load_address>0xe3a1</load_address>
         <run_address>0xe3a1</run_address>
         <size>0x2c</size>
         <input_file_ref idref="fl-c2"/>
      </object_component>
      <object_component id="oc-42">
         <name>.debug_info</name>
         <load_address>0xe3cd</load_address>
         <run_address>0xe3cd</run_address>
         <size>0x2a8</size>
         <input_file_ref idref="fl-c3"/>
      </object_component>
      <object_component id="oc-1e">
         <name>.debug_info</name>
         <load_address>0xe675</load_address>
         <run_address>0xe675</run_address>
         <size>0x1ea</size>
         <input_file_ref idref="fl-c3"/>
      </object_component>
      <object_component id="oc-3d">
         <name>.debug_info</name>
         <load_address>0xe85f</load_address>
         <run_address>0xe85f</run_address>
         <size>0x46</size>
         <input_file_ref idref="fl-c3"/>
      </object_component>
      <object_component id="oc-7f">
         <name>.debug_info</name>
         <load_address>0xe8a5</load_address>
         <run_address>0xe8a5</run_address>
         <size>0x2c</size>
         <input_file_ref idref="fl-c3"/>
      </object_component>
      <object_component id="oc-7d">
         <name>.debug_info</name>
         <load_address>0xe8d1</load_address>
         <run_address>0xe8d1</run_address>
         <size>0x29e</size>
         <input_file_ref idref="fl-c4"/>
      </object_component>
      <object_component id="oc-18">
         <name>.debug_info</name>
         <load_address>0xeb6f</load_address>
         <run_address>0xeb6f</run_address>
         <size>0x250</size>
         <input_file_ref idref="fl-c4"/>
      </object_component>
      <object_component id="oc-2d">
         <name>.debug_info</name>
         <load_address>0xedbf</load_address>
         <run_address>0xedbf</run_address>
         <size>0x60</size>
         <input_file_ref idref="fl-c4"/>
      </object_component>
      <object_component id="oc-13d">
         <name>.debug_info</name>
         <load_address>0xee1f</load_address>
         <run_address>0xee1f</run_address>
         <size>0x46</size>
         <input_file_ref idref="fl-c4"/>
      </object_component>
      <object_component id="oc-78">
         <name>.debug_info</name>
         <load_address>0xee65</load_address>
         <run_address>0xee65</run_address>
         <size>0x39</size>
         <input_file_ref idref="fl-c4"/>
      </object_component>
      <object_component id="oc-2a">
         <name>.debug_info</name>
         <load_address>0xee9e</load_address>
         <run_address>0xee9e</run_address>
         <size>0x10b</size>
         <input_file_ref idref="fl-c5"/>
      </object_component>
      <object_component id="oc-56">
         <name>.debug_info</name>
         <load_address>0xefa9</load_address>
         <run_address>0xefa9</run_address>
         <size>0x1a9</size>
         <input_file_ref idref="fl-c5"/>
      </object_component>
      <object_component id="oc-38">
         <name>.debug_info</name>
         <load_address>0xf152</load_address>
         <run_address>0xf152</run_address>
         <size>0x119</size>
         <input_file_ref idref="fl-c6"/>
      </object_component>
      <object_component id="oc-240">
         <name>.debug_info</name>
         <load_address>0xf26b</load_address>
         <run_address>0xf26b</run_address>
         <size>0x4b3</size>
         <input_file_ref idref="fl-c8"/>
      </object_component>
      <object_component id="oc-15a">
         <name>.debug_info</name>
         <load_address>0xf71e</load_address>
         <run_address>0xf71e</run_address>
         <size>0x1a6</size>
         <input_file_ref idref="fl-c8"/>
      </object_component>
      <object_component id="oc-2e3">
         <name>.debug_info</name>
         <load_address>0xf8c4</load_address>
         <run_address>0xf8c4</run_address>
         <size>0x39</size>
         <input_file_ref idref="fl-c8"/>
      </object_component>
      <object_component id="oc-335">
         <name>.debug_info</name>
         <load_address>0xf8fd</load_address>
         <run_address>0xf8fd</run_address>
         <size>0x39</size>
         <input_file_ref idref="fl-c8"/>
      </object_component>
      <object_component id="oc-2e8">
         <name>.debug_info</name>
         <load_address>0xf936</load_address>
         <run_address>0xf936</run_address>
         <size>0x39</size>
         <input_file_ref idref="fl-c8"/>
      </object_component>
      <object_component id="oc-2ed">
         <name>.debug_info</name>
         <load_address>0xf96f</load_address>
         <run_address>0xf96f</run_address>
         <size>0xcd</size>
         <input_file_ref idref="fl-c8"/>
      </object_component>
      <object_component id="oc-94">
         <name>.debug_info</name>
         <load_address>0xfa3c</load_address>
         <run_address>0xfa3c</run_address>
         <size>0x153</size>
         <input_file_ref idref="fl-c9"/>
      </object_component>
      <object_component id="oc-14e">
         <name>.debug_info</name>
         <load_address>0xfb8f</load_address>
         <run_address>0xfb8f</run_address>
         <size>0x122</size>
         <input_file_ref idref="fl-cb"/>
      </object_component>
      <object_component id="oc-19b">
         <name>.debug_info</name>
         <load_address>0xfcb1</load_address>
         <run_address>0xfcb1</run_address>
         <size>0x561</size>
         <input_file_ref idref="fl-ce"/>
      </object_component>
      <object_component id="oc-bf">
         <name>.debug_info</name>
         <load_address>0x10212</load_address>
         <run_address>0x10212</run_address>
         <size>0x1ef</size>
         <input_file_ref idref="fl-ce"/>
      </object_component>
      <object_component id="oc-cb">
         <name>.debug_info</name>
         <load_address>0x10401</load_address>
         <run_address>0x10401</run_address>
         <size>0x203</size>
         <input_file_ref idref="fl-ce"/>
      </object_component>
      <object_component id="oc-d1">
         <name>.debug_info</name>
         <load_address>0x10604</load_address>
         <run_address>0x10604</run_address>
         <size>0x1d0</size>
         <input_file_ref idref="fl-ce"/>
      </object_component>
      <object_component id="oc-c5">
         <name>.debug_info</name>
         <load_address>0x107d4</load_address>
         <run_address>0x107d4</run_address>
         <size>0x1f6</size>
         <input_file_ref idref="fl-ce"/>
      </object_component>
      <object_component id="oc-ad">
         <name>.debug_info</name>
         <load_address>0x109ca</load_address>
         <run_address>0x109ca</run_address>
         <size>0x1c3</size>
         <input_file_ref idref="fl-ce"/>
      </object_component>
      <object_component id="oc-260">
         <name>.debug_info</name>
         <load_address>0x10b8d</load_address>
         <run_address>0x10b8d</run_address>
         <size>0x26b</size>
         <input_file_ref idref="fl-ce"/>
      </object_component>
      <object_component id="oc-25b">
         <name>.debug_info</name>
         <load_address>0x10df8</load_address>
         <run_address>0x10df8</run_address>
         <size>0x439</size>
         <input_file_ref idref="fl-ce"/>
      </object_component>
      <object_component id="oc-27b">
         <name>.debug_info</name>
         <load_address>0x11231</load_address>
         <run_address>0x11231</run_address>
         <size>0x297</size>
         <input_file_ref idref="fl-ce"/>
      </object_component>
      <object_component id="oc-1ec">
         <name>.debug_info</name>
         <load_address>0x114c8</load_address>
         <run_address>0x114c8</run_address>
         <size>0xef</size>
         <input_file_ref idref="fl-ce"/>
      </object_component>
      <object_component id="oc-1aa">
         <name>.debug_info</name>
         <load_address>0x115b7</load_address>
         <run_address>0x115b7</run_address>
         <size>0xbb</size>
         <input_file_ref idref="fl-ce"/>
      </object_component>
      <object_component id="oc-258">
         <name>.debug_info</name>
         <load_address>0x11672</load_address>
         <run_address>0x11672</run_address>
         <size>0x3fb</size>
         <input_file_ref idref="fl-cf"/>
      </object_component>
      <object_component id="oc-273">
         <name>.debug_info</name>
         <load_address>0x11a6d</load_address>
         <run_address>0x11a6d</run_address>
         <size>0x203</size>
         <input_file_ref idref="fl-cf"/>
      </object_component>
      <object_component id="oc-2f8">
         <name>.debug_info</name>
         <load_address>0x11c70</load_address>
         <run_address>0x11c70</run_address>
         <size>0x221</size>
         <input_file_ref idref="fl-cf"/>
      </object_component>
      <object_component id="oc-1d5">
         <name>.debug_info</name>
         <load_address>0x11e91</load_address>
         <run_address>0x11e91</run_address>
         <size>0x1e3</size>
         <input_file_ref idref="fl-cf"/>
      </object_component>
      <object_component id="oc-195">
         <name>.debug_info</name>
         <load_address>0x12074</load_address>
         <run_address>0x12074</run_address>
         <size>0x1db</size>
         <input_file_ref idref="fl-cf"/>
      </object_component>
      <object_component id="oc-22d">
         <name>.debug_info</name>
         <load_address>0x1224f</load_address>
         <run_address>0x1224f</run_address>
         <size>0x27c</size>
         <input_file_ref idref="fl-d0"/>
      </object_component>
      <object_component id="oc-229">
         <name>.debug_info</name>
         <load_address>0x124cb</load_address>
         <run_address>0x124cb</run_address>
         <size>0x13a</size>
         <input_file_ref idref="fl-d0"/>
      </object_component>
      <object_component id="oc-12b">
         <name>.debug_info</name>
         <load_address>0x12605</load_address>
         <run_address>0x12605</run_address>
         <size>0x12f</size>
         <input_file_ref idref="fl-d0"/>
      </object_component>
      <object_component id="oc-1a9">
         <name>.debug_info</name>
         <load_address>0x12734</load_address>
         <run_address>0x12734</run_address>
         <size>0x4ba</size>
         <input_file_ref idref="fl-d1"/>
      </object_component>
      <object_component id="oc-267">
         <name>.debug_info</name>
         <load_address>0x12bee</load_address>
         <run_address>0x12bee</run_address>
         <size>0x1c5</size>
         <input_file_ref idref="fl-d1"/>
      </object_component>
      <object_component id="oc-19d">
         <name>.debug_info</name>
         <load_address>0x12db3</load_address>
         <run_address>0x12db3</run_address>
         <size>0x28e</size>
         <input_file_ref idref="fl-d1"/>
      </object_component>
      <object_component id="oc-1a3">
         <name>.debug_info</name>
         <load_address>0x13041</load_address>
         <run_address>0x13041</run_address>
         <size>0x42a</size>
         <input_file_ref idref="fl-d1"/>
      </object_component>
      <object_component id="oc-b3">
         <name>.debug_info</name>
         <load_address>0x1346b</load_address>
         <run_address>0x1346b</run_address>
         <size>0x26e</size>
         <input_file_ref idref="fl-d1"/>
      </object_component>
      <object_component id="oc-2fe">
         <name>.debug_info</name>
         <load_address>0x136d9</load_address>
         <run_address>0x136d9</run_address>
         <size>0x53b</size>
         <input_file_ref idref="fl-d2"/>
      </object_component>
      <object_component id="oc-26d">
         <name>.debug_info</name>
         <load_address>0x13c14</load_address>
         <run_address>0x13c14</run_address>
         <size>0x216</size>
         <input_file_ref idref="fl-d2"/>
      </object_component>
      <object_component id="oc-351">
         <name>.debug_info</name>
         <load_address>0x13e2a</load_address>
         <run_address>0x13e2a</run_address>
         <size>0x807</size>
         <input_file_ref idref="fl-d3"/>
      </object_component>
      <object_component id="oc-f5">
         <name>.debug_info</name>
         <load_address>0x14631</load_address>
         <run_address>0x14631</run_address>
         <size>0x29d</size>
         <input_file_ref idref="fl-d3"/>
      </object_component>
      <object_component id="oc-ef">
         <name>.debug_info</name>
         <load_address>0x148ce</load_address>
         <run_address>0x148ce</run_address>
         <size>0x1e5</size>
         <input_file_ref idref="fl-d3"/>
      </object_component>
      <object_component id="oc-326">
         <name>.debug_info</name>
         <load_address>0x14ab3</load_address>
         <run_address>0x14ab3</run_address>
         <size>0x431a</size>
         <input_file_ref idref="fl-d3"/>
      </object_component>
      <object_component id="oc-354">
         <name>.debug_info</name>
         <load_address>0x18dcd</load_address>
         <run_address>0x18dcd</run_address>
         <size>0x1b5</size>
         <input_file_ref idref="fl-d3"/>
      </object_component>
      <object_component id="oc-32b">
         <name>.debug_info</name>
         <load_address>0x18f82</load_address>
         <run_address>0x18f82</run_address>
         <size>0x1028</size>
         <input_file_ref idref="fl-d3"/>
      </object_component>
      <object_component id="oc-e9">
         <name>.debug_info</name>
         <load_address>0x19faa</load_address>
         <run_address>0x19faa</run_address>
         <size>0x224</size>
         <input_file_ref idref="fl-d4"/>
      </object_component>
      <object_component id="oc-2c9">
         <name>.debug_info</name>
         <load_address>0x1a1ce</load_address>
         <run_address>0x1a1ce</run_address>
         <size>0x701</size>
         <input_file_ref idref="fl-d5"/>
      </object_component>
      <object_component id="oc-1f5">
         <name>.debug_info</name>
         <load_address>0x1a8cf</load_address>
         <run_address>0x1a8cf</run_address>
         <size>0x135</size>
         <input_file_ref idref="fl-d5"/>
      </object_component>
      <object_component id="oc-287">
         <name>.debug_info</name>
         <load_address>0x1aa04</load_address>
         <run_address>0x1aa04</run_address>
         <size>0x252</size>
         <input_file_ref idref="fl-d5"/>
      </object_component>
      <object_component id="oc-281">
         <name>.debug_info</name>
         <load_address>0x1ac56</load_address>
         <run_address>0x1ac56</run_address>
         <size>0x2a5</size>
         <input_file_ref idref="fl-d5"/>
      </object_component>
      <object_component id="oc-1bc">
         <name>.debug_info</name>
         <load_address>0x1aefb</load_address>
         <run_address>0x1aefb</run_address>
         <size>0x25a</size>
         <input_file_ref idref="fl-d5"/>
      </object_component>
      <object_component id="oc-1b6">
         <name>.debug_info</name>
         <load_address>0x1b155</load_address>
         <run_address>0x1b155</run_address>
         <size>0x258</size>
         <input_file_ref idref="fl-d5"/>
      </object_component>
      <object_component id="oc-fb">
         <name>.debug_info</name>
         <load_address>0x1b3ad</load_address>
         <run_address>0x1b3ad</run_address>
         <size>0x274</size>
         <input_file_ref idref="fl-d5"/>
      </object_component>
      <object_component id="oc-107">
         <name>.debug_info</name>
         <load_address>0x1b621</load_address>
         <run_address>0x1b621</run_address>
         <size>0x254</size>
         <input_file_ref idref="fl-d5"/>
      </object_component>
      <object_component id="oc-206">
         <name>.debug_info</name>
         <load_address>0x1b875</load_address>
         <run_address>0x1b875</run_address>
         <size>0x25e</size>
         <input_file_ref idref="fl-d5"/>
      </object_component>
      <object_component id="oc-101">
         <name>.debug_info</name>
         <load_address>0x1bad3</load_address>
         <run_address>0x1bad3</run_address>
         <size>0x25a</size>
         <input_file_ref idref="fl-d5"/>
      </object_component>
      <object_component id="oc-119">
         <name>.debug_info</name>
         <load_address>0x1bd2d</load_address>
         <run_address>0x1bd2d</run_address>
         <size>0x264</size>
         <input_file_ref idref="fl-d5"/>
      </object_component>
      <object_component id="oc-2cc">
         <name>.debug_info</name>
         <load_address>0x1bf91</load_address>
         <run_address>0x1bf91</run_address>
         <size>0x68f</size>
         <input_file_ref idref="fl-d6"/>
      </object_component>
      <object_component id="oc-1fb">
         <name>.debug_info</name>
         <load_address>0x1c620</load_address>
         <run_address>0x1c620</run_address>
         <size>0x12e</size>
         <input_file_ref idref="fl-d6"/>
      </object_component>
      <object_component id="oc-dd">
         <name>.debug_info</name>
         <load_address>0x1c74e</load_address>
         <run_address>0x1c74e</run_address>
         <size>0x1d5</size>
         <input_file_ref idref="fl-d6"/>
      </object_component>
      <object_component id="oc-10d">
         <name>.debug_info</name>
         <load_address>0x1c923</load_address>
         <run_address>0x1c923</run_address>
         <size>0x219</size>
         <input_file_ref idref="fl-d6"/>
      </object_component>
      <object_component id="oc-1e6">
         <name>.debug_info</name>
         <load_address>0x1cb3c</load_address>
         <run_address>0x1cb3c</run_address>
         <size>0x3a5</size>
         <input_file_ref idref="fl-d7"/>
      </object_component>
      <object_component id="oc-e3">
         <name>.debug_info</name>
         <load_address>0x1cee1</load_address>
         <run_address>0x1cee1</run_address>
         <size>0x220</size>
         <input_file_ref idref="fl-d7"/>
      </object_component>
      <object_component id="oc-2af">
         <name>.debug_info</name>
         <load_address>0x1d101</load_address>
         <run_address>0x1d101</run_address>
         <size>0x1eb</size>
         <input_file_ref idref="fl-d7"/>
      </object_component>
      <object_component id="oc-2b5">
         <name>.debug_info</name>
         <load_address>0x1d2ec</load_address>
         <run_address>0x1d2ec</run_address>
         <size>0x1f9</size>
         <input_file_ref idref="fl-d7"/>
      </object_component>
      <object_component id="oc-31e">
         <name>.debug_info</name>
         <load_address>0x1d4e5</load_address>
         <run_address>0x1d4e5</run_address>
         <size>0x346</size>
         <input_file_ref idref="fl-d7"/>
      </object_component>
      <object_component id="oc-2c1">
         <name>.debug_info</name>
         <load_address>0x1d82b</load_address>
         <run_address>0x1d82b</run_address>
         <size>0x202</size>
         <input_file_ref idref="fl-d7"/>
      </object_component>
      <object_component id="oc-113">
         <name>.debug_info</name>
         <load_address>0x1da2d</load_address>
         <run_address>0x1da2d</run_address>
         <size>0x1b0</size>
         <input_file_ref idref="fl-d7"/>
      </object_component>
      <object_component id="oc-2bb">
         <name>.debug_info</name>
         <load_address>0x1dbdd</load_address>
         <run_address>0x1dbdd</run_address>
         <size>0x1ac</size>
         <input_file_ref idref="fl-d7"/>
      </object_component>
      <object_component id="oc-309">
         <name>.debug_info</name>
         <load_address>0x1dd89</load_address>
         <run_address>0x1dd89</run_address>
         <size>0x6f5</size>
         <input_file_ref idref="fl-d9"/>
      </object_component>
      <object_component id="oc-303">
         <name>.debug_info</name>
         <load_address>0x1e47e</load_address>
         <run_address>0x1e47e</run_address>
         <size>0x1c7</size>
         <input_file_ref idref="fl-d9"/>
      </object_component>
      <object_component id="oc-28d">
         <name>.debug_info</name>
         <load_address>0x1e645</load_address>
         <run_address>0x1e645</run_address>
         <size>0x22b</size>
         <input_file_ref idref="fl-d9"/>
      </object_component>
      <object_component id="oc-293">
         <name>.debug_info</name>
         <load_address>0x1e870</load_address>
         <run_address>0x1e870</run_address>
         <size>0x235</size>
         <input_file_ref idref="fl-d9"/>
      </object_component>
      <object_component id="oc-311">
         <name>.debug_info</name>
         <load_address>0x1eaa5</load_address>
         <run_address>0x1eaa5</run_address>
         <size>0x1e9</size>
         <input_file_ref idref="fl-d9"/>
      </object_component>
      <object_component id="oc-30b">
         <name>.debug_info</name>
         <load_address>0x1ec8e</load_address>
         <run_address>0x1ec8e</run_address>
         <size>0x1e9</size>
         <input_file_ref idref="fl-d9"/>
      </object_component>
      <object_component id="oc-347">
         <name>.debug_info</name>
         <load_address>0x1ee77</load_address>
         <run_address>0x1ee77</run_address>
         <size>0x131</size>
         <input_file_ref idref="fl-d9"/>
      </object_component>
      <object_component id="oc-d7">
         <name>.debug_info</name>
         <load_address>0x1efa8</load_address>
         <run_address>0x1efa8</run_address>
         <size>0x1c9</size>
         <input_file_ref idref="fl-dc"/>
      </object_component>
      <object_component id="oc-1e0">
         <name>.debug_info</name>
         <load_address>0x1f171</load_address>
         <run_address>0x1f171</run_address>
         <size>0x19a</size>
         <input_file_ref idref="fl-dd"/>
      </object_component>
      <object_component id="oc-200">
         <name>.debug_info</name>
         <load_address>0x1f30b</load_address>
         <run_address>0x1f30b</run_address>
         <size>0x194</size>
         <input_file_ref idref="fl-dd"/>
      </object_component>
      <object_component id="oc-38e">
         <name>.debug_info</name>
         <load_address>0x1f49f</load_address>
         <run_address>0x1f49f</run_address>
         <size>0x9b</size>
      </object_component>
      <object_component id="oc-20d">
         <name>.debug_line</name>
         <load_address>0x0</load_address>
         <run_address>0x0</run_address>
         <size>0x431</size>
         <input_file_ref idref="fl-2"/>
      </object_component>
      <object_component id="oc-223">
         <name>.debug_line</name>
         <load_address>0x431</load_address>
         <run_address>0x431</run_address>
         <size>0x2d</size>
         <input_file_ref idref="fl-2"/>
      </object_component>
      <object_component id="oc-22f">
         <name>.debug_line</name>
         <load_address>0x45e</load_address>
         <run_address>0x45e</run_address>
         <size>0x2d</size>
         <input_file_ref idref="fl-2"/>
      </object_component>
      <object_component id="oc-71">
         <name>.debug_line</name>
         <load_address>0x48b</load_address>
         <run_address>0x48b</run_address>
         <size>0x1a8</size>
         <input_file_ref idref="fl-2"/>
      </object_component>
      <object_component id="oc-211">
         <name>.debug_line</name>
         <load_address>0x633</load_address>
         <run_address>0x633</run_address>
         <size>0x30</size>
         <input_file_ref idref="fl-2"/>
      </object_component>
      <object_component id="oc-13b">
         <name>.debug_line</name>
         <load_address>0x663</load_address>
         <run_address>0x663</run_address>
         <size>0x7a</size>
         <input_file_ref idref="fl-2"/>
      </object_component>
      <object_component id="oc-21b">
         <name>.debug_line</name>
         <load_address>0x6dd</load_address>
         <run_address>0x6dd</run_address>
         <size>0x66</size>
         <input_file_ref idref="fl-2"/>
      </object_component>
      <object_component id="oc-216">
         <name>.debug_line</name>
         <load_address>0x743</load_address>
         <run_address>0x743</run_address>
         <size>0xb0</size>
         <input_file_ref idref="fl-2"/>
      </object_component>
      <object_component id="oc-1d1">
         <name>.debug_line</name>
         <load_address>0x7f3</load_address>
         <run_address>0x7f3</run_address>
         <size>0x99</size>
         <input_file_ref idref="fl-2"/>
      </object_component>
      <object_component id="oc-134">
         <name>.debug_line</name>
         <load_address>0x88c</load_address>
         <run_address>0x88c</run_address>
         <size>0x20</size>
         <input_file_ref idref="fl-2"/>
      </object_component>
      <object_component id="oc-233">
         <name>.debug_line</name>
         <load_address>0x8ac</load_address>
         <run_address>0x8ac</run_address>
         <size>0x7e</size>
         <input_file_ref idref="fl-2"/>
      </object_component>
      <object_component id="oc-220">
         <name>.debug_line</name>
         <load_address>0x92a</load_address>
         <run_address>0x92a</run_address>
         <size>0x7a</size>
         <input_file_ref idref="fl-2"/>
      </object_component>
      <object_component id="oc-192">
         <name>.debug_line</name>
         <load_address>0x9a4</load_address>
         <run_address>0x9a4</run_address>
         <size>0x7b</size>
         <input_file_ref idref="fl-2"/>
      </object_component>
      <object_component id="oc-29f">
         <name>.debug_line</name>
         <load_address>0xa1f</load_address>
         <run_address>0xa1f</run_address>
         <size>0xae</size>
         <input_file_ref idref="fl-2"/>
      </object_component>
      <object_component id="oc-137">
         <name>.debug_line</name>
         <load_address>0xacd</load_address>
         <run_address>0xacd</run_address>
         <size>0x40</size>
         <input_file_ref idref="fl-3"/>
      </object_component>
      <object_component id="oc-74">
         <name>.debug_line</name>
         <load_address>0xb0d</load_address>
         <run_address>0xb0d</run_address>
         <size>0x40</size>
         <input_file_ref idref="fl-3"/>
      </object_component>
      <object_component id="oc-6b">
         <name>.debug_line</name>
         <load_address>0xb4d</load_address>
         <run_address>0xb4d</run_address>
         <size>0x71</size>
         <input_file_ref idref="fl-3"/>
      </object_component>
      <object_component id="oc-35">
         <name>.debug_line</name>
         <load_address>0xbbe</load_address>
         <run_address>0xbbe</run_address>
         <size>0x20</size>
         <input_file_ref idref="fl-3"/>
      </object_component>
      <object_component id="oc-256">
         <name>.debug_line</name>
         <load_address>0xbde</load_address>
         <run_address>0xbde</run_address>
         <size>0x3b</size>
         <input_file_ref idref="fl-4"/>
      </object_component>
      <object_component id="oc-a9">
         <name>.debug_line</name>
         <load_address>0xc19</load_address>
         <run_address>0xc19</run_address>
         <size>0x134</size>
         <input_file_ref idref="fl-4"/>
      </object_component>
      <object_component id="oc-2a4">
         <name>.debug_line</name>
         <load_address>0xd4d</load_address>
         <run_address>0xd4d</run_address>
         <size>0x11d</size>
         <input_file_ref idref="fl-5"/>
      </object_component>
      <object_component id="oc-225">
         <name>.debug_line</name>
         <load_address>0xe6a</load_address>
         <run_address>0xe6a</run_address>
         <size>0x4d</size>
         <input_file_ref idref="fl-5"/>
      </object_component>
      <object_component id="oc-227">
         <name>.debug_line</name>
         <load_address>0xeb7</load_address>
         <run_address>0xeb7</run_address>
         <size>0x4d</size>
         <input_file_ref idref="fl-5"/>
      </object_component>
      <object_component id="oc-2ab">
         <name>.debug_line</name>
         <load_address>0xf04</load_address>
         <run_address>0xf04</run_address>
         <size>0x4d</size>
         <input_file_ref idref="fl-5"/>
      </object_component>
      <object_component id="oc-bc">
         <name>.debug_line</name>
         <load_address>0xf51</load_address>
         <run_address>0xf51</run_address>
         <size>0x38c</size>
         <input_file_ref idref="fl-5"/>
      </object_component>
      <object_component id="oc-2a8">
         <name>.debug_line</name>
         <load_address>0x12dd</load_address>
         <run_address>0x12dd</run_address>
         <size>0xb0</size>
         <input_file_ref idref="fl-5"/>
      </object_component>
      <object_component id="oc-34f">
         <name>.debug_line</name>
         <load_address>0x138d</load_address>
         <run_address>0x138d</run_address>
         <size>0x13d</size>
         <input_file_ref idref="fl-6"/>
      </object_component>
      <object_component id="oc-318">
         <name>.debug_line</name>
         <load_address>0x14ca</load_address>
         <run_address>0x14ca</run_address>
         <size>0x61</size>
         <input_file_ref idref="fl-6"/>
      </object_component>
      <object_component id="oc-1b3">
         <name>.debug_line</name>
         <load_address>0x152b</load_address>
         <run_address>0x152b</run_address>
         <size>0xd8</size>
         <input_file_ref idref="fl-6"/>
      </object_component>
      <object_component id="oc-14a">
         <name>.debug_line</name>
         <load_address>0x1603</load_address>
         <run_address>0x1603</run_address>
         <size>0x92</size>
         <input_file_ref idref="fl-c2"/>
      </object_component>
      <object_component id="oc-45">
         <name>.debug_line</name>
         <load_address>0x1695</load_address>
         <run_address>0x1695</run_address>
         <size>0x56</size>
         <input_file_ref idref="fl-c2"/>
      </object_component>
      <object_component id="oc-8a">
         <name>.debug_line</name>
         <load_address>0x16eb</load_address>
         <run_address>0x16eb</run_address>
         <size>0x34</size>
         <input_file_ref idref="fl-c2"/>
      </object_component>
      <object_component id="oc-147">
         <name>.debug_line</name>
         <load_address>0x171f</load_address>
         <run_address>0x171f</run_address>
         <size>0x92</size>
         <input_file_ref idref="fl-c2"/>
      </object_component>
      <object_component id="oc-85">
         <name>.debug_line</name>
         <load_address>0x17b1</load_address>
         <run_address>0x17b1</run_address>
         <size>0x20</size>
         <input_file_ref idref="fl-c3"/>
      </object_component>
      <object_component id="oc-21">
         <name>.debug_line</name>
         <load_address>0x17d1</load_address>
         <run_address>0x17d1</run_address>
         <size>0x55</size>
         <input_file_ref idref="fl-c3"/>
      </object_component>
      <object_component id="oc-40">
         <name>.debug_line</name>
         <load_address>0x1826</load_address>
         <run_address>0x1826</run_address>
         <size>0x3a</size>
         <input_file_ref idref="fl-c3"/>
      </object_component>
      <object_component id="oc-82">
         <name>.debug_line</name>
         <load_address>0x1860</load_address>
         <run_address>0x1860</run_address>
         <size>0x92</size>
         <input_file_ref idref="fl-c3"/>
      </object_component>
      <object_component id="oc-143">
         <name>.debug_line</name>
         <load_address>0x18f2</load_address>
         <run_address>0x18f2</run_address>
         <size>0x20</size>
         <input_file_ref idref="fl-c4"/>
      </object_component>
      <object_component id="oc-1b">
         <name>.debug_line</name>
         <load_address>0x1912</load_address>
         <run_address>0x1912</run_address>
         <size>0xa9</size>
         <input_file_ref idref="fl-c4"/>
      </object_component>
      <object_component id="oc-30">
         <name>.debug_line</name>
         <load_address>0x19bb</load_address>
         <run_address>0x19bb</run_address>
         <size>0x3a</size>
         <input_file_ref idref="fl-c4"/>
      </object_component>
      <object_component id="oc-140">
         <name>.debug_line</name>
         <load_address>0x19f5</load_address>
         <run_address>0x19f5</run_address>
         <size>0x9a</size>
         <input_file_ref idref="fl-c4"/>
      </object_component>
      <object_component id="oc-7b">
         <name>.debug_line</name>
         <load_address>0x1a8f</load_address>
         <run_address>0x1a8f</run_address>
         <size>0x96</size>
         <input_file_ref idref="fl-c4"/>
      </object_component>
      <object_component id="oc-77">
         <name>.debug_line</name>
         <load_address>0x1b25</load_address>
         <run_address>0x1b25</run_address>
         <size>0x33</size>
         <input_file_ref idref="fl-c5"/>
      </object_component>
      <object_component id="oc-59">
         <name>.debug_line</name>
         <load_address>0x1b58</load_address>
         <run_address>0x1b58</run_address>
         <size>0x45</size>
         <input_file_ref idref="fl-c5"/>
      </object_component>
      <object_component id="oc-3b">
         <name>.debug_line</name>
         <load_address>0x1b9d</load_address>
         <run_address>0x1b9d</run_address>
         <size>0x88</size>
         <input_file_ref idref="fl-c6"/>
      </object_component>
      <object_component id="oc-2e2">
         <name>.debug_line</name>
         <load_address>0x1c25</load_address>
         <run_address>0x1c25</run_address>
         <size>0xbf</size>
         <input_file_ref idref="fl-c8"/>
      </object_component>
      <object_component id="oc-15d">
         <name>.debug_line</name>
         <load_address>0x1ce4</load_address>
         <run_address>0x1ce4</run_address>
         <size>0x6f</size>
         <input_file_ref idref="fl-c8"/>
      </object_component>
      <object_component id="oc-2e6">
         <name>.debug_line</name>
         <load_address>0x1d53</load_address>
         <run_address>0x1d53</run_address>
         <size>0x2e</size>
         <input_file_ref idref="fl-c8"/>
      </object_component>
      <object_component id="oc-338">
         <name>.debug_line</name>
         <load_address>0x1d81</load_address>
         <run_address>0x1d81</run_address>
         <size>0x9a</size>
         <input_file_ref idref="fl-c8"/>
      </object_component>
      <object_component id="oc-2eb">
         <name>.debug_line</name>
         <load_address>0x1e1b</load_address>
         <run_address>0x1e1b</run_address>
         <size>0x97</size>
         <input_file_ref idref="fl-c8"/>
      </object_component>
      <object_component id="oc-2f0">
         <name>.debug_line</name>
         <load_address>0x1eb2</load_address>
         <run_address>0x1eb2</run_address>
         <size>0x93</size>
         <input_file_ref idref="fl-c8"/>
      </object_component>
      <object_component id="oc-97">
         <name>.debug_line</name>
         <load_address>0x1f45</load_address>
         <run_address>0x1f45</run_address>
         <size>0x40</size>
         <input_file_ref idref="fl-c9"/>
      </object_component>
      <object_component id="oc-151">
         <name>.debug_line</name>
         <load_address>0x1f85</load_address>
         <run_address>0x1f85</run_address>
         <size>0x3c</size>
         <input_file_ref idref="fl-cb"/>
      </object_component>
      <object_component id="oc-25a">
         <name>.debug_line</name>
         <load_address>0x1fc1</load_address>
         <run_address>0x1fc1</run_address>
         <size>0x8a</size>
         <input_file_ref idref="fl-ce"/>
      </object_component>
      <object_component id="oc-c2">
         <name>.debug_line</name>
         <load_address>0x204b</load_address>
         <run_address>0x204b</run_address>
         <size>0x58</size>
         <input_file_ref idref="fl-ce"/>
      </object_component>
      <object_component id="oc-ce">
         <name>.debug_line</name>
         <load_address>0x20a3</load_address>
         <run_address>0x20a3</run_address>
         <size>0x51</size>
         <input_file_ref idref="fl-ce"/>
      </object_component>
      <object_component id="oc-d4">
         <name>.debug_line</name>
         <load_address>0x20f4</load_address>
         <run_address>0x20f4</run_address>
         <size>0x54</size>
         <input_file_ref idref="fl-ce"/>
      </object_component>
      <object_component id="oc-c8">
         <name>.debug_line</name>
         <load_address>0x2148</load_address>
         <run_address>0x2148</run_address>
         <size>0x4e</size>
         <input_file_ref idref="fl-ce"/>
      </object_component>
      <object_component id="oc-b0">
         <name>.debug_line</name>
         <load_address>0x2196</load_address>
         <run_address>0x2196</run_address>
         <size>0x4e</size>
         <input_file_ref idref="fl-ce"/>
      </object_component>
      <object_component id="oc-263">
         <name>.debug_line</name>
         <load_address>0x21e4</load_address>
         <run_address>0x21e4</run_address>
         <size>0x5d</size>
         <input_file_ref idref="fl-ce"/>
      </object_component>
      <object_component id="oc-25e">
         <name>.debug_line</name>
         <load_address>0x2241</load_address>
         <run_address>0x2241</run_address>
         <size>0x8a</size>
         <input_file_ref idref="fl-ce"/>
      </object_component>
      <object_component id="oc-27e">
         <name>.debug_line</name>
         <load_address>0x22cb</load_address>
         <run_address>0x22cb</run_address>
         <size>0x61</size>
         <input_file_ref idref="fl-ce"/>
      </object_component>
      <object_component id="oc-1ef">
         <name>.debug_line</name>
         <load_address>0x232c</load_address>
         <run_address>0x232c</run_address>
         <size>0x5d</size>
         <input_file_ref idref="fl-ce"/>
      </object_component>
      <object_component id="oc-1ad">
         <name>.debug_line</name>
         <load_address>0x2389</load_address>
         <run_address>0x2389</run_address>
         <size>0x5e</size>
         <input_file_ref idref="fl-ce"/>
      </object_component>
      <object_component id="oc-2f5">
         <name>.debug_line</name>
         <load_address>0x23e7</load_address>
         <run_address>0x23e7</run_address>
         <size>0x20</size>
         <input_file_ref idref="fl-cf"/>
      </object_component>
      <object_component id="oc-276">
         <name>.debug_line</name>
         <load_address>0x2407</load_address>
         <run_address>0x2407</run_address>
         <size>0x4d</size>
         <input_file_ref idref="fl-cf"/>
      </object_component>
      <object_component id="oc-2fb">
         <name>.debug_line</name>
         <load_address>0x2454</load_address>
         <run_address>0x2454</run_address>
         <size>0x4e</size>
         <input_file_ref idref="fl-cf"/>
      </object_component>
      <object_component id="oc-1d8">
         <name>.debug_line</name>
         <load_address>0x24a2</load_address>
         <run_address>0x24a2</run_address>
         <size>0x4e</size>
         <input_file_ref idref="fl-cf"/>
      </object_component>
      <object_component id="oc-198">
         <name>.debug_line</name>
         <load_address>0x24f0</load_address>
         <run_address>0x24f0</run_address>
         <size>0x4e</size>
         <input_file_ref idref="fl-cf"/>
      </object_component>
      <object_component id="oc-2d2">
         <name>.debug_line</name>
         <load_address>0x253e</load_address>
         <run_address>0x253e</run_address>
         <size>0x20</size>
         <input_file_ref idref="fl-d0"/>
      </object_component>
      <object_component id="oc-2d0">
         <name>.debug_line</name>
         <load_address>0x255e</load_address>
         <run_address>0x255e</run_address>
         <size>0x41</size>
         <input_file_ref idref="fl-d0"/>
      </object_component>
      <object_component id="oc-22c">
         <name>.debug_line</name>
[...]
         <object_component_ref idref="oc-6d"/>
      </symbol>
      <symbol id="sm-a3">
         <name>current_state</name>
         <value>0x20000034</value>
         <object_component_ref idref="oc-121"/>
      </symbol>
      <symbol id="sm-a4">
         <name>fn_MOSCOU</name>
         <value>0xfdb</value>
         <object_component_ref idref="oc-6d"/>
      </symbol>
      <symbol id="sm-a5">
         <name>event</name>
         <value>0x20000035</value>
         <object_component_ref idref="oc-121"/>
      </symbol>
      <symbol id="sm-a6">
         <name>fn_TOKYO</name>
         <value>0x1037</value>
         <object_component_ref idref="oc-6d"/>
      </symbol>
      <symbol id="sm-a7">
         <name>fsm</name>
         <value>0x20000000</value>
         <object_component_ref idref="oc-12d"/>
      </symbol>
      <symbol id="sm-a8">
         <name>main</name>
         <value>0x1129</value>
         <object_component_ref idref="oc-6d"/>
      </symbol>
      <symbol id="sm-a9">
         <name>display_weather</name>
         <value>0xf19</value>
         <object_component_ref idref="oc-6d"/>
      </symbol>
      <symbol id="sm-aa">
         <name>fn_NEWYORK</name>
         <value>0x1009</value>
         <object_component_ref idref="oc-6d"/>
      </symbol>
      <symbol id="sm-ab">
         <name>PORT5_IRQHandler</name>
         <value>0x1153</value>
         <object_component_ref idref="oc-6d"/>
      </symbol>
      <symbol id="sm-ac">
         <name>PORT3_IRQHandler</name>
         <value>0x116f</value>
         <object_component_ref idref="oc-6d"/>
      </symbol>
      <symbol id="sm-ad">
         <name>_graphicsInit</name>
         <value>0x1065</value>
         <object_component_ref idref="oc-6d"/>
      </symbol>
      <symbol id="sm-c7">
         <name>Reset_Handler</name>
         <value>0x210d</value>
         <object_component_ref idref="oc-67"/>
      </symbol>
      <symbol id="sm-c8">
         <name>Default_Handler</name>
         <value>0x2119</value>
         <object_component_ref idref="oc-67"/>
      </symbol>
      <symbol id="sm-c9">
         <name>interruptVectors</name>
         <value>0x0</value>
         <object_component_ref idref="oc-26"/>
      </symbol>
      <symbol id="sm-111">
         <name>SystemInit</name>
         <value>0xe5d</value>
         <object_component_ref idref="oc-a5"/>
      </symbol>
      <symbol id="sm-112">
         <name>SystemCoreClockUpdate</name>
         <value>0xbe5</value>
         <object_component_ref idref="oc-a5"/>
      </symbol>
      <symbol id="sm-113">
         <name>SystemCoreClock</name>
         <value>0x20000030</value>
         <object_component_ref idref="oc-18b"/>
      </symbol>
      <symbol id="sm-17f">
         <name>Lcd_Orientation</name>
         <value>0x2000005c</value>
      </symbol>
      <symbol id="sm-180">
         <name>Lcd_ScreenWidth</name>
         <value>0x20000056</value>
      </symbol>
      <symbol id="sm-181">
         <name>Lcd_ScreenHeigth</name>
         <value>0x20000054</value>
      </symbol>
      <symbol id="sm-182">
         <name>Lcd_PenSolid</name>
         <value>0x2000005d</value>
      </symbol>
      <symbol id="sm-183">
         <name>Lcd_FontSolid</name>
         <value>0x2000005b</value>
      </symbol>
      <symbol id="sm-184">
         <name>Lcd_FlagRead</name>
         <value>0x2000005a</value>
      </symbol>
      <symbol id="sm-185">
         <name>Lcd_TouchTrim</name>
         <value>0x20000058</value>
      </symbol>
      <symbol id="sm-186">
         <name>Crystalfontz128x128_SetDrawFrame</name>
         <value>0x1f9</value>
         <object_component_ref idref="oc-b8"/>
      </symbol>
      <symbol id="sm-187">
         <name>Crystalfontz128x128_SetOrientation</name>
         <value>0x327</value>
         <object_component_ref idref="oc-b8"/>
      </symbol>
      <symbol id="sm-188">
         <name>g_sCrystalfontz128x128_funcs</name>
         <value>0x2524</value>
         <object_component_ref idref="oc-127"/>
      </symbol>
      <symbol id="sm-189">
         <name>g_sCrystalfontz128x128</name>
         <value>0x20000020</value>
         <object_component_ref idref="oc-124"/>
      </symbol>
      <symbol id="sm-18a">
         <name>Crystalfontz128x128_Init</name>
         <value>0xe5</value>
         <object_component_ref idref="oc-b8"/>
      </symbol>
      <symbol id="sm-1aa">
         <name>HAL_LCD_writeData</name>
         <value>0x16e3</value>
         <object_component_ref idref="oc-1af"/>
      </symbol>
      <symbol id="sm-1ab">
         <name>HAL_LCD_SpiInit</name>
         <value>0x167d</value>
         <object_component_ref idref="oc-1af"/>
      </symbol>
      <symbol id="sm-1ac">
         <name>HAL_LCD_PortInit</name>
         <value>0x164d</value>
         <object_component_ref idref="oc-1af"/>
      </symbol>
      <symbol id="sm-1ad">
         <name>HAL_LCD_writeCommand</name>
         <value>0x16b3</value>
         <object_component_ref idref="oc-1af"/>
      </symbol>
      <symbol id="sm-1c6">
         <name>__TI_zero_init_nomemset</name>
         <value>0x1fe5</value>
         <object_component_ref idref="oc-43"/>
      </symbol>
      <symbol id="sm-1dd">
         <name>__TI_decompress_none</name>
         <value>0x20ff</value>
         <object_component_ref idref="oc-1d"/>
      </symbol>
      <symbol id="sm-200">
         <name>__TI_decompress_lzss</name>
         <value>0x1a8d</value>
         <object_component_ref idref="oc-17"/>
      </symbol>
      <symbol id="sm-213">
         <name>__stack</name>
         <value>0x2000fe00</value>
         <object_component_ref idref="oc-29"/>
      </symbol>
      <symbol id="sm-214">
         <name>_c_int00_noargs</name>
         <value>0x1e59</value>
         <object_component_ref idref="oc-55"/>
      </symbol>
      <symbol id="sm-22f">
         <name>memcpy</name>
         <value>0x1865</value>
         <object_component_ref idref="oc-37"/>
      </symbol>
      <symbol id="sm-230">
         <name>__aeabi_memcpy</name>
         <value>0x1865</value>
         <object_component_ref idref="oc-37"/>
      </symbol>
      <symbol id="sm-231">
         <name>__aeabi_memcpy8</name>
         <value>0x1865</value>
         <object_component_ref idref="oc-37"/>
      </symbol>
      <symbol id="sm-232">
         <name>__aeabi_memcpy4</name>
         <value>0x1865</value>
         <object_component_ref idref="oc-37"/>
      </symbol>
      <symbol id="sm-25b">
         <name>__TI_auto_init_nobinit_nopinit</name>
         <value>0x1ce9</value>
         <object_component_ref idref="oc-159"/>
      </symbol>
      <symbol id="sm-265">
         <name>_system_pre_init</name>
         <value>0x212b</value>
         <object_component_ref idref="oc-93"/>
      </symbol>
      <symbol id="sm-271">
         <name>C$$EXIT</name>
         <value>0x212f</value>
         <object_component_ref idref="oc-14d"/>
      </symbol>
      <symbol id="sm-272">
         <name>abort</name>
         <value>0x212f</value>
         <object_component_ref idref="oc-14d"/>
      </symbol>
      <symbol id="sm-2ba">
         <name>Graphics_setBackgroundColor</name>
         <value>0x201b</value>
         <object_component_ref idref="oc-ca"/>
      </symbol>
      <symbol id="sm-2bb">
         <name>Graphics_setFont</name>
         <value>0x2035</value>
         <object_component_ref idref="oc-d0"/>
      </symbol>
      <symbol id="sm-2bc">
         <name>Graphics_initContext</name>
         <value>0x1c05</value>
         <object_component_ref idref="oc-be"/>
      </symbol>
      <symbol id="sm-2bd">
         <name>Graphics_setForegroundColor</name>
         <value>0x207b</value>
         <object_component_ref idref="oc-c4"/>
      </symbol>
      <symbol id="sm-2be">
         <name>Graphics_clearDisplay</name>
         <value>0x20bd</value>
         <object_component_ref idref="oc-ac"/>
      </symbol>
      <symbol id="sm-2e3">
         <name>Graphics_clearDisplayOnDisplay</name>
         <value>0x2001</value>
         <object_component_ref idref="oc-194"/>
      </symbol>
      <symbol id="sm-2e4">
         <name>Graphics_drawPixelOnDisplay</name>
         <value>0x1e8d</value>
         <object_component_ref idref="oc-272"/>
      </symbol>
      <symbol id="sm-2e5">
         <name>Graphics_translateColorOnDisplay</name>
         <value>0x2091</value>
         <object_component_ref idref="oc-1d4"/>
      </symbol>
      <symbol id="sm-2e6">
         <name>Graphics_drawHorizontalLineOnDisplay</name>
         <value>0x1ded</value>
         <object_component_ref idref="oc-2f7"/>
      </symbol>
      <symbol id="sm-2f8">
         <name>g_sFontFixed6x8</name>
         <value>0x242c</value>
         <object_component_ref idref="oc-12a"/>
      </symbol>
      <symbol id="sm-350">
         <name>Graphics_drawStringCentered</name>
         <value>0x1ca1</value>
         <object_component_ref idref="oc-b2"/>
      </symbol>
      <symbol id="sm-351">
         <name>Graphics_drawString</name>
         <value>0x765</value>
         <object_component_ref idref="oc-1a2"/>
      </symbol>
      <symbol id="sm-352">
         <name>Graphics_getStringWidth</name>
         <value>0x1551</value>
         <object_component_ref idref="oc-19c"/>
      </symbol>
      <symbol id="sm-365">
         <name>Graphics_drawLineH</name>
         <value>0x17c9</value>
         <object_component_ref idref="oc-26c"/>
      </symbol>
      <symbol id="sm-3a6">
         <name>CS_setDCOCenteredFrequency</name>
         <value>0x1e25</value>
         <object_component_ref idref="oc-ee"/>
      </symbol>
      <symbol id="sm-3a7">
         <name>CS_initClockSignal</name>
         <value>0x1319</value>
         <object_component_ref idref="oc-f4"/>
      </symbol>
      <symbol id="sm-3b6">
         <name>FlashCtl_setWaitState</name>
         <value>0x1c59</value>
         <object_component_ref idref="oc-e8"/>
      </symbol>
      <symbol id="sm-42a">
         <name>GPIO_setOutputHighOnPin</name>
         <value>0x1f09</value>
         <object_component_ref idref="oc-1bb"/>
      </symbol>
      <symbol id="sm-42b">
         <name>GPIO_setAsInputPinWithPullUpResistor</name>
         <value>0x1bad</value>
         <object_component_ref idref="oc-fa"/>
      </symbol>
      <symbol id="sm-42c">
         <name>GPIO_getInterruptStatus</name>
         <value>0x1f81</value>
         <object_component_ref idref="oc-205"/>
      </symbol>
      <symbol id="sm-42d">
         <name>GPIO_enableInterrupt</name>
         <value>0x1ee1</value>
         <object_component_ref idref="oc-106"/>
      </symbol>
      <symbol id="sm-42e">
         <name>GPIO_getEnabledInterruptStatus</name>
         <value>0x1989</value>
         <object_component_ref idref="oc-118"/>
      </symbol>
      <symbol id="sm-42f">
         <name>GPIO_setAsOutputPin</name>
         <value>0x1d2d</value>
         <object_component_ref idref="oc-286"/>
      </symbol>
      <symbol id="sm-430">
         <name>GPIO_setOutputLowOnPin</name>
         <value>0x1f31</value>
         <object_component_ref idref="oc-1b5"/>
      </symbol>
      <symbol id="sm-431">
         <name>GPIO_clearInterruptFlag</name>
         <value>0x1eb9</value>
         <object_component_ref idref="oc-100"/>
      </symbol>
      <symbol id="sm-432">
         <name>GPIO_setAsPeripheralModuleFunctionOutputPin</name>
         <value>0x1901</value>
         <object_component_ref idref="oc-280"/>
      </symbol>
      <symbol id="sm-458">
         <name>Interrupt_enableMaster</name>
         <value>0x20cf</value>
         <object_component_ref idref="oc-dc"/>
      </symbol>
      <symbol id="sm-459">
         <name>Interrupt_enableInterrupt</name>
         <value>0x1a0d</value>
         <object_component_ref idref="oc-10c"/>
      </symbol>
      <symbol id="sm-4e4">
         <name>PCM_setCoreVoltageLevel</name>
         <value>0x20df</value>
         <object_component_ref idref="oc-e2"/>
      </symbol>
      <symbol id="sm-4e5">
         <name>PCM_getCoreVoltageLevel</name>
         <value>0x1af5</value>
         <object_component_ref idref="oc-2b4"/>
      </symbol>
      <symbol id="sm-4e6">
         <name>PCM_getPowerMode</name>
         <value>0x1b53</value>
         <object_component_ref idref="oc-2ae"/>
      </symbol>
      <symbol id="sm-4e7">
         <name>PCM_getPowerState</name>
         <value>0x20a9</value>
         <object_component_ref idref="oc-2ba"/>
      </symbol>
      <symbol id="sm-4e8">
         <name>PCM_gotoLPM0</name>
         <value>0x1f59</value>
         <object_component_ref idref="oc-112"/>
      </symbol>
      <symbol id="sm-4e9">
         <name>PCM_setPowerMode</name>
         <value>0x20ef</value>
         <object_component_ref idref="oc-2c0"/>
      </symbol>
      <symbol id="sm-529">
         <name>EUSCI_B_SPI_enable</name>
         <value>0x2065</value>
         <object_component_ref idref="oc-310"/>
      </symbol>
      <symbol id="sm-52a">
         <name>SPI_enableModule</name>
         <value>0x1fc9</value>
         <object_component_ref idref="oc-292"/>
      </symbol>
      <symbol id="sm-52b">
         <name>EUSCI_A_SPI_enable</name>
         <value>0x204f</value>
         <object_component_ref idref="oc-30a"/>
      </symbol>
      <symbol id="sm-52c">
         <name>SPI_initMaster</name>
         <value>0x1719</value>
         <object_component_ref idref="oc-28c"/>
      </symbol>
      <symbol id="sm-53a">
         <name>WDT_A_holdTimer</name>
         <value>0x1fa5</value>
         <object_component_ref idref="oc-d6"/>
      </symbol>
      <symbol id="sm-54c">
         <name>CPU_wfi</name>
         <value>0x2127</value>
         <object_component_ref idref="oc-1fe"/>
      </symbol>
      <symbol id="sm-54d">
         <name>CPU_cpsie</name>
         <value>0x211b</value>
         <object_component_ref idref="oc-1de"/>
      </symbol>
      <symbol id="sm-54e">
         <name>__TI_static_base__</name>
         <value>0x0</value>
      </symbol>
      <symbol id="sm-551">
         <name>__mpu_init</name>
         <value>0x0</value>
      </symbol>
      <symbol id="sm-552">
         <name>_system_post_cinit</name>
         <value>0x0</value>
      </symbol>
      <symbol id="sm-553">
         <name>NMI_Handler</name>
         <value>0x2119</value>
      </symbol>
      <symbol id="sm-554">
         <name>HardFault_Handler</name>
         <value>0x2119</value>
      </symbol>
      <symbol id="sm-555">
         <name>MemManage_Handler</name>
         <value>0x2119</value>
      </symbol>
      <symbol id="sm-556">
         <name>BusFault_Handler</name>
         <value>0x2119</value>
      </symbol>
      <symbol id="sm-557">
         <name>UsageFault_Handler</name>
         <value>0x2119</value>
      </symbol>
      <symbol id="sm-558">
         <name>SVC_Handler</name>
         <value>0x2119</value>
      </symbol>
      <symbol id="sm-559">
         <name>DebugMon_Handler</name>
         <value>0x2119</value>
      </symbol>
      <symbol id="sm-55a">
         <name>PendSV_Handler</name>
         <value>0x2119</value>
      </symbol>
      <symbol id="sm-55b">
         <name>SysTick_Handler</name>
         <value>0x2119</value>
      </symbol>
      <symbol id="sm-55c">
         <name>PSS_IRQHandler</name>
         <value>0x2119</value>
      </symbol>
      <symbol id="sm-55d">
         <name>CS_IRQHandler</name>
         <value>0x2119</value>
      </symbol>
      <symbol id="sm-55e">
         <name>PCM_IRQHandler</name>
         <value>0x2119</value>
      </symbol>
      <symbol id="sm-55f">
         <name>WDT_A_IRQHandler</name>
         <value>0x2119</value>
      </symbol>
      <symbol id="sm-560">
         <name>FPU_IRQHandler</name>
         <value>0x2119</value>
      </symbol>
      <symbol id="sm-561">
         <name>FLCTL_IRQHandler</name>
         <value>0x2119</value>
      </symbol>
      <symbol id="sm-562">
         <name>COMP_E0_IRQHandler</name>
         <value>0x2119</value>
      </symbol>
      <symbol id="sm-563">
         <name>COMP_E1_IRQHandler</name>
         <value>0x2119</value>
      </symbol>
      <symbol id="sm-564">
         <name>TA0_0_IRQHandler</name>
         <value>0x2119</value>
      </symbol>
      <symbol id="sm-565">
         <name>TA0_N_IRQHandler</name>
         <value>0x2119</value>
      </symbol>
      <symbol id="sm-566">
         <name>TA1_0_IRQHandler</name>
         <value>0x2119</value>
      </symbol>
      <symbol id="sm-567">
         <name>TA1_N_IRQHandler</name>
         <value>0x2119</value>
      </symbol>
      <symbol id="sm-568">
         <name>TA2_0_IRQHandler</name>
         <value>0x2119</value>
      </symbol>
      <symbol id="sm-569">
         <name>TA2_N_IRQHandler</name>
         <value>0x2119</value>
      </symbol>
      <symbol id="sm-56a">
         <name>TA3_0_IRQHandler</name>
         <value>0x2119</value>
      </symbol>
      <symbol id="sm-56b">
         <name>TA3_N_IRQHandler</name>
         <value>0x2119</value>
      </symbol>
      <symbol id="sm-56c">
         <name>EUSCIA0_IRQHandler</name>
         <value>0x2119</value>
      </symbol>
      <symbol id="sm-56d">
         <name>EUSCIA1_IRQHandler</name>
         <value>0x2119</value>
      </symbol>
      <symbol id="sm-56e">
         <name>EUSCIA2_IRQHandler</name>
         <value>0x2119</value>
      </symbol>
      <symbol id="sm-56f">
         <name>EUSCIA3_IRQHandler</name>
         <value>0x2119</value>
      </symbol>
      <symbol id="sm-570">
         <name>EUSCIB0_IRQHandler</name>
         <value>0x2119</value>
      </symbol>
      <symbol id="sm-571">
         <name>EUSCIB1_IRQHandler</name>
         <value>0x2119</value>
      </symbol>
      <symbol id="sm-572">
         <name>EUSCIB2_IRQHandler</name>
         <value>0x2119</value>
      </symbol>
      <symbol id="sm-573">
         <name>EUSCIB3_IRQHandler</name>
         <value>0x2119</value>
      </symbol>
      <symbol id="sm-574">
         <name>ADC14_IRQHandler</name>
         <value>0x2119</value>
      </symbol>
      <symbol id="sm-575">
         <name>T32_INT1_IRQHandler</name>
         <value>0x2119</value>
      </symbol>
      <symbol id="sm-576">
         <name>T32_INT2_IRQHandler</name>
         <value>0x2119</value>
      </symbol>
      <symbol id="sm-577">
         <name>T32_INTC_IRQHandler</name>
         <value>0x2119</value>
      </symbol>
      <symbol id="sm-578">
         <name>AES256_IRQHandler</name>
         <value>0x2119</value>
      </symbol>
      <symbol id="sm-579">
         <name>RTC_C_IRQHandler</name>
         <value>0x2119</value>
      </symbol>
      <symbol id="sm-57a">
         <name>DMA_ERR_IRQHandler</name>
         <value>0x2119</value>
      </symbol>
      <symbol id="sm-57b">
         <name>DMA_INT3_IRQHandler</name>
         <value>0x2119</value>
      </symbol>
      <symbol id="sm-57c">
         <name>DMA_INT2_IRQHandler</name>
         <value>0x2119</value>
      </symbol>
      <symbol id="sm-57d">
         <name>DMA_INT1_IRQHandler</name>
         <value>0x2119</value>
      </symbol>
      <symbol id="sm-57e">
         <name>DMA_INT0_IRQHandler</name>
         <value>0x2119</value>
      </symbol>
      <symbol id="sm-57f">
         <name>PORT1_IRQHandler</name>
         <value>0x2119</value>
      </symbol>
      <symbol id="sm-580">
         <name>PORT2_IRQHandler</name>
         <value>0x2119</value>
      </symbol>
      <symbol id="sm-581">
         <name>PORT3_IRQHandler</name>
         <value>0x116f</value>
      </symbol>
      <symbol id="sm-582">
         <name>PORT4_IRQHandler</name>
         <value>0x2119</value>
      </symbol>
      <symbol id="sm-583">
         <name>PORT5_IRQHandler</name>
         <value>0x1153</value>
      </symbol>
      <symbol id="sm-584">
         <name>PORT6_IRQHandler</name>
         <value>0x2119</value>
      </symbol>
   </symbol_table>
   <title>Link successful</title>
</link_info>
