******************************************************************************
                  TI ARM Linker Unix v20.2.5                   
******************************************************************************
>> Linked Thu Jan 12 18:49:25 2023

OUTPUT FILE NAME:   <http-example.out>
ENTRY POINT SYMBOL: "_c_int00_noargs"  address: 0000c171


MEMORY CONFIGURATION

         name            origin    length      used     unused   attr    fill
----------------------  --------  ---------  --------  --------  ----  --------
  MAIN                  00000000   00040000  0000c8b4  0003374c  R  X
  INFO                  00200000   00004000  00000000  00004000  R  X
  SRAM_CODE             01000000   00010000  00001005  0000effb  RW X
  SRAM_DATA             20000000   00010000  00001005  0000effb  RW  


SEGMENT ALLOCATION MAP

run origin  load origin   length   init length attrs members
----------  ----------- ---------- ----------- ----- -------
00000000    00000000    0000c8b8   0000c8b8    r-x
  00000000    00000000    000000e4   000000e4    r-- .intvecs
  000000e4    000000e4    0000c31c   0000c31c    r-x .text
  0000c400    0000c400    000003ac   000003ac    r-- .const
  0000c7b0    0000c7b0    00000108   00000108    r-- .cinit
20000000    20000000    00000e08   00000000    rw-
  20000000    20000000    000000e4   00000000    rw- .vtable
  200000e4    200000e4    000006b1   00000000    rw- .bss
  20000798    20000798    00000400   00000000    rw- .sysmem
  20000b98    20000b98    00000270   00000000    rw- .data
2000fe00    2000fe00    00000200   00000000    rw-
  2000fe00    2000fe00    00000200   00000000    rw- .stack


SECTION ALLOCATION MAP

 output                                  attributes/
section   page    origin      length       input sections
--------  ----  ----------  ----------   ----------------
.intvecs   0    00000000    000000e4     
                  00000000    000000e4     startup_msp432p401r_ccs.obj (.intvecs:retain)

.text      0    000000e4    0000c31c     
                  000000e4    00002034     driver.obj (.text)
                  00002118    00001598     flash.obj (.text)
                  000036b0    00000ed4     socket.obj (.text)
                  00004584    00000d80     cs.obj (.text)
                  00005304    00000b3c     netapp.obj (.text)
                  00005e40    00000ac0     wlan.obj (.text)
                  00006900    00000a4e     rtsv7M4_T_le_v4SPD16_eabi.lib : _printfi.c.obj (.text:__TI_printfi)
                  0000734e    00000002                                   : _lock.c.obj (.text:_nop)
                  00007350    00000838     pcm.obj (.text)
                  00007b88    00000694     main.obj (.text)
                  0000821c    000005b4     device.obj (.text)
                  000087d0    00000508     rtc_c.obj (.text)
                  00008cd8    00000480     gpio.obj (.text)
                  00009158    000003f0     interrupt.obj (.text)
                  00009548    00000344     board.obj (.text)
                  0000988c    00000334     system_msp432p401r.obj (.text)
                  00009bc0    00000270     rtsv7M4_T_le_v4SPD16_eabi.lib : _printfi.c.obj (.text:_pconv_a)
                  00009e30    00000244     sysctl.obj (.text)
                  0000a074    00000214     spi_cc3100.obj (.text)
                  0000a288    000001d0     rtsv7M4_T_le_v4SPD16_eabi.lib : _printfi.c.obj (.text:_pconv_g)
                  0000a458    000001b6                                   : fd_add_t2.asm.obj (.text)
                  0000a60e    00000002                                   : div0.asm.obj (.text)
                  0000a610    0000013c                                   : _printfi.c.obj (.text:_pconv_e)
                  0000a74c    00000136                                   : fd_div_t2.asm.obj (.text)
                  0000a882    00000002     --HOLE-- [fill = 0]
                  0000a884    00000130     nonos.obj (.text)
                  0000a9b4    00000124     rtsv7M4_T_le_v4SPD16_eabi.lib : _printfi.c.obj (.text:fcvt)
                  0000aad8    00000114                                   : fputs.c.obj (.text:fputs)
                  0000abec    00000110     netcfg.obj (.text)
                  0000acfc    00000110     rtsv7M4_T_le_v4SPD16_eabi.lib : s_scalbn.c.obj (.text:scalbn)
                  0000ae0c    00000100                                   : memory.c.obj (.text:aligned_alloc)
                  0000af0c    000000fc                                   : fd_mul_t2.asm.obj (.text)
                  0000b008    000000e4                                   : memory.c.obj (.text:free)
                  0000b0ec    000000dc                                   : setvbuf.c.obj (.text:setvbuf)
                  0000b1c8    000000d8     wdt_a.obj (.text)
                  0000b2a0    000000b1     rtsv7M4_T_le_v4SPD16_eabi.lib : _printfi.c.obj (.text:_ltostr)
                  0000b351    00000001     --HOLE-- [fill = 0]
                  0000b352    0000009c                                   : memcpy_t2.asm.obj (.text)
                  0000b3ee    00000096                                   : ull_div_t2.asm.obj (.text)
                  0000b484    0000008c                                   : fputc.c.obj (.text:fputc)
                  0000b510    00000086                                   : fd_cmp_t2.asm.obj (.text:__aeabi_cdcmple)
                  0000b596    00000086                                   : fd_cmp_t2.asm.obj (.text:__aeabi_cdrcmple)
                  0000b61c    00000080     flowcont.obj (.text)
                  0000b69c    0000007a     rtsv7M4_T_le_v4SPD16_eabi.lib : memset_t2.asm.obj (.text)
                  0000b716    00000002     --HOLE-- [fill = 0]
                  0000b718    00000074                                   : fclose.c.obj (.text:__TI_closefile)
                  0000b78c    00000070                                   : memory.c.obj (.text:split)
                  0000b7fc    0000006e                                   : _printfi.c.obj (.text:_mcpy)
                  0000b86a    00000002     --HOLE-- [fill = 0]
                  0000b86c    0000006c                                   : hostrename.c.obj (.text:HOSTrename)
                  0000b8d8    00000068                                   : hostlseek.c.obj (.text:HOSTlseek)
                  0000b940    00000068                                   : copy_decompress_lzss.c.obj (.text:decompress:lzss:__TI_decompress_lzss)
                  0000b9a8    00000068                                   : printf.c.obj (.text:printf)
                  0000ba10    00000064                                   : s_frexp.c.obj (.text:frexp)
                  0000ba74    00000064                                   : fseek.c.obj (.text:fseek)
                  0000bad8    00000062                                   : _io_perm.c.obj (.text:__TI_wrt_ok)
                  0000bb3a    00000002     --HOLE-- [fill = 0]
                  0000bb3c    00000060                                   : hostopen.c.obj (.text:HOSTopen)
                  0000bb9c    0000005c                                   : close.c.obj (.text:close)
                  0000bbf8    00000058                                   : hostread.c.obj (.text:HOSTread)
                  0000bc50    00000058                                   : hostwrite.c.obj (.text:HOSTwrite)
                  0000bca8    00000056                                   : _printfi.c.obj (.text:_pconv_f)
                  0000bcfe    00000054                                   : _ltoa.c.obj (.text:__TI_ltoa)
                  0000bd52    00000052                                   : _printfi.c.obj (.text:_ecpy)
                  0000bda4    0000004c                                   : fflush.c.obj (.text:__TI_doflush)
                  0000bdf0    0000004c                                   : atoi.c.obj (.text:atoi)
                  0000be3c    00000048                                   : exit.c.obj (.text:exit)
                  0000be84    00000048                                   : fd_toi_t2.asm.obj (.text)
                  0000becc    00000044                                   : hostclose.c.obj (.text:HOSTclose)
                  0000bf10    00000044                                   : hostunlink.c.obj (.text:HOSTunlink)
                  0000bf54    00000044                                   : autoinit.c.obj (.text:__TI_auto_init_nobinit_nopinit:__TI_auto_init_nobinit_nopinit)
                  0000bf98    00000044                                   : getdevice.c.obj (.text:getdevice)
                  0000bfdc    00000040     cli_uart.obj (.text)
                  0000c01c    0000003e     rtsv7M4_T_le_v4SPD16_eabi.lib : _printfi.c.obj (.text:_fcpy)
                  0000c05a    0000003e     cpu.obj (.text)
                  0000c098    00000038     rtsv7M4_T_le_v4SPD16_eabi.lib : trgmsg.c.obj (.text:__TI_writemsg)
                  0000c0d0    00000036                                   : strncpy.c.obj (.text:strncpy)
                  0000c106    00000002     --HOLE-- [fill = 0]
                  0000c108    00000034                                   : fopen.c.obj (.text:__TI_cleanup)
                  0000c13c    00000034                                   : trgmsg.c.obj (.text:__TI_readmsg)
                  0000c170    00000034                                   : boot_cortex_m.c.obj (.text:_c_int00_noargs:_c_int00_noargs)
                  0000c1a4    00000034                                   : strstr.c.obj (.text:strstr)
                  0000c1d8    00000030                                   : getdevice.c.obj (.text:finddevice)
                  0000c208    0000002e                                   : i_tofd_t2.asm.obj (.text)
                  0000c236    00000002     --HOLE-- [fill = 0]
                  0000c238    0000002c                                   : unlink.c.obj (.text:unlink)
                  0000c264    00000028                                   : memory.c.obj (.text:free_list_insert)
                  0000c28c    00000028                                   : lseek.c.obj (.text:lseek)
                  0000c2b4    00000028                                   : write.c.obj (.text:write)
                  0000c2dc    00000020                                   : memchr.c.obj (.text:memchr)
                  0000c2fc    0000001c                                   : memory.c.obj (.text:free_list_remove)
                  0000c318    0000001c                                   : memccpy.c.obj (.text:memccpy)
                  0000c334    0000001a                                   : s_copysign.c.obj (.text:copysign)
                  0000c34e    00000018                                   : strcmp.c.obj (.text:strcmp)
                  0000c366    00000016                                   : strchr.c.obj (.text:strchr)
                  0000c37c    00000014                                   : strcpy.c.obj (.text:strcpy)
                  0000c390    00000014                                   : strlen.c.obj (.text:strlen)
                  0000c3a4    00000012                                   : wcslen.c.obj (.text:wcslen)
                  0000c3b6    0000000e                                   : copy_decompress_none.c.obj (.text:decompress:none:__TI_decompress_none)
                  0000c3c4    0000000e     startup_msp432p401r_ccs.obj (.text)
                  0000c3d2    0000000c     rtsv7M4_T_le_v4SPD16_eabi.lib : copy_zero_init.c.obj (.text:decompress:ZI:__TI_zero_init)
                  0000c3de    00000002     --HOLE-- [fill = 0]
                  0000c3e0    00000008                                   : errno.c.obj (.text:__aeabi_errno_addr)
                  0000c3e8    00000008                                   : memory.c.obj (.text:malloc)
                  0000c3f0    00000004                                   : printf.c.obj (.text:_outc)
                  0000c3f4    00000004                                   : printf.c.obj (.text:_outs)
                  0000c3f8    00000004                                   : pre_init.c.obj (.text:_system_pre_init)
                  0000c3fc    00000004                                   : exit.c.obj (.text:abort:abort)

.const     0    0000c400    000003ac     
                  0000c400    00000101     rtsv7M4_T_le_v4SPD16_eabi.lib : ctype.c.obj (.const:.string:_ctypes_)
                  0000c501    00000003     --HOLE-- [fill = 0]
                  0000c504    000000b0     wlan.obj (.const:$P$T0$1)
                  0000c5b4    00000050     interrupt.obj (.const:g_pulRegs)
                  0000c604    00000038     driver.obj (.const:_SlActionLookupTable)
                  0000c63c    0000002c     main.obj (.const:$P$T0$1)
                  0000c668    00000020     interrupt.obj (.const:g_pulPriority)
                  0000c688    0000001c     gpio.obj (.const:GPIO_PORT_TO_INT)
                  0000c6a4    00000014     main.obj (.const:$P$T1$2)
                  0000c6b8    0000000c     main.obj (.const:$P$T2$3)
                  0000c6c4    00000008     driver.obj (.const:g_H2NCnysPattern)
                  0000c6cc    00000008     driver.obj (.const:g_H2NSyncPattern)
                  0000c6d4    00000008     interrupt.obj (.const:g_pulDisRegs)
                  0000c6dc    00000008     interrupt.obj (.const:g_pulEnRegs)
                  0000c6e4    00000008     interrupt.obj (.const:g_pulPendRegs)
                  0000c6ec    00000008     interrupt.obj (.const:g_pulUnpendRegs)
                  0000c6f4    00000004     driver.obj (.const:$P$T0$1)
                  0000c6f8    00000004     netapp.obj (.const:$P$T0$1)
                  0000c6fc    00000004     socket.obj (.const:$P$T0$1)
                  0000c700    00000004     socket.obj (.const:$P$T1$2)
                  0000c704    00000004     wlan.obj (.const:$P$T1$2)
                  0000c708    00000004     socket.obj (.const:$P$T2$3)
                  0000c70c    00000004     wlan.obj (.const:$P$T2$3)
                  0000c710    00000004     wlan.obj (.const:$P$T3$4)
                  0000c714    00000004     socket.obj (.const:_SlAcceptCmdCtrl)
                  0000c718    00000004     device.obj (.const:_SlDeviceGetCmdCtrl)
                  0000c71c    00000004     device.obj (.const:_SlDeviceSetCmdCtrl)
                  0000c720    00000004     device.obj (.const:_SlEventMaskGetCmdCtrl)
                  0000c724    00000004     device.obj (.const:_SlEventMaskSetCmdCtrl)
                  0000c728    00000004     netapp.obj (.const:_SlGetHostByNameCtrl)
                  0000c72c    00000004     netapp.obj (.const:_SlGetHostByServiceCtrl)
                  0000c730    00000004     netapp.obj (.const:_SlGetServiceListeCtrl)
                  0000c734    00000004     socket.obj (.const:_SlGetSockOptCmdCtrl)
                  0000c738    00000004     socket.obj (.const:_SlListenCmdCtrl)
                  0000c73c    00000004     netapp.obj (.const:_SlNetAppGetCmdCtrl)
                  0000c740    00000004     netapp.obj (.const:_SlNetAppSendTokenValueCmdCtrl)
                  0000c744    00000004     netapp.obj (.const:_SlNetAppSetCmdCtrl)
                  0000c748    00000004     netapp.obj (.const:_SlNetAppStartCtrl)
                  0000c74c    00000004     netapp.obj (.const:_SlNetAppStopCtrl)
                  0000c750    00000004     netcfg.obj (.const:_SlNetCfgGetCmdCtrl)
                  0000c754    00000004     netcfg.obj (.const:_SlNetCfgSetCmdCtrl)
                  0000c758    00000004     wlan.obj (.const:_SlPolicyGetCmdCtrl)
                  0000c75c    00000004     wlan.obj (.const:_SlPolicySetCmdCtrl)
                  0000c760    00000004     wlan.obj (.const:_SlProfileDelCmdCtrl)
                  0000c764    00000004     wlan.obj (.const:_SlProfileGetCmdCtrl)
                  0000c768    00000004     socket.obj (.const:_SlRecvCmdCtrl)
                  0000c76c    00000004     socket.obj (.const:_SlRecvfomCmdCtrl)
                  0000c770    00000004     netapp.obj (.const:_SlRegisterServiceCtrl)
                  0000c774    00000004     wlan.obj (.const:_SlRxFilterAddtCmdCtrl)
                  0000c778    00000004     wlan.obj (.const:_SlRxFilterGetCmdCtrl)
                  0000c77c    00000004     wlan.obj (.const:_SlRxFilterSetCmdCtrl)
                  0000c780    00000004     socket.obj (.const:_SlSelectCmdCtrl)
                  0000c784    00000004     socket.obj (.const:_SlSendCmdCtrl)
                  0000c788    00000004     socket.obj (.const:_SlSetSockOptCmdCtrl)
                  0000c78c    00000004     wlan.obj (.const:_SlSmartConfigStartCmdCtrl)
                  0000c790    00000004     socket.obj (.const:_SlSockCloseCmdCtrl)
                  0000c794    00000004     socket.obj (.const:_SlSockSocketCmdCtrl)
                  0000c798    00000004     device.obj (.const:_SlStopCmdCtrl)
                  0000c79c    00000004     wlan.obj (.const:_SlWlanCfgGetCmdCtrl)
                  0000c7a0    00000004     wlan.obj (.const:_SlWlanCfgSetCmdCtrl)
                  0000c7a4    00000004     wlan.obj (.const:_SlWlanGetNetworkListCtrl)
                  0000c7a8    00000004     wlan.obj (.const:_SlWlanSetModeCmdCtrl)

.cinit     0    0000c7b0    00000108     
                  0000c7b0    000000cd     (.cinit..data.load) [load image, compression = lzss]
                  0000c87d    00000003     --HOLE-- [fill = 0]
                  0000c880    0000000c     (__TI_handler_table)
                  0000c88c    00000004     --HOLE-- [fill = 0]
                  0000c890    00000008     (.cinit..bss.load) [load image, compression = zero_init]
                  0000c898    00000008     (.cinit..vtable.load) [load image, compression = zero_init]
                  0000c8a0    00000018     (__TI_cinit_table)

.init_array 
*          0    00000000    00000000     UNINITIALIZED

.binit     0    00000000    00000000     

.vtable    0    20000000    000000e4     UNINITIALIZED
                  20000000    000000e4     interrupt.obj (.vtable)

.bss       0    200000e4    000006b1     UNINITIALIZED
                  200000e4    00000354     (.common:g_AppData)
                  20000438    00000164     (.common:g_StatMem)
                  2000059c    00000120     rtsv7M4_T_le_v4SPD16_eabi.lib : trgmsg.c.obj (.bss:_CIOBUF_)
                  200006bc    000000a0     (.common:__TI_tmpnams)
                  2000075c    00000028     (.common:g__SlNonOsCB)
                  20000784    00000008     cs.obj (.bss)
                  2000078c    00000008     (.common:parmbuf)
                  20000794    00000001     (.common:IntIsMasked)

.sysmem    0    20000798    00000400     UNINITIALIZED
                  20000798    00000010     rtsv7M4_T_le_v4SPD16_eabi.lib : memory.c.obj (.sysmem)
                  200007a8    000003f0     --HOLE--

.data      0    20000b98    00000270     UNINITIALIZED
                  20000b98    000000f0     rtsv7M4_T_le_v4SPD16_eabi.lib : defs.c.obj (.data:_ftable)
                  20000c88    00000078                                   : host_device.c.obj (.data:_device)
                  20000d00    00000050                                   : host_device.c.obj (.data:_stream)
                  20000d50    00000040     flash.obj (.data:__getBurstProgramRegs)
                  20000d90    00000030     gpio.obj (.data:GPIO_PORT_TO_BASE)
                  20000dc0    00000010     rtsv7M4_T_le_v4SPD16_eabi.lib : defs.c.obj (.data)
                  20000dd0    0000000c                                   : exit.c.obj (.data:$O1$$)
                  20000ddc    00000009     driver.obj (.data)
                  20000de5    00000003     --HOLE--
                  20000de8    00000008     rtsv7M4_T_le_v4SPD16_eabi.lib : _lock.c.obj (.data:$O1$$)
                  20000df0    00000008                                   : memory.c.obj (.data:$O1$$)
                  20000df8    00000004     board.obj (.data)
                  20000dfc    00000004     main.obj (.data)
                  20000e00    00000004     rtsv7M4_T_le_v4SPD16_eabi.lib : errno.c.obj (.data)
                  20000e04    00000004     system_msp432p401r.obj (.data)

.stack     0    2000fe00    00000200     UNINITIALIZED
                  2000fe00    00000004     rtsv7M4_T_le_v4SPD16_eabi.lib : boot_cortex_m.c.obj (.stack)
                  2000fe04    000001fc     --HOLE--

__llvm_prf_cnts 
*          0    20000000    00000000     UNINITIALIZED

MODULE SUMMARY

       Module                        code    ro data   rw data
       ------                        ----    -------   -------
    ./
       main.obj                      1684    76        1712   
       system_msp432p401r.obj        820     0         8      
       startup_msp432p401r_ccs.obj   14      228       0      
    +--+-----------------------------+-------+---------+---------+
       Total:                        2518    304       1720   
                                                              
    ./board/
       board.obj                     836     0         10     
    +--+-----------------------------+-------+---------+---------+
       Total:                        836     0         10     
                                                              
    ./cli_uart/
       cli_uart.obj                  64      0         0      
    +--+-----------------------------+-------+---------+---------+
       Total:                        64      0         0      
                                                              
    ./driverlib/MSP432P4xx/
       flash.obj                     5528    0         128    
       cs.obj                        3456    0         16     
       pcm.obj                       2104    0         0      
       interrupt.obj                 1008    144       456    
       rtc_c.obj                     1288    0         0      
       gpio.obj                      1152    28        96     
       sysctl.obj                    580     0         0      
       wdt_a.obj                     216     0         0      
       cpu.obj                       62      0         0      
    +--+-----------------------------+-------+---------+---------+
       Total:                        15394   172       696    
                                                              
    ./simplelink/source/
       driver.obj                    8244    76        730    
       socket.obj                    3796    52        0      
       wlan.obj                      2752    236       0      
       netapp.obj                    2876    40        0      
       device.obj                    1460    20        0      
       nonos.obj                     304     0         80     
       netcfg.obj                    272     8         0      
       flowcont.obj                  128     0         0      
    +--+-----------------------------+-------+---------+---------+
       Total:                        19832   432       810    
                                                              
    ./spi_cc3100/
       spi_cc3100.obj                532     0         0      
    +--+-----------------------------+-------+---------+---------+
       Total:                        532     0         0      
                                                              
    /home/student/ti/ccs1010/ccs/tools/compiler/ti-cgt-arm_20.2.5.LTS/lib/rtsv7M4_T_le_v4SPD16_eabi.lib
       _printfi.c.obj                4851    0         0      
       defs.c.obj                    0       0         832    
       memory.c.obj                  672     0         16     
       trgmsg.c.obj                  108     0         576    
       fd_add_t2.asm.obj             438     0         0      
       host_device.c.obj             0       0         400    
       fd_div_t2.asm.obj             310     0         0      
       fputs.c.obj                   276     0         0      
       s_scalbn.c.obj                272     0         0      
       fd_cmp_t2.asm.obj             268     0         0      
       ctype.c.obj                   0       257       0      
       fd_mul_t2.asm.obj             252     0         0      
       setvbuf.c.obj                 220     0         0      
       memcpy_t2.asm.obj             156     0         0      
       ull_div_t2.asm.obj            150     0         0      
       fputc.c.obj                   140     0         0      
       memset_t2.asm.obj             122     0         0      
       fclose.c.obj                  116     0         0      
       getdevice.c.obj               116     0         0      
       hostopen.c.obj                96      0         16     
       printf.c.obj                  112     0         0      
       hostrename.c.obj              108     0         0      
       copy_decompress_lzss.c.obj    104     0         0      
       hostlseek.c.obj               104     0         0      
       exit.c.obj                    76      0         24     
       fseek.c.obj                   100     0         0      
       s_frexp.c.obj                 100     0         0      
       _io_perm.c.obj                98      0         0      
       close.c.obj                   92      0         0      
       hostread.c.obj                88      0         0      
       hostwrite.c.obj               88      0         0      
       _ltoa.c.obj                   84      0         0      
       atoi.c.obj                    76      0         0      
       fflush.c.obj                  76      0         0      
       fd_toi_t2.asm.obj             72      0         0      
       autoinit.c.obj                68      0         0      
       hostclose.c.obj               68      0         0      
       hostunlink.c.obj              68      0         0      
       strncpy.c.obj                 54      0         0      
       boot_cortex_m.c.obj           52      0         0      
       fopen.c.obj                   52      0         0      
       strstr.c.obj                  52      0         0      
       i_tofd_t2.asm.obj             46      0         0      
       unlink.c.obj                  44      0         0      
       lseek.c.obj                   40      0         0      
       write.c.obj                   40      0         0      
       memchr.c.obj                  32      0         0      
       memccpy.c.obj                 28      0         0      
       s_copysign.c.obj              26      0         0      
       strcmp.c.obj                  24      0         0      
       strchr.c.obj                  22      0         0      
       strcpy.c.obj                  20      0         0      
       strlen.c.obj                  20      0         0      
       _lock.c.obj                   2       0         16     
       wcslen.c.obj                  18      0         0      
       errno.c.obj                   8       0         8      
       copy_decompress_none.c.obj    14      0         0      
       copy_zero_init.c.obj          12      0         0      
       pre_init.c.obj                4       0         0      
       div0.asm.obj                  2       0         0      
    +--+-----------------------------+-------+---------+---------+
       Total:                        10757   257       1888   
                                                              
       Heap:                         0       0         2048   
       Stack:                        0       0         1024   
       Linker Generated:             0       257       0      
    +--+-----------------------------+-------+---------+---------+
       Grand Total:                  49933   1422      8196   


LINKER GENERATED COPY TABLES

__TI_cinit_table @ 0000c8a0 records: 3, size/record: 8, table size: 24
	.data: load addr=0000c7b0, load size=000000cd bytes, run addr=20000b98, run size=00000270 bytes, compression=lzss
	.bss: load addr=0000c890, load size=00000008 bytes, run addr=200000e4, run size=000006b1 bytes, compression=zero_init
	.vtable: load addr=0000c898, load size=00000008 bytes, run addr=20000000, run size=000000e4 bytes, compression=zero_init


LINKER GENERATED HANDLER TABLE

__TI_handler_table @ 0000c880 records: 3, size/record: 4, table size: 12
	index: 0, handler: __TI_zero_init
	index: 1, handler: __TI_decompress_lzss
	index: 2, handler: __TI_decompress_none


GLOBAL SYMBOLS: SORTED ALPHABETICALLY BY Name 

address   name                                       
-------   ----                                       
0000c3d1  ADC14_IRQHandler                           
0000c3d1  AES256_IRQHandler                          
0000c3d1  BusFault_Handler                           
0000c3fd  C$$EXIT                                    
0000c0c7  C$$IO$$                                    
00009597  CC3100_InterruptDisable                    
00009575  CC3100_InterruptEnable                     
0000983f  CC3100_UART_ISR                            
0000955d  CC3100_disable                             
00009569  CC3100_enable                              
0000c015  CLI_Configure                              
0000bfe9  CLI_Read                                   
0000bfff  CLI_Write                                  
0000c3d1  COMP_E0_IRQHandler                         
0000c3d1  COMP_E1_IRQHandler                         
0000c08f  CPU_basepriGet                             
0000c081  CPU_basepriSet                             
0000c05b  CPU_cpsid                                  
0000c071  CPU_cpsie                                  
0000c067  CPU_primask                                
0000c07d  CPU_wfi                                    
0000c3d1  CS_IRQHandler                              
00005289  CS_clearInterruptFlag                      
00004b2d  CS_disableClockRequest                     
00004c13  CS_disableDCOExternalResistor              
0000515d  CS_disableFaultCounter                     
00005247  CS_disableInterrupt                        
00004b05  CS_enableClockRequest                      
00004b75  CS_enableDCOExternalResistor               
00005131  CS_enableFaultCounter                      
00005225  CS_enableInterrupt                         
000050c9  CS_getACLK                                 
00005089  CS_getBCLK                                 
00004d0d  CS_getDCOFrequency                         
0000526f  CS_getEnabledInterruptStatus               
000050a5  CS_getHSMCLK                               
00005269  CS_getInterruptStatus                      
0000510f  CS_getMCLK                                 
000050ed  CS_getSMCLK                                
00004825  CS_initClockSignal                         
000052ab  CS_registerInterrupt                       
00005189  CS_resetFaultCounter                       
00004c31  CS_setDCOCenteredFrequency                 
00004b9d  CS_setDCOExternalResistorCalibration       
00004eb1  CS_setDCOFrequency                         
000047e9  CS_setExternalClockSourceFrequency         
00004b4f  CS_setReferenceOscillatorFrequency         
000051d5  CS_startFaultCounter                       
00004929  CS_startHFXT                               
0000494d  CS_startHFXTWithTimeout                    
00004a11  CS_startLFXT                               
00004a35  CS_startLFXTWithTimeout                    
00004c69  CS_tuneDCOFrequency                        
000052bf  CS_unregisterInterrupt                     
00005961  CopyPingResultsToReport                    
0000c3d1  DMA_ERR_IRQHandler                         
0000c3d1  DMA_INT0_IRQHandler                        
0000c3d1  DMA_INT1_IRQHandler                        
0000c3d1  DMA_INT2_IRQHandler                        
0000c3d1  DMA_INT3_IRQHandler                        
0000c3d1  DebugMon_Handler                           
0000c3d1  Default_Handler                            
000097e9  Delay                                      
0000bfdd  EUSCIA0_IRQHandler                         
0000bfdd  EUSCIA0_IRQHandler                         
0000c3d1  EUSCIA1_IRQHandler                         
0000c3d1  EUSCIA2_IRQHandler                         
0000c3d1  EUSCIA3_IRQHandler                         
0000c3d1  EUSCIB0_IRQHandler                         
0000c3d1  EUSCIB1_IRQHandler                         
0000c3d1  EUSCIB2_IRQHandler                         
0000c3d1  EUSCIB3_IRQHandler                         
0000c3d1  FLCTL_IRQHandler                           
0000c3d1  FPU_IRQHandler                             
0000315f  FlashCtl_clearInterruptFlag                
00003023  FlashCtl_clearProgramVerification          
00003135  FlashCtl_disableInterrupt                  
00002695  FlashCtl_disableReadBuffering              
0000308d  FlashCtl_disableWordProgramming            
00003121  FlashCtl_enableInterrupt                   
00002641  FlashCtl_enableReadBuffering               
0000305d  FlashCtl_enableWordProgramming             
00002cc1  FlashCtl_eraseSector                       
0000314f  FlashCtl_getEnabledInterruptStatus         
00003149  FlashCtl_getInterruptStatus                
000022c3  FlashCtl_getMemoryInfo                     
00002b25  FlashCtl_getReadMode                       
000030f3  FlashCtl_getWaitState                      
00002b4f  FlashCtl_initiateMassErase                 
00002de5  FlashCtl_initiateSectorErase               
000027c5  FlashCtl_isSectorProtected                 
00003095  FlashCtl_isWordProgrammingEnabled          
00002b75  FlashCtl_performMassErase                  
00002e7d  FlashCtl_programMemory                     
00002765  FlashCtl_protectSector                     
00003173  FlashCtl_registerInterrupt                 
00002fe9  FlashCtl_setProgramVerification            
00002ab9  FlashCtl_setReadMode                       
000030b5  FlashCtl_setWaitState                      
000026f5  FlashCtl_unprotectSector                   
00003187  FlashCtl_unregisterInterrupt               
00002851  FlashCtl_verifyMemory                      
00008ffb  GPIO_clearInterruptFlag                    
00008fbb  GPIO_disableInterrupt                      
00008f99  GPIO_enableInterrupt                       
00009053  GPIO_getEnabledInterruptStatus             
00008f6b  GPIO_getInputPinValue                      
00008fdd  GPIO_getInterruptStatus                    
0000901d  GPIO_interruptEdgeSelect                   
00009113  GPIO_registerInterrupt                     
00008d13  GPIO_setAsInputPin                         
00008ec7  GPIO_setAsInputPinWithPullDownResistor     
00008f19  GPIO_setAsInputPinWithPullUpResistor       
00008cd9  GPIO_setAsOutputPin                        
00008ddd  GPIO_setAsPeripheralModuleFunctionInputPin 
00008d59  GPIO_setAsPeripheralModuleFunctionOutputPin
000090cf  GPIO_setDriveStrengthHigh                  
000090f1  GPIO_setDriveStrengthLow                   
00008e61  GPIO_setOutputHighOnPin                    
00008e83  GPIO_setOutputLowOnPin                     
00008ea5  GPIO_toggleOutputOnPin                     
00009133  GPIO_unregisterInterrupt                   
00009735  GetLEDStatus                               
0000becd  HOSTclose                                  
0000b8d9  HOSTlseek                                  
0000bb3d  HOSTopen                                   
0000bbf9  HOSTread                                   
0000b86d  HOSTrename                                 
0000bf11  HOSTunlink                                 
0000bc51  HOSTwrite                                  
0000c3d1  HardFault_Handler                          
20000794  IntIsMasked                                
0000931b  Interrupt_disableInterrupt                 
0000916b  Interrupt_disableMaster                    
00009519  Interrupt_disableSleepOnIsrExit            
000092a9  Interrupt_enableInterrupt                  
0000915b  Interrupt_enableMaster                     
00009507  Interrupt_enableSleepOnIsrExit             
00009283  Interrupt_getPriority                      
000091fb  Interrupt_getPriorityGrouping              
000094e7  Interrupt_getPriorityMask                  
00009501  Interrupt_getVectorTableAddress            
0000938d  Interrupt_isEnabled                        
00009419  Interrupt_pendInterrupt                    
0000917b  Interrupt_registerInterrupt                
00009233  Interrupt_setPriority                      
000091e1  Interrupt_setPriorityGrouping              
000094d7  Interrupt_setPriorityMask                  
000094f1  Interrupt_setVectorTableAddress            
00009489  Interrupt_unpendInterrupt                  
000091cd  Interrupt_unregisterInterrupt              
000095ab  MaskIntHdlr                                
0000c3d1  MemManage_Handler                          
0000c3d1  NMI_Handler                                
0000c3d1  PCM_IRQHandler                             
00007b2b  PCM_clearInterruptFlag                     
00007b01  PCM_disableInterrupt                       
00007ad9  PCM_disableRudeMode                        
00007aed  PCM_enableInterrupt                        
00007ac7  PCM_enableRudeMode                         
000074d3  PCM_getCoreVoltageLevel                    
00007b1b  PCM_getEnabledInterruptStatus              
00007b15  PCM_getInterruptStatus                     
00007479  PCM_getPowerMode                           
00007abb  PCM_getPowerState                          
000079ed  PCM_gotoLPM0                               
00007a0b  PCM_gotoLPM0InterruptSafe                  
00007a27  PCM_gotoLPM3                               
00007a9f  PCM_gotoLPM3InterruptSafe                  
000079c1  PCM_gotoLPM4                               
000079d1  PCM_gotoLPM4InterruptSafe                  
00007b3f  PCM_registerInterrupt                      
00007447  PCM_setCoreVoltageLevel                    
00007469  PCM_setCoreVoltageLevelNonBlocking         
00007457  PCM_setCoreVoltageLevelWithTimeout         
00007679  PCM_setPowerMode                           
00007689  PCM_setPowerModeNonBlocking                
00007699  PCM_setPowerModeWithTimeout                
0000794b  PCM_setPowerState                          
0000796d  PCM_setPowerStateNonBlocking               
0000795b  PCM_setPowerStateWithTimeout               
0000797d  PCM_shutdownDevice                         
00007b53  PCM_unregisterInterrupt                    
0000c3d1  PORT1_IRQHandler                           
00009819  PORT2_IRQHandler                           
00009819  PORT2_IRQHandler                           
0000c3d1  PORT3_IRQHandler                           
0000c3d1  PORT4_IRQHandler                           
0000c3d1  PORT5_IRQHandler                           
0000c3d1  PORT6_IRQHandler                           
0000c3d1  PSS_IRQHandler                             
0000c3d1  PendSV_Handler                             
000097e7  Port1_ISR                                  
0000c3d1  RTC_C_IRQHandler                           
00008c2d  RTC_C_clearInterruptFlag                   
00008a77  RTC_C_convertBCDToBinary                   
00008a8f  RTC_C_convertBinaryToBCD                   
000089d3  RTC_C_definePrescaleEvent                  
00008afd  RTC_C_disableInterrupt                     
00008aa7  RTC_C_enableInterrupt                      
00008905  RTC_C_getCalendarTime                      
00008bcd  RTC_C_getEnabledInterruptStatus            
00008b65  RTC_C_getInterruptStatus                   
000089fb  RTC_C_getPrescaleValue                     
000087ef  RTC_C_holdClock                            
00008893  RTC_C_initCalendar                         
00008c73  RTC_C_registerInterrupt                    
0000896b  RTC_C_setCalendarAlarm                     
000089a3  RTC_C_setCalendarEvent                     
0000883d  RTC_C_setCalibrationData                   
0000880d  RTC_C_setCalibrationFrequency              
00008a27  RTC_C_setPrescaleValue                     
00008869  RTC_C_setTemperatureCompensation           
000087d1  RTC_C_startClock                           
00008c91  RTC_C_unregisterInterrupt                  
0000c3c5  Reset_Handler                              
00004487  SL_FD_CLR                                  
000044ad  SL_FD_ISSET                                
00004465  SL_FD_SET                                  
000044d5  SL_FD_ZERO                                 
0000c3d1  SVC_Handler                                
000097a3  SelAntenna                                 
00007c07  SimpleLinkGeneralEventHandler              
00007bfb  SimpleLinkHttpServerCallback               
00007bd9  SimpleLinkNetAppEventHandler               
00007c11  SimpleLinkSockEventHandler                 
00007b89  SimpleLinkWlanEventHandler                 
0000a023  SysCtl_disableGlitchFilter                 
00009eb3  SysCtl_disableNMISource                    
00009fbb  SysCtl_disablePeripheralAtCPUHalt          
00009efd  SysCtl_disableSRAMBank                     
00009f81  SysCtl_disableSRAMBankRetention            
0000a017  SysCtl_enableGlitchFilter                  
00009ec7  SysCtl_enableNMISource                     
00009fa7  SysCtl_enablePeripheralAtCPUHalt           
00009ee1  SysCtl_enableSRAMBank                      
00009f65  SysCtl_enableSRAMBankRetention             
00009ead  SysCtl_getFlashSize                        
00009edb  SysCtl_getNMISourceStatus                  
00009ea7  SysCtl_getSRAMSize                         
00009e31  SysCtl_getTLVInfo                          
0000a02f  SysCtl_getTempCalibrationConstant          
00009f9d  SysCtl_rebootDevice                        
00009ff3  SysCtl_setWDTPasswordViolationResetType    
00009fcf  SysCtl_setWDTTimeoutResetType              
0000c3d1  SysTick_Handler                            
20000e04  SystemCoreClock                            
0000988d  SystemCoreClockUpdate                      
00009b05  SystemInit                                 
0000c3d1  T32_INT1_IRQHandler                        
0000c3d1  T32_INT2_IRQHandler                        
0000c3d1  T32_INTC_IRQHandler                        
0000c3d1  TA0_0_IRQHandler                           
0000c3d1  TA0_N_IRQHandler                           
0000c3d1  TA1_0_IRQHandler                           
0000c3d1  TA1_N_IRQHandler                           
0000c3d1  TA2_0_IRQHandler                           
0000c3d1  TA2_N_IRQHandler                           
0000c3d1  TA3_0_IRQHandler                           
0000c3d1  TA3_N_IRQHandler                           
000095b3  UnMaskIntHdlr                              
0000c3d1  UsageFault_Handler                         
4000480c  WDTCTL_SYM                                 
0000c3d1  WDT_A_IRQHandler                           
0000b209  WDT_A_clearTimer                           
0000b1c9  WDT_A_holdTimer                            
0000b245  WDT_A_initIntervalTimer                    
0000b229  WDT_A_initWatchdogTimer                    
0000b279  WDT_A_registerInterrupt                    
0000b261  WDT_A_setPasswordViolationReset            
0000b26d  WDT_A_setTimeoutReset                      
0000b1e9  WDT_A_startTimer                           
0000b28d  WDT_A_unregisterInterrupt                  
0000c714  _SlAcceptCmdCtrl                           
0000c604  _SlActionLookupTable                       
00000fb1  _SlAsyncEventGenericHandler                
0000c718  _SlDeviceGetCmdCtrl                        
0000c71c  _SlDeviceSetCmdCtrl                        
000019c9  _SlDrvBasicCmd                             
00001677  _SlDrvClassifyRxMsg                        
000002af  _SlDrvCmdOp                                
0000035f  _SlDrvCmdSend                              
000003b5  _SlDrvDataReadOp                           
000005b9  _SlDrvDataWriteOp                          
00008751  _SlDrvDeviceEventHandler                   
000001c9  _SlDrvDriverCBDeinit                       
000000e5  _SlDrvDriverCBInit                         
0000b65b  _SlDrvFlowContDeinit                       
0000b61d  _SlDrvFlowContInit                         
00000979  _SlDrvMsgRead                              
00001499  _SlDrvMsgReadCmdCtx                        
00001593  _SlDrvMsgReadSpawnCtx                      
00000785  _SlDrvMsgWrite                             
00005d31  _SlDrvNetAppEventHandler                   
00001ec1  _SlDrvObjDeInit                            
00001e45  _SlDrvObjInit                              
00001c39  _SlDrvReleasePoolObj                       
000017c5  _SlDrvRxHdrRead                            
0000026d  _SlDrvRxIrqHandler                         
0000177d  _SlDrvShiftDWord                           
00001a31  _SlDrvWaitForPoolObj                       
0000c720  _SlEventMaskGetCmdCtrl                     
0000c724  _SlEventMaskSetCmdCtrl                     
00001f9f  _SlFindAndSetActiveObj                     
0000c728  _SlGetHostByNameCtrl                       
0000c72c  _SlGetHostByServiceCtrl                    
0000c730  _SlGetServiceListeCtrl                     
0000c734  _SlGetSockOptCmdCtrl                       
0000c738  _SlListenCmdCtrl                           
0000c73c  _SlNetAppGetCmdCtrl                        
0000c740  _SlNetAppSendTokenValueCmdCtrl             
0000c744  _SlNetAppSetCmdCtrl                        
0000c748  _SlNetAppStartCtrl                         
0000c74c  _SlNetAppStopCtrl                          
0000c750  _SlNetCfgGetCmdCtrl                        
0000c754  _SlNetCfgSetCmdCtrl                        
0000a949  _SlNonOsMainLoopTask                       
0000a89d  _SlNonOsSemGet                             
0000a885  _SlNonOsSemSet                             
0000a8f9  _SlNonOsSpawn                              
0000c758  _SlPolicyGetCmdCtrl                        
0000c75c  _SlPolicySetCmdCtrl                        
0000c760  _SlProfileDelCmdCtrl                       
0000c764  _SlProfileGetCmdCtrl                       
0000c768  _SlRecvCmdCtrl                             
0000c76c  _SlRecvfomCmdCtrl                          
0000c770  _SlRegisterServiceCtrl                     
00001ee1  _SlRemoveFromList                          
0000c774  _SlRxFilterAddtCmdCtrl                     
0000c778  _SlRxFilterGetCmdCtrl                      
0000c77c  _SlRxFilterSetCmdCtrl                      
0000c780  _SlSelectCmdCtrl                           
0000c784  _SlSendCmdCtrl                             
0000c788  _SlSetSockOptCmdCtrl                       
0000c78c  _SlSmartConfigStartCmdCtrl                 
0000c790  _SlSockCloseCmdCtrl                        
0000c794  _SlSockSocketCmdCtrl                       
0000c798  _SlStopCmdCtrl                             
0000c79c  _SlWlanCfgGetCmdCtrl                       
0000c7a0  _SlWlanCfgSetCmdCtrl                       
0000c7a4  _SlWlanGetNetworkListCtrl                  
0000c7a8  _SlWlanSetModeCmdCtrl                      
2000059c  __CIOBUF_                                  
0000358b  __FlashCtl_remaskBurstDataPost             
00003471  __FlashCtl_remaskBurstDataPre              
000032b5  __FlashCtl_remaskData32Post                
00003399  __FlashCtl_remaskData32Pre                 
00003197  __FlashCtl_remaskData8Post                 
00003217  __FlashCtl_remaskData8Pre                  
20010000  __STACK_END                                
00000200  __STACK_SIZE                               
00000400  __SYSMEM_SIZE                              
0000c8a0  __TI_CINIT_Base                            
0000c8b8  __TI_CINIT_Limit                           
0000c880  __TI_Handler_Table_Base                    
0000c88c  __TI_Handler_Table_Limit                   
0000bf55  __TI_auto_init_nobinit_nopinit             
0000c109  __TI_cleanup                               
20000dd0  __TI_cleanup_ptr                           
0000b719  __TI_closefile                             
0000b941  __TI_decompress_lzss                       
0000c3b7  __TI_decompress_none                       
0000bda5  __TI_doflush                               
20000dd4  __TI_dtors_ptr                             
20000dd8  __TI_enable_exit_profile_output            
20000dc0  __TI_ft_end                                
0000bcff  __TI_ltoa                                  
ffffffff  __TI_pprof_out_hndl                        
00006901  __TI_printfi                               
ffffffff  __TI_prof_data_size                        
ffffffff  __TI_prof_data_start                       
0000c13d  __TI_readmsg                               
00000000  __TI_static_base__                         
200006bc  __TI_tmpnams                               
0000c099  __TI_writemsg                              
0000bad9  __TI_wrt_ok                                
0000c3d3  __TI_zero_init                             
0000b511  __aeabi_cdcmpeq                            
0000b511  __aeabi_cdcmple                            
0000b597  __aeabi_cdrcmple                           
0000be85  __aeabi_d2iz                               
0000a463  __aeabi_dadd                               
0000a74d  __aeabi_ddiv                               
0000af0d  __aeabi_dmul                               
0000a459  __aeabi_dsub                               
0000c3e1  __aeabi_errno_addr                         
0000c209  __aeabi_i2d                                
0000a60f  __aeabi_idiv0                              
0000a60f  __aeabi_ldiv0                              
0000b69d  __aeabi_memclr                             
0000b69d  __aeabi_memclr4                            
0000b69d  __aeabi_memclr8                            
0000b353  __aeabi_memcpy                             
0000b353  __aeabi_memcpy4                            
0000b353  __aeabi_memcpy8                            
0000b69f  __aeabi_memset                             
0000b69f  __aeabi_memset4                            
0000b69f  __aeabi_memset8                            
20000dcc  __aeabi_stderr                             
20000dc4  __aeabi_stdin                              
20000dc8  __aeabi_stdout                             
0000b3ef  __aeabi_uldivmod                           
ffffffff  __binit__                                  
ffffffff  __c_args__                                 
UNDEFED   __mpu_init                                 
2000fe00  __stack                                    
20000000  __start___llvm_prf_cnts                    
20000000  __stop___llvm_prf_cnts                     
0000c171  _c_int00_noargs                            
0000c400  _ctypes_                                   
20000c88  _device                                    
20000b98  _ftable                                    
20000de8  _lock                                      
0000734f  _nop                                       
000036b1  _sl_BuildAddress                           
0000821d  _sl_GetStartResponseConvert                
000040c5  _sl_HandleAsync_Accept                     
00003cbf  _sl_HandleAsync_Connect                    
0000574b  _sl_HandleAsync_DnsGetHostByAddr           
00005899  _sl_HandleAsync_DnsGetHostByName           
0000567d  _sl_HandleAsync_DnsGetHostByService        
00008381  _sl_HandleAsync_InitComplete               
0000599d  _sl_HandleAsync_PingResponse               
000044ed  _sl_HandleAsync_Select                     
00008433  _sl_HandleAsync_Stop                       
000037c9  _sl_ParseAddress                           
00003701  _sl_TruncatePayloadByProtocol              
20000d00  _stream                                    
20000798  _sys_memory                                
UNDEFED   _system_post_cinit                         
0000c3f9  _system_pre_init                           
20000dec  _unlock                                    
0000c3fd  abort                                      
0000ae0d  aligned_alloc                              
0000bdf1  atoi                                       
ffffffff  binit                                      
000095c7  clear_rts                                  
0000bb9d  close                                      
0000c335  copysign                                   
0000c335  copysignl                                  
20000e00  errno                                      
0000be3d  exit                                       
0000c1d9  finddevice                                 
0000b485  fputc                                      
0000aad9  fputs                                      
0000b009  free                                       
0000ba11  frexp                                      
0000ba11  frexpl                                     
0000ba75  fseek                                      
20000de4  gFirstCmdMode                              
200000e4  g_AppData                                  
0000c6c4  g_H2NCnysPattern                           
0000c6cc  g_H2NSyncPattern                           
20000438  g_StatMem                                  
20000dfc  g_Status                                   
2000075c  g__SlNonOsCB                               
20000ddc  g_pCB                                      
20000000  g_pfnRAMVectors                            
0000bf99  getdevice                                  
0000976f  initAntSelGPIO                             
000095d3  initClk                                    
00009647  initLEDs                                   
00000000  interruptVectors                           
0000acfd  ldexp                                      
0000acfd  ldexpl                                     
0000c28d  lseek                                      
00007c33  main                                       
0000c3e9  malloc                                     
0000ae0d  memalign                                   
0000c319  memccpy                                    
0000c2dd  memchr                                     
0000b353  memcpy                                     
0000b6a5  memset                                     
20000df8  pIraEventHandler                           
20000de0  pPingCallBackFunc                          
2000078c  parmbuf                                    
0000b9a9  printf                                     
0000b485  putc                                       
00009549  registerInterruptHandler                   
0000c239  remove                                     
0000acfd  scalbn                                     
0000acfd  scalbnl                                    
000095bb  set_rts                                    
0000b0ed  setvbuf                                    
00003ec1  sl_Accept                                  
000038a3  sl_Bind                                    
00003879  sl_Close                                   
00003b69  sl_Connect                                 
0000864d  sl_DevGet                                  
000086eb  sl_DevSet                                  
00008619  sl_EventMaskGet                            
000085df  sl_EventMaskSet                            
00004245  sl_GetSockOpt                              
00004043  sl_Htonl                                   
00004085  sl_Htons                                   
00003e81  sl_Listen                                  
00005759  sl_NetAppDnsGetHostByName                  
0000554d  sl_NetAppDnsGetHostByService               
00005ca1  sl_NetAppGet                               
0000534d  sl_NetAppGetServiceList                    
000054d1  sl_NetAppMDNSRegisterService               
0000541d  sl_NetAppMDNSRegisterUnregisterService     
0000550d  sl_NetAppMDNSUnRegisterService             
00005a61  sl_NetAppPingStart                         
00005c3d  sl_NetAppSendTokenValue                    
00005bd1  sl_NetAppSet                               
00005305  sl_NetAppStart                             
00005329  sl_NetAppStop                              
0000ac53  sl_NetCfgGet                               
0000abed  sl_NetCfgSet                               
0000415d  sl_Recv                                    
00003a47  sl_RecvFrom                                
000042df  sl_Select                                  
00003d71  sl_Send                                    
0000392b  sl_SendTo                                  
000041d9  sl_SetSockOpt                              
00003823  sl_Socket                                  
0000827d  sl_Start                                   
000084b7  sl_Stop                                    
00008275  sl_Task                                    
00005e41  sl_WlanConnect                             
00006079  sl_WlanDisconnect                          
00006849  sl_WlanGet                                 
00006511  sl_WlanGetNetworkList                      
000060ed  sl_WlanPolicyGet                           
00006085  sl_WlanPolicySet                           
00006191  sl_WlanProfileAdd                          
000064e3  sl_WlanProfileDel                          
00006401  sl_WlanProfileGet                          
00006583  sl_WlanRxFilterAdd                         
00006645  sl_WlanRxFilterGet                         
000065f1  sl_WlanRxFilterSet                         
000066d3  sl_WlanRxStatGet                           
000066bb  sl_WlanRxStatStart                         
000066c7  sl_WlanRxStatStop                          
000067d5  sl_WlanSet                                 
000067a5  sl_WlanSetMode                             
00006719  sl_WlanSmartConfigStart                    
00006709  sl_WlanSmartConfigStop                     
0000a075  spi_Close                                  
0000a081  spi_Open                                   
0000a1cd  spi_Read                                   
0000a173  spi_Write                                  
0000963d  stopWDT                                    
0000c367  strchr                                     
0000c34f  strcmp                                     
0000c37d  strcpy                                     
0000c391  strlen                                     
0000c0d1  strncpy                                    
0000c1a5  strstr                                     
00009701  toggleLed                                  
000096cd  turnLedOff                                 
00009699  turnLedOn                                  
0000c239  unlink                                     
0000c3a5  wcslen                                     
0000c2b5  write                                      


GLOBAL SYMBOLS: SORTED BY Symbol Address 

address   name                                       
-------   ----                                       
00000000  __TI_static_base__                         
00000000  interruptVectors                           
000000e5  _SlDrvDriverCBInit                         
000001c9  _SlDrvDriverCBDeinit                       
00000200  __STACK_SIZE                               
0000026d  _SlDrvRxIrqHandler                         
000002af  _SlDrvCmdOp                                
0000035f  _SlDrvCmdSend                              
000003b5  _SlDrvDataReadOp                           
00000400  __SYSMEM_SIZE                              
000005b9  _SlDrvDataWriteOp                          
00000785  _SlDrvMsgWrite                             
00000979  _SlDrvMsgRead                              
00000fb1  _SlAsyncEventGenericHandler                
00001499  _SlDrvMsgReadCmdCtx                        
00001593  _SlDrvMsgReadSpawnCtx                      
00001677  _SlDrvClassifyRxMsg                        
0000177d  _SlDrvShiftDWord                           
000017c5  _SlDrvRxHdrRead                            
000019c9  _SlDrvBasicCmd                             
00001a31  _SlDrvWaitForPoolObj                       
00001c39  _SlDrvReleasePoolObj                       
00001e45  _SlDrvObjInit                              
00001ec1  _SlDrvObjDeInit                            
00001ee1  _SlRemoveFromList                          
00001f9f  _SlFindAndSetActiveObj                     
000022c3  FlashCtl_getMemoryInfo                     
00002641  FlashCtl_enableReadBuffering               
00002695  FlashCtl_disableReadBuffering              
000026f5  FlashCtl_unprotectSector                   
00002765  FlashCtl_protectSector                     
000027c5  FlashCtl_isSectorProtected                 
00002851  FlashCtl_verifyMemory                      
00002ab9  FlashCtl_setReadMode                       
00002b25  FlashCtl_getReadMode                       
00002b4f  FlashCtl_initiateMassErase                 
00002b75  FlashCtl_performMassErase                  
00002cc1  FlashCtl_eraseSector                       
00002de5  FlashCtl_initiateSectorErase               
00002e7d  FlashCtl_programMemory                     
00002fe9  FlashCtl_setProgramVerification            
00003023  FlashCtl_clearProgramVerification          
0000305d  FlashCtl_enableWordProgramming             
0000308d  FlashCtl_disableWordProgramming            
00003095  FlashCtl_isWordProgrammingEnabled          
000030b5  FlashCtl_setWaitState                      
000030f3  FlashCtl_getWaitState                      
00003121  FlashCtl_enableInterrupt                   
00003135  FlashCtl_disableInterrupt                  
00003149  FlashCtl_getInterruptStatus                
0000314f  FlashCtl_getEnabledInterruptStatus         
0000315f  FlashCtl_clearInterruptFlag                
00003173  FlashCtl_registerInterrupt                 
00003187  FlashCtl_unregisterInterrupt               
00003197  __FlashCtl_remaskData8Post                 
00003217  __FlashCtl_remaskData8Pre                  
000032b5  __FlashCtl_remaskData32Post                
00003399  __FlashCtl_remaskData32Pre                 
00003471  __FlashCtl_remaskBurstDataPre              
0000358b  __FlashCtl_remaskBurstDataPost             
000036b1  _sl_BuildAddress                           
00003701  _sl_TruncatePayloadByProtocol              
000037c9  _sl_ParseAddress                           
00003823  sl_Socket                                  
00003879  sl_Close                                   
000038a3  sl_Bind                                    
0000392b  sl_SendTo                                  
00003a47  sl_RecvFrom                                
00003b69  sl_Connect                                 
00003cbf  _sl_HandleAsync_Connect                    
00003d71  sl_Send                                    
00003e81  sl_Listen                                  
00003ec1  sl_Accept                                  
00004043  sl_Htonl                                   
00004085  sl_Htons                                   
000040c5  _sl_HandleAsync_Accept                     
0000415d  sl_Recv                                    
000041d9  sl_SetSockOpt                              
00004245  sl_GetSockOpt                              
000042df  sl_Select                                  
00004465  SL_FD_SET                                  
00004487  SL_FD_CLR                                  
000044ad  SL_FD_ISSET                                
000044d5  SL_FD_ZERO                                 
000044ed  _sl_HandleAsync_Select                     
000047e9  CS_setExternalClockSourceFrequency         
00004825  CS_initClockSignal                         
00004929  CS_startHFXT                               
0000494d  CS_startHFXTWithTimeout                    
00004a11  CS_startLFXT                               
00004a35  CS_startLFXTWithTimeout                    
00004b05  CS_enableClockRequest                      
00004b2d  CS_disableClockRequest                     
00004b4f  CS_setReferenceOscillatorFrequency         
00004b75  CS_enableDCOExternalResistor               
00004b9d  CS_setDCOExternalResistorCalibration       
00004c13  CS_disableDCOExternalResistor              
00004c31  CS_setDCOCenteredFrequency                 
00004c69  CS_tuneDCOFrequency                        
00004d0d  CS_getDCOFrequency                         
00004eb1  CS_setDCOFrequency                         
00005089  CS_getBCLK                                 
000050a5  CS_getHSMCLK                               
000050c9  CS_getACLK                                 
000050ed  CS_getSMCLK                                
0000510f  CS_getMCLK                                 
00005131  CS_enableFaultCounter                      
0000515d  CS_disableFaultCounter                     
00005189  CS_resetFaultCounter                       
000051d5  CS_startFaultCounter                       
00005225  CS_enableInterrupt                         
00005247  CS_disableInterrupt                        
00005269  CS_getInterruptStatus                      
0000526f  CS_getEnabledInterruptStatus               
00005289  CS_clearInterruptFlag                      
000052ab  CS_registerInterrupt                       
000052bf  CS_unregisterInterrupt                     
00005305  sl_NetAppStart                             
00005329  sl_NetAppStop                              
0000534d  sl_NetAppGetServiceList                    
0000541d  sl_NetAppMDNSRegisterUnregisterService     
000054d1  sl_NetAppMDNSRegisterService               
0000550d  sl_NetAppMDNSUnRegisterService             
0000554d  sl_NetAppDnsGetHostByService               
0000567d  _sl_HandleAsync_DnsGetHostByService        
0000574b  _sl_HandleAsync_DnsGetHostByAddr           
00005759  sl_NetAppDnsGetHostByName                  
00005899  _sl_HandleAsync_DnsGetHostByName           
00005961  CopyPingResultsToReport                    
0000599d  _sl_HandleAsync_PingResponse               
00005a61  sl_NetAppPingStart                         
00005bd1  sl_NetAppSet                               
00005c3d  sl_NetAppSendTokenValue                    
00005ca1  sl_NetAppGet                               
00005d31  _SlDrvNetAppEventHandler                   
00005e41  sl_WlanConnect                             
00006079  sl_WlanDisconnect                          
00006085  sl_WlanPolicySet                           
000060ed  sl_WlanPolicyGet                           
00006191  sl_WlanProfileAdd                          
00006401  sl_WlanProfileGet                          
000064e3  sl_WlanProfileDel                          
00006511  sl_WlanGetNetworkList                      
00006583  sl_WlanRxFilterAdd                         
000065f1  sl_WlanRxFilterSet                         
00006645  sl_WlanRxFilterGet                         
000066bb  sl_WlanRxStatStart                         
000066c7  sl_WlanRxStatStop                          
000066d3  sl_WlanRxStatGet                           
00006709  sl_WlanSmartConfigStop                     
00006719  sl_WlanSmartConfigStart                    
000067a5  sl_WlanSetMode                             
000067d5  sl_WlanSet                                 
00006849  sl_WlanGet                                 
00006901  __TI_printfi                               
0000734f  _nop                                       
00007447  PCM_setCoreVoltageLevel                    
00007457  PCM_setCoreVoltageLevelWithTimeout         
00007469  PCM_setCoreVoltageLevelNonBlocking         
00007479  PCM_getPowerMode                           
000074d3  PCM_getCoreVoltageLevel                    
00007679  PCM_setPowerMode                           
00007689  PCM_setPowerModeNonBlocking                
00007699  PCM_setPowerModeWithTimeout                
0000794b  PCM_setPowerState                          
0000795b  PCM_setPowerStateWithTimeout               
0000796d  PCM_setPowerStateNonBlocking               
0000797d  PCM_shutdownDevice                         
000079c1  PCM_gotoLPM4                               
000079d1  PCM_gotoLPM4InterruptSafe                  
000079ed  PCM_gotoLPM0                               
00007a0b  PCM_gotoLPM0InterruptSafe                  
00007a27  PCM_gotoLPM3                               
00007a9f  PCM_gotoLPM3InterruptSafe                  
00007abb  PCM_getPowerState                          
00007ac7  PCM_enableRudeMode                         
00007ad9  PCM_disableRudeMode                        
00007aed  PCM_enableInterrupt                        
00007b01  PCM_disableInterrupt                       
00007b15  PCM_getInterruptStatus                     
00007b1b  PCM_getEnabledInterruptStatus              
00007b2b  PCM_clearInterruptFlag                     
00007b3f  PCM_registerInterrupt                      
00007b53  PCM_unregisterInterrupt                    
00007b89  SimpleLinkWlanEventHandler                 
00007bd9  SimpleLinkNetAppEventHandler               
00007bfb  SimpleLinkHttpServerCallback               
00007c07  SimpleLinkGeneralEventHandler              
00007c11  SimpleLinkSockEventHandler                 
00007c33  main                                       
0000821d  _sl_GetStartResponseConvert                
00008275  sl_Task                                    
0000827d  sl_Start                                   
00008381  _sl_HandleAsync_InitComplete               
00008433  _sl_HandleAsync_Stop                       
000084b7  sl_Stop                                    
000085df  sl_EventMaskSet                            
00008619  sl_EventMaskGet                            
0000864d  sl_DevGet                                  
000086eb  sl_DevSet                                  
00008751  _SlDrvDeviceEventHandler                   
000087d1  RTC_C_startClock                           
000087ef  RTC_C_holdClock                            
0000880d  RTC_C_setCalibrationFrequency              
0000883d  RTC_C_setCalibrationData                   
00008869  RTC_C_setTemperatureCompensation           
00008893  RTC_C_initCalendar                         
00008905  RTC_C_getCalendarTime                      
0000896b  RTC_C_setCalendarAlarm                     
000089a3  RTC_C_setCalendarEvent                     
000089d3  RTC_C_definePrescaleEvent                  
000089fb  RTC_C_getPrescaleValue                     
00008a27  RTC_C_setPrescaleValue                     
00008a77  RTC_C_convertBCDToBinary                   
00008a8f  RTC_C_convertBinaryToBCD                   
00008aa7  RTC_C_enableInterrupt                      
00008afd  RTC_C_disableInterrupt                     
00008b65  RTC_C_getInterruptStatus                   
00008bcd  RTC_C_getEnabledInterruptStatus            
00008c2d  RTC_C_clearInterruptFlag                   
00008c73  RTC_C_registerInterrupt                    
00008c91  RTC_C_unregisterInterrupt                  
00008cd9  GPIO_setAsOutputPin                        
00008d13  GPIO_setAsInputPin                         
00008d59  GPIO_setAsPeripheralModuleFunctionOutputPin
00008ddd  GPIO_setAsPeripheralModuleFunctionInputPin 
00008e61  GPIO_setOutputHighOnPin                    
00008e83  GPIO_setOutputLowOnPin                     
00008ea5  GPIO_toggleOutputOnPin                     
00008ec7  GPIO_setAsInputPinWithPullDownResistor     
00008f19  GPIO_setAsInputPinWithPullUpResistor       
00008f6b  GPIO_getInputPinValue                      
00008f99  GPIO_enableInterrupt                       
00008fbb  GPIO_disableInterrupt                      
00008fdd  GPIO_getInterruptStatus                    
00008ffb  GPIO_clearInterruptFlag                    
0000901d  GPIO_interruptEdgeSelect                   
00009053  GPIO_getEnabledInterruptStatus             
000090cf  GPIO_setDriveStrengthHigh                  
000090f1  GPIO_setDriveStrengthLow                   
00009113  GPIO_registerInterrupt                     
00009133  GPIO_unregisterInterrupt                   
0000915b  Interrupt_enableMaster                     
0000916b  Interrupt_disableMaster                    
0000917b  Interrupt_registerInterrupt                
000091cd  Interrupt_unregisterInterrupt              
000091e1  Interrupt_setPriorityGrouping              
000091fb  Interrupt_getPriorityGrouping              
00009233  Interrupt_setPriority                      
00009283  Interrupt_getPriority                      
000092a9  Interrupt_enableInterrupt                  
0000931b  Interrupt_disableInterrupt                 
0000938d  Interrupt_isEnabled                        
00009419  Interrupt_pendInterrupt                    
00009489  Interrupt_unpendInterrupt                  
000094d7  Interrupt_setPriorityMask                  
000094e7  Interrupt_getPriorityMask                  
000094f1  Interrupt_setVectorTableAddress            
00009501  Interrupt_getVectorTableAddress            
00009507  Interrupt_enableSleepOnIsrExit             
00009519  Interrupt_disableSleepOnIsrExit            
00009549  registerInterruptHandler                   
0000955d  CC3100_disable                             
00009569  CC3100_enable                              
00009575  CC3100_InterruptEnable                     
00009597  CC3100_InterruptDisable                    
000095ab  MaskIntHdlr                                
000095b3  UnMaskIntHdlr                              
000095bb  set_rts                                    
000095c7  clear_rts                                  
000095d3  initClk                                    
0000963d  stopWDT                                    
00009647  initLEDs                                   
00009699  turnLedOn                                  
000096cd  turnLedOff                                 
00009701  toggleLed                                  
00009735  GetLEDStatus                               
0000976f  initAntSelGPIO                             
000097a3  SelAntenna                                 
000097e7  Port1_ISR                                  
000097e9  Delay                                      
00009819  PORT2_IRQHandler                           
00009819  PORT2_IRQHandler                           
0000983f  CC3100_UART_ISR                            
0000988d  SystemCoreClockUpdate                      
00009b05  SystemInit                                 
00009e31  SysCtl_getTLVInfo                          
00009ea7  SysCtl_getSRAMSize                         
00009ead  SysCtl_getFlashSize                        
00009eb3  SysCtl_disableNMISource                    
00009ec7  SysCtl_enableNMISource                     
00009edb  SysCtl_getNMISourceStatus                  
00009ee1  SysCtl_enableSRAMBank                      
00009efd  SysCtl_disableSRAMBank                     
00009f65  SysCtl_enableSRAMBankRetention             
00009f81  SysCtl_disableSRAMBankRetention            
00009f9d  SysCtl_rebootDevice                        
00009fa7  SysCtl_enablePeripheralAtCPUHalt           
00009fbb  SysCtl_disablePeripheralAtCPUHalt          
00009fcf  SysCtl_setWDTTimeoutResetType              
00009ff3  SysCtl_setWDTPasswordViolationResetType    
0000a017  SysCtl_enableGlitchFilter                  
0000a023  SysCtl_disableGlitchFilter                 
0000a02f  SysCtl_getTempCalibrationConstant          
0000a075  spi_Close                                  
0000a081  spi_Open                                   
0000a173  spi_Write                                  
0000a1cd  spi_Read                                   
0000a459  __aeabi_dsub                               
0000a463  __aeabi_dadd                               
0000a60f  __aeabi_idiv0                              
0000a60f  __aeabi_ldiv0                              
0000a74d  __aeabi_ddiv                               
0000a885  _SlNonOsSemSet                             
0000a89d  _SlNonOsSemGet                             
0000a8f9  _SlNonOsSpawn                              
0000a949  _SlNonOsMainLoopTask                       
0000aad9  fputs                                      
0000abed  sl_NetCfgSet                               
0000ac53  sl_NetCfgGet                               
0000acfd  ldexp                                      
0000acfd  ldexpl                                     
0000acfd  scalbn                                     
0000acfd  scalbnl                                    
0000ae0d  aligned_alloc                              
0000ae0d  memalign                                   
0000af0d  __aeabi_dmul                               
0000b009  free                                       
0000b0ed  setvbuf                                    
0000b1c9  WDT_A_holdTimer                            
0000b1e9  WDT_A_startTimer                           
0000b209  WDT_A_clearTimer                           
0000b229  WDT_A_initWatchdogTimer                    
0000b245  WDT_A_initIntervalTimer                    
0000b261  WDT_A_setPasswordViolationReset            
0000b26d  WDT_A_setTimeoutReset                      
0000b279  WDT_A_registerInterrupt                    
0000b28d  WDT_A_unregisterInterrupt                  
0000b353  __aeabi_memcpy                             
0000b353  __aeabi_memcpy4                            
0000b353  __aeabi_memcpy8                            
0000b353  memcpy                                     
0000b3ef  __aeabi_uldivmod                           
0000b485  fputc                                      
0000b485  putc                                       
0000b511  __aeabi_cdcmpeq                            
0000b511  __aeabi_cdcmple                            
0000b597  __aeabi_cdrcmple                           
0000b61d  _SlDrvFlowContInit                         
0000b65b  _SlDrvFlowContDeinit                       
0000b69d  __aeabi_memclr                             
0000b69d  __aeabi_memclr4                            
0000b69d  __aeabi_memclr8                            
0000b69f  __aeabi_memset                             
0000b69f  __aeabi_memset4                            
0000b69f  __aeabi_memset8                            
0000b6a5  memset                                     
0000b719  __TI_closefile                             
0000b86d  HOSTrename                                 
0000b8d9  HOSTlseek                                  
0000b941  __TI_decompress_lzss                       
0000b9a9  printf                                     
0000ba11  frexp                                      
0000ba11  frexpl                                     
0000ba75  fseek                                      
0000bad9  __TI_wrt_ok                                
0000bb3d  HOSTopen                                   
0000bb9d  close                                      
0000bbf9  HOSTread                                   
0000bc51  HOSTwrite                                  
0000bcff  __TI_ltoa                                  
0000bda5  __TI_doflush                               
0000bdf1  atoi                                       
0000be3d  exit                                       
0000be85  __aeabi_d2iz                               
0000becd  HOSTclose                                  
0000bf11  HOSTunlink                                 
0000bf55  __TI_auto_init_nobinit_nopinit             
0000bf99  getdevice                                  
0000bfdd  EUSCIA0_IRQHandler                         
0000bfdd  EUSCIA0_IRQHandler                         
0000bfe9  CLI_Read                                   
0000bfff  CLI_Write                                  
0000c015  CLI_Configure                              
0000c05b  CPU_cpsid                                  
0000c067  CPU_primask                                
0000c071  CPU_cpsie                                  
0000c07d  CPU_wfi                                    
0000c081  CPU_basepriSet                             
0000c08f  CPU_basepriGet                             
0000c099  __TI_writemsg                              
0000c0c7  C$$IO$$                                    
0000c0d1  strncpy                                    
0000c109  __TI_cleanup                               
0000c13d  __TI_readmsg                               
0000c171  _c_int00_noargs                            
0000c1a5  strstr                                     
0000c1d9  finddevice                                 
0000c209  __aeabi_i2d                                
0000c239  remove                                     
0000c239  unlink                                     
0000c28d  lseek                                      
0000c2b5  write                                      
0000c2dd  memchr                                     
0000c319  memccpy                                    
0000c335  copysign                                   
0000c335  copysignl                                  
0000c34f  strcmp                                     
0000c367  strchr                                     
0000c37d  strcpy                                     
0000c391  strlen                                     
0000c3a5  wcslen                                     
0000c3b7  __TI_decompress_none                       
0000c3c5  Reset_Handler                              
0000c3d1  ADC14_IRQHandler                           
0000c3d1  AES256_IRQHandler                          
0000c3d1  BusFault_Handler                           
0000c3d1  COMP_E0_IRQHandler                         
0000c3d1  COMP_E1_IRQHandler                         
0000c3d1  CS_IRQHandler                              
0000c3d1  DMA_ERR_IRQHandler                         
0000c3d1  DMA_INT0_IRQHandler                        
0000c3d1  DMA_INT1_IRQHandler                        
0000c3d1  DMA_INT2_IRQHandler                        
0000c3d1  DMA_INT3_IRQHandler                        
0000c3d1  DebugMon_Handler                           
0000c3d1  Default_Handler                            
0000c3d1  EUSCIA1_IRQHandler                         
0000c3d1  EUSCIA2_IRQHandler                         
0000c3d1  EUSCIA3_IRQHandler                         
0000c3d1  EUSCIB0_IRQHandler                         
0000c3d1  EUSCIB1_IRQHandler                         
0000c3d1  EUSCIB2_IRQHandler                         
0000c3d1  EUSCIB3_IRQHandler                         
0000c3d1  FLCTL_IRQHandler                           
0000c3d1  FPU_IRQHandler                             
0000c3d1  HardFault_Handler                          
0000c3d1  MemManage_Handler                          
0000c3d1  NMI_Handler                                
0000c3d1  PCM_IRQHandler                             
0000c3d1  PORT1_IRQHandler                           
0000c3d1  PORT3_IRQHandler                           
0000c3d1  PORT4_IRQHandler                           
0000c3d1  PORT5_IRQHandler                           
0000c3d1  PORT6_IRQHandler                           
0000c3d1  PSS_IRQHandler                             
0000c3d1  PendSV_Handler                             
0000c3d1  RTC_C_IRQHandler                           
0000c3d1  SVC_Handler                                
0000c3d1  SysTick_Handler                            
0000c3d1  T32_INT1_IRQHandler                        
0000c3d1  T32_INT2_IRQHandler                        
0000c3d1  T32_INTC_IRQHandler                        
0000c3d1  TA0_0_IRQHandler                           
0000c3d1  TA0_N_IRQHandler                           
0000c3d1  TA1_0_IRQHandler                           
0000c3d1  TA1_N_IRQHandler                           
0000c3d1  TA2_0_IRQHandler                           
0000c3d1  TA2_N_IRQHandler                           
0000c3d1  TA3_0_IRQHandler                           
0000c3d1  TA3_N_IRQHandler                           
0000c3d1  UsageFault_Handler                         
0000c3d1  WDT_A_IRQHandler                           
0000c3d3  __TI_zero_init                             
0000c3e1  __aeabi_errno_addr                         
0000c3e9  malloc                                     
0000c3f9  _system_pre_init                           
0000c3fd  C$$EXIT                                    
0000c3fd  abort                                      
0000c400  _ctypes_                                   
0000c604  _SlActionLookupTable                       
0000c6c4  g_H2NCnysPattern                           
0000c6cc  g_H2NSyncPattern                           
0000c714  _SlAcceptCmdCtrl                           
0000c718  _SlDeviceGetCmdCtrl                        
0000c71c  _SlDeviceSetCmdCtrl                        
0000c720  _SlEventMaskGetCmdCtrl                     
0000c724  _SlEventMaskSetCmdCtrl                     
0000c728  _SlGetHostByNameCtrl                       
0000c72c  _SlGetHostByServiceCtrl                    
0000c730  _SlGetServiceListeCtrl                     
0000c734  _SlGetSockOptCmdCtrl                       
0000c738  _SlListenCmdCtrl                           
0000c73c  _SlNetAppGetCmdCtrl                        
0000c740  _SlNetAppSendTokenValueCmdCtrl             
0000c744  _SlNetAppSetCmdCtrl                        
0000c748  _SlNetAppStartCtrl                         
0000c74c  _SlNetAppStopCtrl                          
0000c750  _SlNetCfgGetCmdCtrl                        
0000c754  _SlNetCfgSetCmdCtrl                        
0000c758  _SlPolicyGetCmdCtrl                        
0000c75c  _SlPolicySetCmdCtrl                        
0000c760  _SlProfileDelCmdCtrl                       
0000c764  _SlProfileGetCmdCtrl                       
0000c768  _SlRecvCmdCtrl                             
0000c76c  _SlRecvfomCmdCtrl                          
0000c770  _SlRegisterServiceCtrl                     
0000c774  _SlRxFilterAddtCmdCtrl                     
0000c778  _SlRxFilterGetCmdCtrl                      
0000c77c  _SlRxFilterSetCmdCtrl                      
0000c780  _SlSelectCmdCtrl                           
0000c784  _SlSendCmdCtrl                             
0000c788  _SlSetSockOptCmdCtrl                       
0000c78c  _SlSmartConfigStartCmdCtrl                 
0000c790  _SlSockCloseCmdCtrl                        
0000c794  _SlSockSocketCmdCtrl                       
0000c798  _SlStopCmdCtrl                             
0000c79c  _SlWlanCfgGetCmdCtrl                       
0000c7a0  _SlWlanCfgSetCmdCtrl                       
0000c7a4  _SlWlanGetNetworkListCtrl                  
0000c7a8  _SlWlanSetModeCmdCtrl                      
0000c880  __TI_Handler_Table_Base                    
0000c88c  __TI_Handler_Table_Limit                   
0000c8a0  __TI_CINIT_Base                            
0000c8b8  __TI_CINIT_Limit                           
20000000  __start___llvm_prf_cnts                    
20000000  __stop___llvm_prf_cnts                     
20000000  g_pfnRAMVectors                            
200000e4  g_AppData                                  
20000438  g_StatMem                                  
2000059c  __CIOBUF_                                  
200006bc  __TI_tmpnams                               
2000075c  g__SlNonOsCB                               
2000078c  parmbuf                                    
20000794  IntIsMasked                                
20000798  _sys_memory                                
20000b98  _ftable                                    
20000c88  _device                                    
20000d00  _stream                                    
20000dc0  __TI_ft_end                                
20000dc4  __aeabi_stdin                              
20000dc8  __aeabi_stdout                             
20000dcc  __aeabi_stderr                             
20000dd0  __TI_cleanup_ptr                           
20000dd4  __TI_dtors_ptr                             
20000dd8  __TI_enable_exit_profile_output            
20000ddc  g_pCB                                      
20000de0  pPingCallBackFunc                          
20000de4  gFirstCmdMode                              
20000de8  _lock                                      
20000dec  _unlock                                    
20000df8  pIraEventHandler                           
20000dfc  g_Status                                   
20000e00  errno                                      
20000e04  SystemCoreClock                            
2000fe00  __stack                                    
20010000  __STACK_END                                
4000480c  WDTCTL_SYM                                 
ffffffff  __TI_pprof_out_hndl                        
ffffffff  __TI_prof_data_size                        
ffffffff  __TI_prof_data_start                       
ffffffff  __binit__                                  
ffffffff  __c_args__                                 
ffffffff  binit                                      
UNDEFED   __mpu_init                                 
UNDEFED   _system_post_cinit                         

[556 symbols]
