<?xml version="1.0" encoding="ISO-8859-1" ?>
<link_info>
   <banner>TI ARM Linker Unix v20.2.5.LTS</banner>
   <copyright>Copyright (c) 1996-2018 Texas Instruments Incorporated</copyright>
   <link_time>0x63c04825</link_time>
   <link_errors>0x0</link_errors>
   <output_file>http-example.out</output_file>
   <entry_point>
      <name>_c_int00_noargs</name>
      <address>0xc171</address>
   </entry_point>
   <input_file_list>
      <input_file id="fl-2">
         <path>./</path>
         <kind>object</kind>
         <file>main.obj</file>
         <name>main.obj</name>
      </input_file>
      <input_file id="fl-3">
         <path>./</path>
         <kind>object</kind>
         <file>startup_msp432p401r_ccs.obj</file>
         <name>startup_msp432p401r_ccs.obj</name>
      </input_file>
      <input_file id="fl-4">
         <path>./</path>
         <kind>object</kind>
         <file>system_msp432p401r.obj</file>
         <name>system_msp432p401r.obj</name>
      </input_file>
      <input_file id="fl-5">
         <path>./board/</path>
         <kind>object</kind>
         <file>board.obj</file>
         <name>board.obj</name>
      </input_file>
      <input_file id="fl-6">
         <path>./cli_uart/</path>
         <kind>object</kind>
         <file>cli_uart.obj</file>
         <name>cli_uart.obj</name>
      </input_file>
      <input_file id="fl-7">
         <path>./driverlib/MSP432P4xx/</path>
         <kind>object</kind>
         <file>adc14.obj</file>
         <name>adc14.obj</name>
      </input_file>
      <input_file id="fl-8">
         <path>./driverlib/MSP432P4xx/</path>
         <kind>object</kind>
         <file>aes256.obj</file>
         <name>aes256.obj</name>
      </input_file>
      <input_file id="fl-9">
         <path>./driverlib/MSP432P4xx/</path>
         <kind>object</kind>
         <file>comp_e.obj</file>
         <name>comp_e.obj</name>
      </input_file>
      <input_file id="fl-a">
         <path>./driverlib/MSP432P4xx/</path>
         <kind>object</kind>
         <file>cpu.obj</file>
         <name>cpu.obj</name>
      </input_file>
      <input_file id="fl-b">
         <path>./driverlib/MSP432P4xx/</path>
         <kind>object</kind>
         <file>crc32.obj</file>
         <name>crc32.obj</name>
      </input_file>
      <input_file id="fl-c">
         <path>./driverlib/MSP432P4xx/</path>
         <kind>object</kind>
         <file>cs.obj</file>
         <name>cs.obj</name>
      </input_file>
      <input_file id="fl-d">
         <path>./driverlib/MSP432P4xx/</path>
         <kind>object</kind>
         <file>dma.obj</file>
         <name>dma.obj</name>
      </input_file>
      <input_file id="fl-e">
         <path>./driverlib/MSP432P4xx/</path>
         <kind>object</kind>
         <file>flash.obj</file>
         <name>flash.obj</name>
      </input_file>
      <input_file id="fl-f">
         <path>./driverlib/MSP432P4xx/</path>
         <kind>object</kind>
         <file>fpu.obj</file>
         <name>fpu.obj</name>
      </input_file>
      <input_file id="fl-10">
         <path>./driverlib/MSP432P4xx/</path>
         <kind>object</kind>
         <file>gpio.obj</file>
         <name>gpio.obj</name>
      </input_file>
      <input_file id="fl-11">
         <path>./driverlib/MSP432P4xx/</path>
         <kind>object</kind>
         <file>i2c.obj</file>
         <name>i2c.obj</name>
      </input_file>
      <input_file id="fl-12">
         <path>./driverlib/MSP432P4xx/</path>
         <kind>object</kind>
         <file>interrupt.obj</file>
         <name>interrupt.obj</name>
      </input_file>
      <input_file id="fl-13">
         <path>./driverlib/MSP432P4xx/</path>
         <kind>object</kind>
         <file>mpu.obj</file>
         <name>mpu.obj</name>
      </input_file>
      <input_file id="fl-14">
         <path>./driverlib/MSP432P4xx/</path>
         <kind>object</kind>
         <file>pcm.obj</file>
         <name>pcm.obj</name>
      </input_file>
      <input_file id="fl-15">
         <path>./driverlib/MSP432P4xx/</path>
         <kind>object</kind>
         <file>pmap.obj</file>
         <name>pmap.obj</name>
      </input_file>
      <input_file id="fl-16">
         <path>./driverlib/MSP432P4xx/</path>
         <kind>object</kind>
         <file>pss.obj</file>
         <name>pss.obj</name>
      </input_file>
      <input_file id="fl-17">
         <path>./driverlib/MSP432P4xx/</path>
         <kind>object</kind>
         <file>ref_a.obj</file>
         <name>ref_a.obj</name>
      </input_file>
      <input_file id="fl-18">
         <path>./driverlib/MSP432P4xx/</path>
         <kind>object</kind>
         <file>reset.obj</file>
         <name>reset.obj</name>
      </input_file>
      <input_file id="fl-19">
         <path>./driverlib/MSP432P4xx/</path>
         <kind>object</kind>
         <file>rtc_c.obj</file>
         <name>rtc_c.obj</name>
      </input_file>
      <input_file id="fl-1a">
         <path>./driverlib/MSP432P4xx/</path>
         <kind>object</kind>
         <file>spi.obj</file>
         <name>spi.obj</name>
      </input_file>
      <input_file id="fl-1b">
         <path>./driverlib/MSP432P4xx/</path>
         <kind>object</kind>
         <file>sysctl.obj</file>
         <name>sysctl.obj</name>
      </input_file>
      <input_file id="fl-1c">
         <path>./driverlib/MSP432P4xx/</path>
         <kind>object</kind>
         <file>systick.obj</file>
         <name>systick.obj</name>
      </input_file>
      <input_file id="fl-1d">
         <path>./driverlib/MSP432P4xx/</path>
         <kind>object</kind>
         <file>timer32.obj</file>
         <name>timer32.obj</name>
      </input_file>
      <input_file id="fl-1e">
         <path>./driverlib/MSP432P4xx/</path>
         <kind>object</kind>
         <file>timer_a.obj</file>
         <name>timer_a.obj</name>
      </input_file>
      <input_file id="fl-1f">
         <path>./driverlib/MSP432P4xx/</path>
         <kind>object</kind>
         <file>uart.obj</file>
         <name>uart.obj</name>
      </input_file>
      <input_file id="fl-20">
         <path>./driverlib/MSP432P4xx/</path>
         <kind>object</kind>
         <file>wdt_a.obj</file>
         <name>wdt_a.obj</name>
      </input_file>
      <input_file id="fl-21">
         <path>./simplelink/source/</path>
         <kind>object</kind>
         <file>device.obj</file>
         <name>device.obj</name>
      </input_file>
      <input_file id="fl-22">
         <path>./simplelink/source/</path>
         <kind>object</kind>
         <file>driver.obj</file>
         <name>driver.obj</name>
      </input_file>
      <input_file id="fl-23">
         <path>./simplelink/source/</path>
         <kind>object</kind>
         <file>flowcont.obj</file>
         <name>flowcont.obj</name>
      </input_file>
      <input_file id="fl-24">
         <path>./simplelink/source/</path>
         <kind>object</kind>
         <file>fs.obj</file>
         <name>fs.obj</name>
      </input_file>
      <input_file id="fl-25">
         <path>./simplelink/source/</path>
         <kind>object</kind>
         <file>netapp.obj</file>
         <name>netapp.obj</name>
      </input_file>
      <input_file id="fl-26">
         <path>./simplelink/source/</path>
         <kind>object</kind>
         <file>netcfg.obj</file>
         <name>netcfg.obj</name>
      </input_file>
      <input_file id="fl-27">
         <path>./simplelink/source/</path>
         <kind>object</kind>
         <file>nonos.obj</file>
         <name>nonos.obj</name>
      </input_file>
      <input_file id="fl-28">
         <path>./simplelink/source/</path>
         <kind>object</kind>
         <file>socket.obj</file>
         <name>socket.obj</name>
      </input_file>
      <input_file id="fl-29">
         <path>./simplelink/source/</path>
         <kind>object</kind>
         <file>spawn.obj</file>
         <name>spawn.obj</name>
      </input_file>
      <input_file id="fl-2a">
         <path>./simplelink/source/</path>
         <kind>object</kind>
         <file>wlan.obj</file>
         <name>wlan.obj</name>
      </input_file>
      <input_file id="fl-2b">
         <path>./spi_cc3100/</path>
         <kind>object</kind>
         <file>spi_cc3100.obj</file>
         <name>spi_cc3100.obj</name>
      </input_file>
      <input_file id="fl-2c">
         <path>./uart_cc3100/</path>
         <kind>object</kind>
         <file>uart_cc3100.obj</file>
         <name>uart_cc3100.obj</name>
      </input_file>
      <input_file id="fl-30">
         <kind>object</kind>
         <file>&lt;internal&gt;</file>
         <name>&lt;internal&gt;</name>
      </input_file>
      <input_file id="fl-e6">
         <path>/home/student/ti/ccs1010/ccs/tools/compiler/ti-cgt-arm_20.2.5.LTS/lib/</path>
         <kind>archive</kind>
         <file>rtsv7M4_T_le_v4SPD16_eabi.lib</file>
         <name>printf.c.obj</name>
      </input_file>
      <input_file id="fl-e7">
         <path>/home/student/ti/ccs1010/ccs/tools/compiler/ti-cgt-arm_20.2.5.LTS/lib/</path>
         <kind>archive</kind>
         <file>rtsv7M4_T_le_v4SPD16_eabi.lib</file>
         <name>_printfi.c.obj</name>
      </input_file>
      <input_file id="fl-e8">
         <path>/home/student/ti/ccs1010/ccs/tools/compiler/ti-cgt-arm_20.2.5.LTS/lib/</path>
         <kind>archive</kind>
         <file>rtsv7M4_T_le_v4SPD16_eabi.lib</file>
         <name>fputc.c.obj</name>
      </input_file>
      <input_file id="fl-e9">
         <path>/home/student/ti/ccs1010/ccs/tools/compiler/ti-cgt-arm_20.2.5.LTS/lib/</path>
         <kind>archive</kind>
         <file>rtsv7M4_T_le_v4SPD16_eabi.lib</file>
         <name>fputs.c.obj</name>
      </input_file>
      <input_file id="fl-ea">
         <path>/home/student/ti/ccs1010/ccs/tools/compiler/ti-cgt-arm_20.2.5.LTS/lib/</path>
         <kind>archive</kind>
         <file>rtsv7M4_T_le_v4SPD16_eabi.lib</file>
         <name>_io_perm.c.obj</name>
      </input_file>
      <input_file id="fl-eb">
         <path>/home/student/ti/ccs1010/ccs/tools/compiler/ti-cgt-arm_20.2.5.LTS/lib/</path>
         <kind>archive</kind>
         <file>rtsv7M4_T_le_v4SPD16_eabi.lib</file>
         <name>setvbuf.c.obj</name>
      </input_file>
      <input_file id="fl-ec">
         <path>/home/student/ti/ccs1010/ccs/tools/compiler/ti-cgt-arm_20.2.5.LTS/lib/</path>
         <kind>archive</kind>
         <file>rtsv7M4_T_le_v4SPD16_eabi.lib</file>
         <name>s_frexp.c.obj</name>
      </input_file>
      <input_file id="fl-ed">
         <path>/home/student/ti/ccs1010/ccs/tools/compiler/ti-cgt-arm_20.2.5.LTS/lib/</path>
         <kind>archive</kind>
         <file>rtsv7M4_T_le_v4SPD16_eabi.lib</file>
         <name>s_scalbn.c.obj</name>
      </input_file>
      <input_file id="fl-ee">
         <path>/home/student/ti/ccs1010/ccs/tools/compiler/ti-cgt-arm_20.2.5.LTS/lib/</path>
         <kind>archive</kind>
         <file>rtsv7M4_T_le_v4SPD16_eabi.lib</file>
         <name>wcslen.c.obj</name>
      </input_file>
      <input_file id="fl-ef">
         <path>/home/student/ti/ccs1010/ccs/tools/compiler/ti-cgt-arm_20.2.5.LTS/lib/</path>
         <kind>archive</kind>
         <file>rtsv7M4_T_le_v4SPD16_eabi.lib</file>
         <name>fd_add_t2.asm.obj</name>
      </input_file>
      <input_file id="fl-f0">
         <path>/home/student/ti/ccs1010/ccs/tools/compiler/ti-cgt-arm_20.2.5.LTS/lib/</path>
         <kind>archive</kind>
         <file>rtsv7M4_T_le_v4SPD16_eabi.lib</file>
         <name>fd_cmp_t2.asm.obj</name>
      </input_file>
      <input_file id="fl-f1">
         <path>/home/student/ti/ccs1010/ccs/tools/compiler/ti-cgt-arm_20.2.5.LTS/lib/</path>
         <kind>archive</kind>
         <file>rtsv7M4_T_le_v4SPD16_eabi.lib</file>
         <name>fd_div_t2.asm.obj</name>
      </input_file>
      <input_file id="fl-f2">
         <path>/home/student/ti/ccs1010/ccs/tools/compiler/ti-cgt-arm_20.2.5.LTS/lib/</path>
         <kind>archive</kind>
         <file>rtsv7M4_T_le_v4SPD16_eabi.lib</file>
         <name>fd_mul_t2.asm.obj</name>
      </input_file>
      <input_file id="fl-f3">
         <path>/home/student/ti/ccs1010/ccs/tools/compiler/ti-cgt-arm_20.2.5.LTS/lib/</path>
         <kind>archive</kind>
         <file>rtsv7M4_T_le_v4SPD16_eabi.lib</file>
         <name>fd_toi_t2.asm.obj</name>
      </input_file>
      <input_file id="fl-f4">
         <path>/home/student/ti/ccs1010/ccs/tools/compiler/ti-cgt-arm_20.2.5.LTS/lib/</path>
         <kind>archive</kind>
         <file>rtsv7M4_T_le_v4SPD16_eabi.lib</file>
         <name>i_tofd_t2.asm.obj</name>
      </input_file>
      <input_file id="fl-f5">
         <path>/home/student/ti/ccs1010/ccs/tools/compiler/ti-cgt-arm_20.2.5.LTS/lib/</path>
         <kind>archive</kind>
         <file>rtsv7M4_T_le_v4SPD16_eabi.lib</file>
         <name>memcpy_t2.asm.obj</name>
      </input_file>
      <input_file id="fl-f6">
         <path>/home/student/ti/ccs1010/ccs/tools/compiler/ti-cgt-arm_20.2.5.LTS/lib/</path>
         <kind>archive</kind>
         <file>rtsv7M4_T_le_v4SPD16_eabi.lib</file>
         <name>ull_div_t2.asm.obj</name>
      </input_file>
      <input_file id="fl-f7">
         <path>/home/student/ti/ccs1010/ccs/tools/compiler/ti-cgt-arm_20.2.5.LTS/lib/</path>
         <kind>archive</kind>
         <file>rtsv7M4_T_le_v4SPD16_eabi.lib</file>
         <name>memset_t2.asm.obj</name>
      </input_file>
      <input_file id="fl-f8">
         <path>/home/student/ti/ccs1010/ccs/tools/compiler/ti-cgt-arm_20.2.5.LTS/lib/</path>
         <kind>archive</kind>
         <file>rtsv7M4_T_le_v4SPD16_eabi.lib</file>
         <name>copy_zero_init.c.obj</name>
      </input_file>
      <input_file id="fl-f9">
         <path>/home/student/ti/ccs1010/ccs/tools/compiler/ti-cgt-arm_20.2.5.LTS/lib/</path>
         <kind>archive</kind>
         <file>rtsv7M4_T_le_v4SPD16_eabi.lib</file>
         <name>copy_decompress_none.c.obj</name>
      </input_file>
      <input_file id="fl-fa">
         <path>/home/student/ti/ccs1010/ccs/tools/compiler/ti-cgt-arm_20.2.5.LTS/lib/</path>
         <kind>archive</kind>
         <file>rtsv7M4_T_le_v4SPD16_eabi.lib</file>
         <name>copy_decompress_lzss.c.obj</name>
      </input_file>
      <input_file id="fl-fb">
         <path>/home/student/ti/ccs1010/ccs/tools/compiler/ti-cgt-arm_20.2.5.LTS/lib/</path>
         <kind>archive</kind>
         <file>rtsv7M4_T_le_v4SPD16_eabi.lib</file>
         <name>exit.c.obj</name>
      </input_file>
      <input_file id="fl-fc">
         <path>/home/student/ti/ccs1010/ccs/tools/compiler/ti-cgt-arm_20.2.5.LTS/lib/</path>
         <kind>archive</kind>
         <file>rtsv7M4_T_le_v4SPD16_eabi.lib</file>
         <name>_lock.c.obj</name>
      </input_file>
      <input_file id="fl-fd">
         <path>/home/student/ti/ccs1010/ccs/tools/compiler/ti-cgt-arm_20.2.5.LTS/lib/</path>
         <kind>archive</kind>
         <file>rtsv7M4_T_le_v4SPD16_eabi.lib</file>
         <name>_ltoa.c.obj</name>
      </input_file>
      <input_file id="fl-fe">
         <path>/home/student/ti/ccs1010/ccs/tools/compiler/ti-cgt-arm_20.2.5.LTS/lib/</path>
         <kind>archive</kind>
         <file>rtsv7M4_T_le_v4SPD16_eabi.lib</file>
         <name>atoi.c.obj</name>
      </input_file>
      <input_file id="fl-ff">
         <path>/home/student/ti/ccs1010/ccs/tools/compiler/ti-cgt-arm_20.2.5.LTS/lib/</path>
         <kind>archive</kind>
         <file>rtsv7M4_T_le_v4SPD16_eabi.lib</file>
         <name>ctype.c.obj</name>
      </input_file>
      <input_file id="fl-100">
         <path>/home/student/ti/ccs1010/ccs/tools/compiler/ti-cgt-arm_20.2.5.LTS/lib/</path>
         <kind>archive</kind>
         <file>rtsv7M4_T_le_v4SPD16_eabi.lib</file>
         <name>defs.c.obj</name>
      </input_file>
      <input_file id="fl-101">
         <path>/home/student/ti/ccs1010/ccs/tools/compiler/ti-cgt-arm_20.2.5.LTS/lib/</path>
         <kind>archive</kind>
         <file>rtsv7M4_T_le_v4SPD16_eabi.lib</file>
         <name>memccpy.c.obj</name>
      </input_file>
      <input_file id="fl-102">
         <path>/home/student/ti/ccs1010/ccs/tools/compiler/ti-cgt-arm_20.2.5.LTS/lib/</path>
         <kind>archive</kind>
         <file>rtsv7M4_T_le_v4SPD16_eabi.lib</file>
         <name>memchr.c.obj</name>
      </input_file>
      <input_file id="fl-103">
         <path>/home/student/ti/ccs1010/ccs/tools/compiler/ti-cgt-arm_20.2.5.LTS/lib/</path>
         <kind>archive</kind>
         <file>rtsv7M4_T_le_v4SPD16_eabi.lib</file>
         <name>memory.c.obj</name>
      </input_file>
      <input_file id="fl-104">
         <path>/home/student/ti/ccs1010/ccs/tools/compiler/ti-cgt-arm_20.2.5.LTS/lib/</path>
         <kind>archive</kind>
         <file>rtsv7M4_T_le_v4SPD16_eabi.lib</file>
         <name>strchr.c.obj</name>
      </input_file>
      <input_file id="fl-105">
         <path>/home/student/ti/ccs1010/ccs/tools/compiler/ti-cgt-arm_20.2.5.LTS/lib/</path>
         <kind>archive</kind>
         <file>rtsv7M4_T_le_v4SPD16_eabi.lib</file>
         <name>strcpy.c.obj</name>
      </input_file>
      <input_file id="fl-106">
         <path>/home/student/ti/ccs1010/ccs/tools/compiler/ti-cgt-arm_20.2.5.LTS/lib/</path>
         <kind>archive</kind>
         <file>rtsv7M4_T_le_v4SPD16_eabi.lib</file>
         <name>strlen.c.obj</name>
      </input_file>
      <input_file id="fl-107">
         <path>/home/student/ti/ccs1010/ccs/tools/compiler/ti-cgt-arm_20.2.5.LTS/lib/</path>
         <kind>archive</kind>
         <file>rtsv7M4_T_le_v4SPD16_eabi.lib</file>
         <name>strstr.c.obj</name>
      </input_file>
      <input_file id="fl-108">
         <path>/home/student/ti/ccs1010/ccs/tools/compiler/ti-cgt-arm_20.2.5.LTS/lib/</path>
         <kind>archive</kind>
         <file>rtsv7M4_T_le_v4SPD16_eabi.lib</file>
         <name>errno.c.obj</name>
      </input_file>
      <input_file id="fl-109">
         <path>/home/student/ti/ccs1010/ccs/tools/compiler/ti-cgt-arm_20.2.5.LTS/lib/</path>
         <kind>archive</kind>
         <file>rtsv7M4_T_le_v4SPD16_eabi.lib</file>
         <name>boot_cortex_m.c.obj</name>
      </input_file>
      <input_file id="fl-10a">
         <path>/home/student/ti/ccs1010/ccs/tools/compiler/ti-cgt-arm_20.2.5.LTS/lib/</path>
         <kind>archive</kind>
         <file>rtsv7M4_T_le_v4SPD16_eabi.lib</file>
         <name>write.c.obj</name>
      </input_file>
      <input_file id="fl-10b">
         <path>/home/student/ti/ccs1010/ccs/tools/compiler/ti-cgt-arm_20.2.5.LTS/lib/</path>
         <kind>archive</kind>
         <file>rtsv7M4_T_le_v4SPD16_eabi.lib</file>
         <name>host_device.c.obj</name>
      </input_file>
      <input_file id="fl-10c">
         <path>/home/student/ti/ccs1010/ccs/tools/compiler/ti-cgt-arm_20.2.5.LTS/lib/</path>
         <kind>archive</kind>
         <file>rtsv7M4_T_le_v4SPD16_eabi.lib</file>
         <name>fflush.c.obj</name>
      </input_file>
      <input_file id="fl-10d">
         <path>/home/student/ti/ccs1010/ccs/tools/compiler/ti-cgt-arm_20.2.5.LTS/lib/</path>
         <kind>archive</kind>
         <file>rtsv7M4_T_le_v4SPD16_eabi.lib</file>
         <name>fopen.c.obj</name>
      </input_file>
      <input_file id="fl-10e">
         <path>/home/student/ti/ccs1010/ccs/tools/compiler/ti-cgt-arm_20.2.5.LTS/lib/</path>
         <kind>archive</kind>
         <file>rtsv7M4_T_le_v4SPD16_eabi.lib</file>
         <name>fseek.c.obj</name>
      </input_file>
      <input_file id="fl-10f">
         <path>/home/student/ti/ccs1010/ccs/tools/compiler/ti-cgt-arm_20.2.5.LTS/lib/</path>
         <kind>archive</kind>
         <file>rtsv7M4_T_le_v4SPD16_eabi.lib</file>
         <name>s_copysign.c.obj</name>
      </input_file>
      <input_file id="fl-110">
         <path>/home/student/ti/ccs1010/ccs/tools/compiler/ti-cgt-arm_20.2.5.LTS/lib/</path>
         <kind>archive</kind>
         <file>rtsv7M4_T_le_v4SPD16_eabi.lib</file>
         <name>div0.asm.obj</name>
      </input_file>
      <input_file id="fl-111">
         <path>/home/student/ti/ccs1010/ccs/tools/compiler/ti-cgt-arm_20.2.5.LTS/lib/</path>
         <kind>archive</kind>
         <file>rtsv7M4_T_le_v4SPD16_eabi.lib</file>
         <name>autoinit.c.obj</name>
      </input_file>
      <input_file id="fl-112">
         <path>/home/student/ti/ccs1010/ccs/tools/compiler/ti-cgt-arm_20.2.5.LTS/lib/</path>
         <kind>archive</kind>
         <file>rtsv7M4_T_le_v4SPD16_eabi.lib</file>
         <name>pre_init.c.obj</name>
      </input_file>
      <input_file id="fl-113">
         <path>/home/student/ti/ccs1010/ccs/tools/compiler/ti-cgt-arm_20.2.5.LTS/lib/</path>
         <kind>archive</kind>
         <file>rtsv7M4_T_le_v4SPD16_eabi.lib</file>
         <name>cpy_tbl.c.obj</name>
      </input_file>
      <input_file id="fl-114">
         <path>/home/student/ti/ccs1010/ccs/tools/compiler/ti-cgt-arm_20.2.5.LTS/lib/</path>
         <kind>archive</kind>
         <file>rtsv7M4_T_le_v4SPD16_eabi.lib</file>
         <name>args_main.c.obj</name>
      </input_file>
      <input_file id="fl-115">
         <path>/home/student/ti/ccs1010/ccs/tools/compiler/ti-cgt-arm_20.2.5.LTS/lib/</path>
         <kind>archive</kind>
         <file>rtsv7M4_T_le_v4SPD16_eabi.lib</file>
         <name>hostclose.c.obj</name>
      </input_file>
      <input_file id="fl-116">
         <path>/home/student/ti/ccs1010/ccs/tools/compiler/ti-cgt-arm_20.2.5.LTS/lib/</path>
         <kind>archive</kind>
         <file>rtsv7M4_T_le_v4SPD16_eabi.lib</file>
         <name>hostlseek.c.obj</name>
      </input_file>
      <input_file id="fl-117">
         <path>/home/student/ti/ccs1010/ccs/tools/compiler/ti-cgt-arm_20.2.5.LTS/lib/</path>
         <kind>archive</kind>
         <file>rtsv7M4_T_le_v4SPD16_eabi.lib</file>
         <name>hostopen.c.obj</name>
      </input_file>
      <input_file id="fl-118">
         <path>/home/student/ti/ccs1010/ccs/tools/compiler/ti-cgt-arm_20.2.5.LTS/lib/</path>
         <kind>archive</kind>
         <file>rtsv7M4_T_le_v4SPD16_eabi.lib</file>
         <name>hostread.c.obj</name>
      </input_file>
      <input_file id="fl-119">
         <path>/home/student/ti/ccs1010/ccs/tools/compiler/ti-cgt-arm_20.2.5.LTS/lib/</path>
         <kind>archive</kind>
         <file>rtsv7M4_T_le_v4SPD16_eabi.lib</file>
         <name>hostrename.c.obj</name>
      </input_file>
      <input_file id="fl-11a">
         <path>/home/student/ti/ccs1010/ccs/tools/compiler/ti-cgt-arm_20.2.5.LTS/lib/</path>
         <kind>archive</kind>
         <file>rtsv7M4_T_le_v4SPD16_eabi.lib</file>
         <name>hostunlink.c.obj</name>
      </input_file>
      <input_file id="fl-11b">
         <path>/home/student/ti/ccs1010/ccs/tools/compiler/ti-cgt-arm_20.2.5.LTS/lib/</path>
         <kind>archive</kind>
         <file>rtsv7M4_T_le_v4SPD16_eabi.lib</file>
         <name>hostwrite.c.obj</name>
      </input_file>
      <input_file id="fl-11c">
         <path>/home/student/ti/ccs1010/ccs/tools/compiler/ti-cgt-arm_20.2.5.LTS/lib/</path>
         <kind>archive</kind>
         <file>rtsv7M4_T_le_v4SPD16_eabi.lib</file>
         <name>trgmsg.c.obj</name>
      </input_file>
      <input_file id="fl-11d">
         <path>/home/student/ti/ccs1010/ccs/tools/compiler/ti-cgt-arm_20.2.5.LTS/lib/</path>
         <kind>archive</kind>
         <file>rtsv7M4_T_le_v4SPD16_eabi.lib</file>
         <name>open.c.obj</name>
      </input_file>
      <input_file id="fl-11e">
         <path>/home/student/ti/ccs1010/ccs/tools/compiler/ti-cgt-arm_20.2.5.LTS/lib/</path>
         <kind>archive</kind>
         <file>rtsv7M4_T_le_v4SPD16_eabi.lib</file>
         <name>lseek.c.obj</name>
      </input_file>
      <input_file id="fl-11f">
         <path>/home/student/ti/ccs1010/ccs/tools/compiler/ti-cgt-arm_20.2.5.LTS/lib/</path>
         <kind>archive</kind>
         <file>rtsv7M4_T_le_v4SPD16_eabi.lib</file>
         <name>fclose.c.obj</name>
      </input_file>
      <input_file id="fl-120">
         <path>/home/student/ti/ccs1010/ccs/tools/compiler/ti-cgt-arm_20.2.5.LTS/lib/</path>
         <kind>archive</kind>
         <file>rtsv7M4_T_le_v4SPD16_eabi.lib</file>
         <name>getdevice.c.obj</name>
      </input_file>
      <input_file id="fl-121">
         <path>/home/student/ti/ccs1010/ccs/tools/compiler/ti-cgt-arm_20.2.5.LTS/lib/</path>
         <kind>archive</kind>
         <file>rtsv7M4_T_le_v4SPD16_eabi.lib</file>
         <name>strcmp.c.obj</name>
      </input_file>
      <input_file id="fl-122">
         <path>/home/student/ti/ccs1010/ccs/tools/compiler/ti-cgt-arm_20.2.5.LTS/lib/</path>
         <kind>archive</kind>
         <file>rtsv7M4_T_le_v4SPD16_eabi.lib</file>
         <name>strncpy.c.obj</name>
      </input_file>
      <input_file id="fl-123">
         <path>/home/student/ti/ccs1010/ccs/tools/compiler/ti-cgt-arm_20.2.5.LTS/lib/</path>
         <kind>archive</kind>
         <file>rtsv7M4_T_le_v4SPD16_eabi.lib</file>
         <name>remove.c.obj</name>
      </input_file>
      <input_file id="fl-124">
         <path>/home/student/ti/ccs1010/ccs/tools/compiler/ti-cgt-arm_20.2.5.LTS/lib/</path>
         <kind>archive</kind>
         <file>rtsv7M4_T_le_v4SPD16_eabi.lib</file>
         <name>close.c.obj</name>
      </input_file>
      <input_file id="fl-125">
         <path>/home/student/ti/ccs1010/ccs/tools/compiler/ti-cgt-arm_20.2.5.LTS/lib/</path>
         <kind>archive</kind>
         <file>rtsv7M4_T_le_v4SPD16_eabi.lib</file>
         <name>unlink.c.obj</name>
      </input_file>
   </input_file_list>
   <object_component_list>
      <object_component id="oc-26">
         <name>.intvecs:retain</name>
         <load_address>0x0</load_address>
         <run_address>0x0</run_address>
         <size>0xe4</size>
         <input_file_ref idref="fl-3"/>
      </object_component>
      <object_component id="oc-221">
         <name>.text</name>
         <load_address>0xe4</load_address>
         <run_address>0xe4</run_address>
         <size>0x2034</size>
         <input_file_ref idref="fl-22"/>
      </object_component>
      <object_component id="oc-d3">
         <name>.text</name>
         <load_address>0x2118</load_address>
         <run_address>0x2118</run_address>
         <size>0x1598</size>
         <input_file_ref idref="fl-e"/>
      </object_component>
      <object_component id="oc-12b">
         <name>.text</name>
         <load_address>0x36b0</load_address>
         <run_address>0x36b0</run_address>
         <size>0xed4</size>
         <input_file_ref idref="fl-28"/>
      </object_component>
      <object_component id="oc-cd">
         <name>.text</name>
         <load_address>0x4584</load_address>
         <run_address>0x4584</run_address>
         <size>0xd80</size>
         <input_file_ref idref="fl-c"/>
      </object_component>
      <object_component id="oc-11f">
         <name>.text</name>
         <load_address>0x5304</load_address>
         <run_address>0x5304</run_address>
         <size>0xb3c</size>
         <input_file_ref idref="fl-25"/>
      </object_component>
      <object_component id="oc-149">
         <name>.text</name>
         <load_address>0x5e40</load_address>
         <run_address>0x5e40</run_address>
         <size>0xac0</size>
         <input_file_ref idref="fl-2a"/>
      </object_component>
      <object_component id="oc-2b0">
         <name>.text:__TI_printfi</name>
         <load_address>0x6900</load_address>
         <run_address>0x6900</run_address>
         <size>0xa4e</size>
         <input_file_ref idref="fl-e7"/>
      </object_component>
      <object_component id="oc-433">
         <name>.text:_nop</name>
         <load_address>0x734e</load_address>
         <run_address>0x734e</run_address>
         <size>0x2</size>
         <input_file_ref idref="fl-fc"/>
      </object_component>
      <object_component id="oc-d9">
         <name>.text</name>
         <load_address>0x7350</load_address>
         <run_address>0x7350</run_address>
         <size>0x838</size>
         <input_file_ref idref="fl-14"/>
      </object_component>
      <object_component id="oc-a6">
         <name>.text</name>
         <load_address>0x7b88</load_address>
         <run_address>0x7b88</run_address>
         <size>0x694</size>
         <input_file_ref idref="fl-2"/>
      </object_component>
      <object_component id="oc-113">
         <name>.text</name>
         <load_address>0x821c</load_address>
         <run_address>0x821c</run_address>
         <size>0x5b4</size>
         <input_file_ref idref="fl-21"/>
      </object_component>
      <object_component id="oc-20b">
         <name>.text</name>
         <load_address>0x87d0</load_address>
         <run_address>0x87d0</run_address>
         <size>0x508</size>
         <input_file_ref idref="fl-19"/>
      </object_component>
      <object_component id="oc-c7">
         <name>.text</name>
         <load_address>0x8cd8</load_address>
         <run_address>0x8cd8</run_address>
         <size>0x480</size>
         <input_file_ref idref="fl-10"/>
      </object_component>
      <object_component id="oc-c1">
         <name>.text</name>
         <load_address>0x9158</load_address>
         <run_address>0x9158</run_address>
         <size>0x3f0</size>
         <input_file_ref idref="fl-12"/>
      </object_component>
      <object_component id="oc-76">
         <name>.text</name>
         <load_address>0x9548</load_address>
         <run_address>0x9548</run_address>
         <size>0x344</size>
         <input_file_ref idref="fl-5"/>
      </object_component>
      <object_component id="oc-b8">
         <name>.text</name>
         <load_address>0x988c</load_address>
         <run_address>0x988c</run_address>
         <size>0x334</size>
         <input_file_ref idref="fl-4"/>
      </object_component>
      <object_component id="oc-40f">
         <name>.text:_pconv_a</name>
         <load_address>0x9bc0</load_address>
         <run_address>0x9bc0</run_address>
         <size>0x270</size>
         <input_file_ref idref="fl-e7"/>
      </object_component>
      <object_component id="oc-1f8">
         <name>.text</name>
         <load_address>0x9e30</load_address>
         <run_address>0x9e30</run_address>
         <size>0x244</size>
         <input_file_ref idref="fl-1b"/>
      </object_component>
      <object_component id="oc-227">
         <name>.text</name>
         <load_address>0xa074</load_address>
         <run_address>0xa074</run_address>
         <size>0x214</size>
         <input_file_ref idref="fl-2b"/>
      </object_component>
      <object_component id="oc-3fd">
         <name>.text:_pconv_g</name>
         <load_address>0xa288</load_address>
         <run_address>0xa288</run_address>
         <size>0x1d0</size>
         <input_file_ref idref="fl-e7"/>
      </object_component>
      <object_component id="oc-4e1">
         <name>.text</name>
         <load_address>0xa458</load_address>
         <run_address>0xa458</run_address>
         <size>0x1b6</size>
         <input_file_ref idref="fl-ef"/>
      </object_component>
      <object_component id="oc-565">
         <name>.text</name>
         <load_address>0xa60e</load_address>
         <run_address>0xa60e</run_address>
         <size>0x2</size>
         <input_file_ref idref="fl-110"/>
      </object_component>
      <object_component id="oc-409">
         <name>.text:_pconv_e</name>
         <load_address>0xa610</load_address>
         <run_address>0xa610</run_address>
         <size>0x13c</size>
         <input_file_ref idref="fl-e7"/>
      </object_component>
      <object_component id="oc-4c7">
         <name>.text</name>
         <load_address>0xa74c</load_address>
         <run_address>0xa74c</run_address>
         <size>0x136</size>
         <input_file_ref idref="fl-f1"/>
      </object_component>
      <object_component id="oc-143">
         <name>.text</name>
         <load_address>0xa884</load_address>
         <run_address>0xa884</run_address>
         <size>0x130</size>
         <input_file_ref idref="fl-27"/>
      </object_component>
      <object_component id="oc-4f3">
         <name>.text:fcvt</name>
         <load_address>0xa9b4</load_address>
         <run_address>0xa9b4</run_address>
         <size>0x124</size>
         <input_file_ref idref="fl-e7"/>
      </object_component>
      <object_component id="oc-441">
         <name>.text:fputs</name>
         <load_address>0xaad8</load_address>
         <run_address>0xaad8</run_address>
         <size>0x114</size>
         <input_file_ref idref="fl-e9"/>
      </object_component>
      <object_component id="oc-14f">
         <name>.text</name>
         <load_address>0xabec</load_address>
         <run_address>0xabec</run_address>
         <size>0x110</size>
         <input_file_ref idref="fl-26"/>
      </object_component>
      <object_component id="oc-507">
         <name>.text:scalbn</name>
         <load_address>0xacfc</load_address>
         <run_address>0xacfc</run_address>
         <size>0x110</size>
         <input_file_ref idref="fl-ed"/>
      </object_component>
      <object_component id="oc-610">
         <name>.text:aligned_alloc</name>
         <load_address>0xae0c</load_address>
         <run_address>0xae0c</run_address>
         <size>0x100</size>
         <input_file_ref idref="fl-103"/>
      </object_component>
      <object_component id="oc-4c2">
         <name>.text</name>
         <load_address>0xaf0c</load_address>
         <run_address>0xaf0c</run_address>
         <size>0xfc</size>
         <input_file_ref idref="fl-f2"/>
      </object_component>
      <object_component id="oc-5ce">
         <name>.text:free</name>
         <load_address>0xb008</load_address>
         <run_address>0xb008</run_address>
         <size>0xe4</size>
         <input_file_ref idref="fl-103"/>
      </object_component>
      <object_component id="oc-5a0">
         <name>.text:setvbuf</name>
         <load_address>0xb0ec</load_address>
         <run_address>0xb0ec</run_address>
         <size>0xdc</size>
         <input_file_ref idref="fl-eb"/>
      </object_component>
      <object_component id="oc-205">
         <name>.text</name>
         <load_address>0xb1c8</load_address>
         <run_address>0xb1c8</run_address>
         <size>0xd8</size>
         <input_file_ref idref="fl-20"/>
      </object_component>
      <object_component id="oc-3f2">
         <name>.text:_ltostr</name>
         <load_address>0xb2a0</load_address>
         <run_address>0xb2a0</run_address>
         <size>0xb1</size>
         <input_file_ref idref="fl-e7"/>
      </object_component>
      <object_component id="oc-3a">
         <name>.text</name>
         <load_address>0xb352</load_address>
         <run_address>0xb352</run_address>
         <size>0x9c</size>
         <input_file_ref idref="fl-f5"/>
      </object_component>
      <object_component id="oc-4bb">
         <name>.text</name>
         <load_address>0xb3ee</load_address>
         <run_address>0xb3ee</run_address>
         <size>0x96</size>
         <input_file_ref idref="fl-f6"/>
      </object_component>
      <object_component id="oc-448">
         <name>.text:fputc</name>
         <load_address>0xb484</load_address>
         <run_address>0xb484</run_address>
         <size>0x8c</size>
         <input_file_ref idref="fl-e8"/>
      </object_component>
      <object_component id="oc-3f8">
         <name>.text:__aeabi_cdcmple</name>
         <load_address>0xb510</load_address>
         <run_address>0xb510</run_address>
         <size>0x86</size>
         <input_file_ref idref="fl-f0"/>
      </object_component>
      <object_component id="oc-4cc">
         <name>.text:__aeabi_cdrcmple</name>
         <load_address>0xb596</load_address>
         <run_address>0xb596</run_address>
         <size>0x86</size>
         <input_file_ref idref="fl-f0"/>
      </object_component>
      <object_component id="oc-37f">
         <name>.text</name>
         <load_address>0xb61c</load_address>
         <run_address>0xb61c</run_address>
         <size>0x80</size>
         <input_file_ref idref="fl-23"/>
      </object_component>
      <object_component id="oc-9a">
         <name>.text</name>
         <load_address>0xb69c</load_address>
         <run_address>0xb69c</run_address>
         <size>0x7a</size>
         <input_file_ref idref="fl-f7"/>
      </object_component>
      <object_component id="oc-617">
         <name>.text:__TI_closefile</name>
         <load_address>0xb718</load_address>
         <run_address>0xb718</run_address>
         <size>0x74</size>
         <input_file_ref idref="fl-11f"/>
      </object_component>
      <object_component id="oc-658">
         <name>.text:split</name>
         <load_address>0xb78c</load_address>
         <run_address>0xb78c</run_address>
         <size>0x70</size>
         <input_file_ref idref="fl-103"/>
      </object_component>
      <object_component id="oc-4ec">
         <name>.text:_mcpy</name>
         <load_address>0xb7fc</load_address>
         <run_address>0xb7fc</run_address>
         <size>0x6e</size>
         <input_file_ref idref="fl-e7"/>
      </object_component>
      <object_component id="oc-647">
         <name>.text:HOSTrename</name>
         <load_address>0xb86c</load_address>
         <run_address>0xb86c</run_address>
         <size>0x6c</size>
         <input_file_ref idref="fl-119"/>
      </object_component>
      <object_component id="oc-63b">
         <name>.text:HOSTlseek</name>
         <load_address>0xb8d8</load_address>
         <run_address>0xb8d8</run_address>
         <size>0x68</size>
         <input_file_ref idref="fl-116"/>
      </object_component>
      <object_component id="oc-17">
         <name>.text:decompress:lzss:__TI_decompress_lzss</name>
         <load_address>0xb940</load_address>
         <run_address>0xb940</run_address>
         <size>0x68</size>
         <input_file_ref idref="fl-fa"/>
      </object_component>
      <object_component id="oc-13a">
         <name>.text:printf</name>
         <load_address>0xb9a8</load_address>
         <run_address>0xb9a8</run_address>
         <size>0x68</size>
         <input_file_ref idref="fl-e6"/>
      </object_component>
      <object_component id="oc-501">
         <name>.text:frexp</name>
         <load_address>0xba10</load_address>
         <run_address>0xba10</run_address>
         <size>0x64</size>
         <input_file_ref idref="fl-ec"/>
      </object_component>
      <object_component id="oc-59a">
         <name>.text:fseek</name>
         <load_address>0xba74</load_address>
         <run_address>0xba74</run_address>
         <size>0x64</size>
         <input_file_ref idref="fl-10e"/>
      </object_component>
      <object_component id="oc-538">
         <name>.text:__TI_wrt_ok</name>
         <load_address>0xbad8</load_address>
         <run_address>0xbad8</run_address>
         <size>0x62</size>
         <input_file_ref idref="fl-ea"/>
      </object_component>
      <object_component id="oc-623">
         <name>.text:HOSTopen</name>
         <load_address>0xbb3c</load_address>
         <run_address>0xbb3c</run_address>
         <size>0x60</size>
         <input_file_ref idref="fl-117"/>
      </object_component>
      <object_component id="oc-65f">
         <name>.text:close</name>
         <load_address>0xbb9c</load_address>
         <run_address>0xbb9c</run_address>
         <size>0x5c</size>
         <input_file_ref idref="fl-124"/>
      </object_component>
      <object_component id="oc-62f">
         <name>.text:HOSTread</name>
         <load_address>0xbbf8</load_address>
         <run_address>0xbbf8</run_address>
         <size>0x58</size>
         <input_file_ref idref="fl-118"/>
      </object_component>
      <object_component id="oc-635">
         <name>.text:HOSTwrite</name>
         <load_address>0xbc50</load_address>
         <run_address>0xbc50</run_address>
         <size>0x58</size>
         <input_file_ref idref="fl-11b"/>
      </object_component>
      <object_component id="oc-403">
         <name>.text:_pconv_f</name>
         <load_address>0xbca8</load_address>
         <run_address>0xbca8</run_address>
         <size>0x56</size>
         <input_file_ref idref="fl-e7"/>
      </object_component>
      <object_component id="oc-4d6">
         <name>.text:__TI_ltoa</name>
         <load_address>0xbcfe</load_address>
         <run_address>0xbcfe</run_address>
         <size>0x54</size>
         <input_file_ref idref="fl-fd"/>
      </object_component>
      <object_component id="oc-4e6">
         <name>.text:_ecpy</name>
         <load_address>0xbd52</load_address>
         <run_address>0xbd52</run_address>
         <size>0x52</size>
         <input_file_ref idref="fl-e7"/>
      </object_component>
      <object_component id="oc-544">
         <name>.text:__TI_doflush</name>
         <load_address>0xbda4</load_address>
         <run_address>0xbda4</run_address>
         <size>0x4c</size>
         <input_file_ref idref="fl-10c"/>
      </object_component>
      <object_component id="oc-3ec">
         <name>.text:atoi</name>
         <load_address>0xbdf0</load_address>
         <run_address>0xbdf0</run_address>
         <size>0x4c</size>
         <input_file_ref idref="fl-fe"/>
      </object_component>
      <object_component id="oc-179">
         <name>.text:exit</name>
         <load_address>0xbe3c</load_address>
         <run_address>0xbe3c</run_address>
         <size>0x48</size>
         <input_file_ref idref="fl-fb"/>
      </object_component>
      <object_component id="oc-4d1">
         <name>.text</name>
         <load_address>0xbe84</load_address>
         <run_address>0xbe84</run_address>
         <size>0x48</size>
         <input_file_ref idref="fl-f3"/>
      </object_component>
      <object_component id="oc-629">
         <name>.text:HOSTclose</name>
         <load_address>0xbecc</load_address>
         <run_address>0xbecc</run_address>
         <size>0x44</size>
         <input_file_ref idref="fl-115"/>
      </object_component>
      <object_component id="oc-641">
         <name>.text:HOSTunlink</name>
         <load_address>0xbf10</load_address>
         <run_address>0xbf10</run_address>
         <size>0x44</size>
         <input_file_ref idref="fl-11a"/>
      </object_component>
      <object_component id="oc-17f">
         <name>.text:__TI_auto_init_nobinit_nopinit:__TI_auto_init_nobinit_nopinit</name>
         <load_address>0xbf54</load_address>
         <run_address>0xbf54</run_address>
         <size>0x44</size>
         <input_file_ref idref="fl-111"/>
      </object_component>
      <object_component id="oc-691">
         <name>.text:getdevice</name>
         <load_address>0xbf98</load_address>
         <run_address>0xbf98</run_address>
         <size>0x44</size>
         <input_file_ref idref="fl-120"/>
      </object_component>
      <object_component id="oc-70">
         <name>.text</name>
         <load_address>0xbfdc</load_address>
         <run_address>0xbfdc</run_address>
         <size>0x40</size>
         <input_file_ref idref="fl-6"/>
      </object_component>
      <object_component id="oc-4f9">
         <name>.text:_fcpy</name>
         <load_address>0xc01c</load_address>
         <run_address>0xc01c</run_address>
         <size>0x3e</size>
         <input_file_ref idref="fl-e7"/>
      </object_component>
      <object_component id="oc-1cb">
         <name>.text</name>
         <load_address>0xc05a</load_address>
         <run_address>0xc05a</run_address>
         <size>0x3e</size>
         <input_file_ref idref="fl-a"/>
      </object_component>
      <object_component id="oc-670">
         <name>.text:__TI_writemsg</name>
         <load_address>0xc098</load_address>
         <run_address>0xc098</run_address>
         <size>0x38</size>
         <input_file_ref idref="fl-11c"/>
      </object_component>
      <object_component id="oc-6b1">
         <name>.text:strncpy</name>
         <load_address>0xc0d0</load_address>
         <run_address>0xc0d0</run_address>
         <size>0x36</size>
         <input_file_ref idref="fl-122"/>
      </object_component>
      <object_component id="oc-5da">
         <name>.text:__TI_cleanup</name>
         <load_address>0xc108</load_address>
         <run_address>0xc108</run_address>
         <size>0x34</size>
         <input_file_ref idref="fl-10d"/>
      </object_component>
      <object_component id="oc-676">
         <name>.text:__TI_readmsg</name>
         <load_address>0xc13c</load_address>
         <run_address>0xc13c</run_address>
         <size>0x34</size>
         <input_file_ref idref="fl-11c"/>
      </object_component>
      <object_component id="oc-58">
         <name>.text:_c_int00_noargs:_c_int00_noargs</name>
         <load_address>0xc170</load_address>
         <run_address>0xc170</run_address>
         <size>0x34</size>
         <input_file_ref idref="fl-109"/>
      </object_component>
      <object_component id="oc-134">
         <name>.text:strstr</name>
         <load_address>0xc1a4</load_address>
         <run_address>0xc1a4</run_address>
         <size>0x34</size>
         <input_file_ref idref="fl-107"/>
      </object_component>
      <object_component id="oc-6b7">
         <name>.text:finddevice</name>
         <load_address>0xc1d8</load_address>
         <run_address>0xc1d8</run_address>
         <size>0x30</size>
         <input_file_ref idref="fl-120"/>
      </object_component>
      <object_component id="oc-4dc">
         <name>.text</name>
         <load_address>0xc208</load_address>
         <run_address>0xc208</run_address>
         <size>0x2e</size>
         <input_file_ref idref="fl-f4"/>
      </object_component>
      <object_component id="oc-665">
         <name>.text:unlink</name>
         <load_address>0xc238</load_address>
         <run_address>0xc238</run_address>
         <size>0x2c</size>
         <input_file_ref idref="fl-125"/>
      </object_component>
      <object_component id="oc-609">
         <name>.text:free_list_insert</name>
         <load_address>0xc264</load_address>
         <run_address>0xc264</run_address>
         <size>0x28</size>
         <input_file_ref idref="fl-103"/>
      </object_component>
      <object_component id="oc-5c6">
         <name>.text:lseek</name>
         <load_address>0xc28c</load_address>
         <run_address>0xc28c</run_address>
         <size>0x28</size>
         <input_file_ref idref="fl-11e"/>
      </object_component>
      <object_component id="oc-54a">
         <name>.text:write</name>
         <load_address>0xc2b4</load_address>
         <run_address>0xc2b4</run_address>
         <size>0x28</size>
         <input_file_ref idref="fl-10a"/>
      </object_component>
      <object_component id="oc-53e">
         <name>.text:memchr</name>
         <load_address>0xc2dc</load_address>
         <run_address>0xc2dc</run_address>
         <size>0x20</size>
         <input_file_ref idref="fl-102"/>
      </object_component>
      <object_component id="oc-603">
         <name>.text:free_list_remove</name>
         <load_address>0xc2fc</load_address>
         <run_address>0xc2fc</run_address>
         <size>0x1c</size>
         <input_file_ref idref="fl-103"/>
      </object_component>
      <object_component id="oc-415">
         <name>.text:memccpy</name>
         <load_address>0xc318</load_address>
         <run_address>0xc318</run_address>
         <size>0x1c</size>
         <input_file_ref idref="fl-101"/>
      </object_component>
      <object_component id="oc-57e">
         <name>.text:copysign</name>
         <load_address>0xc334</load_address>
         <run_address>0xc334</run_address>
         <size>0x1a</size>
         <input_file_ref idref="fl-10f"/>
      </object_component>
      <object_component id="oc-6cc">
         <name>.text:strcmp</name>
         <load_address>0xc34e</load_address>
         <run_address>0xc34e</run_address>
         <size>0x18</size>
         <input_file_ref idref="fl-121"/>
      </object_component>
      <object_component id="oc-50d">
         <name>.text:strchr</name>
         <load_address>0xc366</load_address>
         <run_address>0xc366</run_address>
         <size>0x16</size>
         <input_file_ref idref="fl-104"/>
      </object_component>
      <object_component id="oc-125">
         <name>.text:strcpy</name>
         <load_address>0xc37c</load_address>
         <run_address>0xc37c</run_address>
         <size>0x14</size>
         <input_file_ref idref="fl-105"/>
      </object_component>
      <object_component id="oc-119">
         <name>.text:strlen</name>
         <load_address>0xc390</load_address>
         <run_address>0xc390</run_address>
         <size>0x14</size>
         <input_file_ref idref="fl-106"/>
      </object_component>
      <object_component id="oc-41b">
         <name>.text:wcslen</name>
         <load_address>0xc3a4</load_address>
         <run_address>0xc3a4</run_address>
         <size>0x12</size>
         <input_file_ref idref="fl-ee"/>
      </object_component>
      <object_component id="oc-1d">
         <name>.text:decompress:none:__TI_decompress_none</name>
         <load_address>0xc3b6</load_address>
         <run_address>0xc3b6</run_address>
         <size>0xe</size>
         <input_file_ref idref="fl-f9"/>
      </object_component>
      <object_component id="oc-6a">
         <name>.text</name>
         <load_address>0xc3c4</load_address>
         <run_address>0xc3c4</run_address>
         <size>0xe</size>
         <input_file_ref idref="fl-3"/>
      </object_component>
      <object_component id="oc-4c">
         <name>.text:decompress:ZI:__TI_zero_init</name>
         <load_address>0xc3d2</load_address>
         <run_address>0xc3d2</run_address>
         <size>0xc</size>
         <input_file_ref idref="fl-f8"/>
      </object_component>
      <object_component id="oc-421">
         <name>.text:__aeabi_errno_addr</name>
         <load_address>0xc3e0</load_address>
         <run_address>0xc3e0</run_address>
         <size>0x8</size>
         <input_file_ref idref="fl-108"/>
      </object_component>
      <object_component id="oc-5d4">
         <name>.text:malloc</name>
         <load_address>0xc3e8</load_address>
         <run_address>0xc3e8</run_address>
         <size>0x8</size>
         <input_file_ref idref="fl-103"/>
      </object_component>
      <object_component id="oc-2c2">
         <name>.text:_outc</name>
         <load_address>0xc3f0</load_address>
         <run_address>0xc3f0</run_address>
         <size>0x4</size>
         <input_file_ref idref="fl-e6"/>
      </object_component>
      <object_component id="oc-2bc">
         <name>.text:_outs</name>
         <load_address>0xc3f4</load_address>
         <run_address>0xc3f4</run_address>
         <size>0x4</size>
         <input_file_ref idref="fl-e6"/>
      </object_component>
      <object_component id="oc-a0">
         <name>.text:_system_pre_init</name>
         <load_address>0xc3f8</load_address>
         <run_address>0xc3f8</run_address>
         <size>0x4</size>
         <input_file_ref idref="fl-112"/>
      </object_component>
      <object_component id="oc-173">
         <name>.text:abort:abort</name>
         <load_address>0xc3fc</load_address>
         <run_address>0xc3fc</run_address>
         <size>0x4</size>
         <input_file_ref idref="fl-fb"/>
      </object_component>
      <object_component id="oc-4b6">
         <name>.const:.string:_ctypes_</name>
         <load_address>0xc400</load_address>
         <run_address>0xc400</run_address>
         <size>0x101</size>
         <input_file_ref idref="fl-ff"/>
      </object_component>
      <object_component id="oc-2e4">
         <name>.const:$P$T0$1</name>
         <load_address>0xc504</load_address>
         <run_address>0xc504</run_address>
         <size>0xb0</size>
         <input_file_ref idref="fl-2a"/>
      </object_component>
      <object_component id="oc-1d7">
         <name>.const:g_pulRegs</name>
         <load_address>0xc5b4</load_address>
         <run_address>0xc5b4</run_address>
         <size>0x50</size>
         <input_file_ref idref="fl-12"/>
      </object_component>
      <object_component id="oc-391">
         <name>.const:_SlActionLookupTable</name>
         <load_address>0xc604</load_address>
         <run_address>0xc604</run_address>
         <size>0x38</size>
         <input_file_ref idref="fl-22"/>
      </object_component>
      <object_component id="oc-155">
         <name>.const:$P$T0$1</name>
         <load_address>0xc63c</load_address>
         <run_address>0xc63c</run_address>
         <size>0x2c</size>
         <input_file_ref idref="fl-2"/>
      </object_component>
      <object_component id="oc-1d4">
         <name>.const:g_pulPriority</name>
         <load_address>0xc668</load_address>
         <run_address>0xc668</run_address>
         <size>0x20</size>
         <input_file_ref idref="fl-12"/>
      </object_component>
      <object_component id="oc-1eb">
         <name>.const:GPIO_PORT_TO_INT</name>
         <load_address>0xc688</load_address>
         <run_address>0xc688</run_address>
         <size>0x1c</size>
         <input_file_ref idref="fl-10"/>
      </object_component>
      <object_component id="oc-158">
         <name>.const:$P$T1$2</name>
         <load_address>0xc6a4</load_address>
         <run_address>0xc6a4</run_address>
         <size>0x14</size>
         <input_file_ref idref="fl-2"/>
      </object_component>
      <object_component id="oc-15b">
         <name>.const:$P$T2$3</name>
         <load_address>0xc6b8</load_address>
         <run_address>0xc6b8</run_address>
         <size>0xc</size>
         <input_file_ref idref="fl-2"/>
      </object_component>
      <object_component id="oc-38b">
         <name>.const:g_H2NCnysPattern</name>
         <load_address>0xc6c4</load_address>
         <run_address>0xc6c4</run_address>
         <size>0x8</size>
         <input_file_ref idref="fl-22"/>
      </object_component>
      <object_component id="oc-388">
         <name>.const:g_H2NSyncPattern</name>
         <load_address>0xc6cc</load_address>
         <run_address>0xc6cc</run_address>
         <size>0x8</size>
         <input_file_ref idref="fl-22"/>
      </object_component>
      <object_component id="oc-1dd">
         <name>.const:g_pulDisRegs</name>
         <load_address>0xc6d4</load_address>
         <run_address>0xc6d4</run_address>
         <size>0x8</size>
         <input_file_ref idref="fl-12"/>
      </object_component>
      <object_component id="oc-1da">
         <name>.const:g_pulEnRegs</name>
         <load_address>0xc6dc</load_address>
         <run_address>0xc6dc</run_address>
         <size>0x8</size>
         <input_file_ref idref="fl-12"/>
      </object_component>
      <object_component id="oc-1e0">
         <name>.const:g_pulPendRegs</name>
         <load_address>0xc6e4</load_address>
         <run_address>0xc6e4</run_address>
         <size>0x8</size>
         <input_file_ref idref="fl-12"/>
      </object_component>
      <object_component id="oc-1e3">
         <name>.const:g_pulUnpendRegs</name>
         <load_address>0xc6ec</load_address>
         <run_address>0xc6ec</run_address>
         <size>0x8</size>
         <input_file_ref idref="fl-12"/>
      </object_component>
      <object_component id="oc-38e">
         <name>.const:$P$T0$1</name>
         <load_address>0xc6f4</load_address>
         <run_address>0xc6f4</run_address>
         <size>0x4</size>
         <input_file_ref idref="fl-22"/>
      </object_component>
      <object_component id="oc-269">
         <name>.const:$P$T0$1</name>
         <load_address>0xc6f8</load_address>
         <run_address>0xc6f8</run_address>
         <size>0x4</size>
         <input_file_ref idref="fl-25"/>
      </object_component>
      <object_component id="oc-284">
         <name>.const:$P$T0$1</name>
         <load_address>0xc6fc</load_address>
         <run_address>0xc6fc</run_address>
         <size>0x4</size>
         <input_file_ref idref="fl-28"/>
      </object_component>
      <object_component id="oc-287">
         <name>.const:$P$T1$2</name>
         <load_address>0xc700</load_address>
         <run_address>0xc700</run_address>
         <size>0x4</size>
         <input_file_ref idref="fl-28"/>
      </object_component>
      <object_component id="oc-2e7">
         <name>.const:$P$T1$2</name>
         <load_address>0xc704</load_address>
         <run_address>0xc704</run_address>
         <size>0x4</size>
         <input_file_ref idref="fl-2a"/>
      </object_component>
      <object_component id="oc-28d">
         <name>.const:$P$T2$3</name>
         <load_address>0xc708</load_address>
         <run_address>0xc708</run_address>
         <size>0x4</size>
         <input_file_ref idref="fl-28"/>
      </object_component>
      <object_component id="oc-2f0">
         <name>.const:$P$T2$3</name>
         <load_address>0xc70c</load_address>
         <run_address>0xc70c</run_address>
         <size>0x4</size>
         <input_file_ref idref="fl-2a"/>
      </object_component>
      <object_component id="oc-305">
         <name>.const:$P$T3$4</name>
         <load_address>0xc710</load_address>
         <run_address>0xc710</run_address>
         <size>0x4</size>
         <input_file_ref idref="fl-2a"/>
      </object_component>
      <object_component id="oc-296">
         <name>.const:_SlAcceptCmdCtrl</name>
         <load_address>0xc714</load_address>
         <run_address>0xc714</run_address>
         <size>0x4</size>
         <input_file_ref idref="fl-28"/>
      </object_component>
      <object_component id="oc-239">
         <name>.const:_SlDeviceGetCmdCtrl</name>
         <load_address>0xc718</load_address>
         <run_address>0xc718</run_address>
         <size>0x4</size>
         <input_file_ref idref="fl-21"/>
      </object_component>
      <object_component id="oc-23c">
         <name>.const:_SlDeviceSetCmdCtrl</name>
         <load_address>0xc71c</load_address>
         <run_address>0xc71c</run_address>
         <size>0x4</size>
         <input_file_ref idref="fl-21"/>
      </object_component>
      <object_component id="oc-236">
         <name>.const:_SlEventMaskGetCmdCtrl</name>
         <load_address>0xc720</load_address>
         <run_address>0xc720</run_address>
         <size>0x4</size>
         <input_file_ref idref="fl-21"/>
      </object_component>
      <object_component id="oc-233">
         <name>.const:_SlEventMaskSetCmdCtrl</name>
         <load_address>0xc724</load_address>
         <run_address>0xc724</run_address>
         <size>0x4</size>
         <input_file_ref idref="fl-21"/>
      </object_component>
      <object_component id="oc-266">
         <name>.const:_SlGetHostByNameCtrl</name>
         <load_address>0xc728</load_address>
         <run_address>0xc728</run_address>
         <size>0x4</size>
         <input_file_ref idref="fl-25"/>
      </object_component>
      <object_component id="oc-263">
         <name>.const:_SlGetHostByServiceCtrl</name>
         <load_address>0xc72c</load_address>
         <run_address>0xc72c</run_address>
         <size>0x4</size>
         <input_file_ref idref="fl-25"/>
      </object_component>
      <object_component id="oc-25d">
         <name>.const:_SlGetServiceListeCtrl</name>
         <load_address>0xc730</load_address>
         <run_address>0xc730</run_address>
         <size>0x4</size>
         <input_file_ref idref="fl-25"/>
      </object_component>
      <object_component id="oc-29f">
         <name>.const:_SlGetSockOptCmdCtrl</name>
         <load_address>0xc734</load_address>
         <run_address>0xc734</run_address>
         <size>0x4</size>
         <input_file_ref idref="fl-28"/>
      </object_component>
      <object_component id="oc-293">
         <name>.const:_SlListenCmdCtrl</name>
         <load_address>0xc738</load_address>
         <run_address>0xc738</run_address>
         <size>0x4</size>
         <input_file_ref idref="fl-28"/>
      </object_component>
      <object_component id="oc-272">
         <name>.const:_SlNetAppGetCmdCtrl</name>
         <load_address>0xc73c</load_address>
         <run_address>0xc73c</run_address>
         <size>0x4</size>
         <input_file_ref idref="fl-25"/>
      </object_component>
      <object_component id="oc-26f">
         <name>.const:_SlNetAppSendTokenValueCmdCtrl</name>
         <load_address>0xc740</load_address>
         <run_address>0xc740</run_address>
         <size>0x4</size>
         <input_file_ref idref="fl-25"/>
      </object_component>
      <object_component id="oc-26c">
         <name>.const:_SlNetAppSetCmdCtrl</name>
         <load_address>0xc744</load_address>
         <run_address>0xc744</run_address>
         <size>0x4</size>
         <input_file_ref idref="fl-25"/>
      </object_component>
      <object_component id="oc-257">
         <name>.const:_SlNetAppStartCtrl</name>
         <load_address>0xc748</load_address>
         <run_address>0xc748</run_address>
         <size>0x4</size>
         <input_file_ref idref="fl-25"/>
      </object_component>
      <object_component id="oc-25a">
         <name>.const:_SlNetAppStopCtrl</name>
         <load_address>0xc74c</load_address>
         <run_address>0xc74c</run_address>
         <size>0x4</size>
         <input_file_ref idref="fl-25"/>
      </object_component>
      <object_component id="oc-31e">
         <name>.const:_SlNetCfgGetCmdCtrl</name>
         <load_address>0xc750</load_address>
         <run_address>0xc750</run_address>
         <size>0x4</size>
         <input_file_ref idref="fl-26"/>
      </object_component>
      <object_component id="oc-31b">
         <name>.const:_SlNetCfgSetCmdCtrl</name>
         <load_address>0xc754</load_address>
         <run_address>0xc754</run_address>
         <size>0x4</size>
         <input_file_ref idref="fl-26"/>
      </object_component>
      <object_component id="oc-2ed">
         <name>.const:_SlPolicyGetCmdCtrl</name>
         <load_address>0xc758</load_address>
         <run_address>0xc758</run_address>
         <size>0x4</size>
         <input_file_ref idref="fl-2a"/>
      </object_component>
      <object_component id="oc-2ea">
         <name>.const:_SlPolicySetCmdCtrl</name>
         <load_address>0xc75c</load_address>
         <run_address>0xc75c</run_address>
         <size>0x4</size>
         <input_file_ref idref="fl-2a"/>
      </object_component>
      <object_component id="oc-2f6">
         <name>.const:_SlProfileDelCmdCtrl</name>
         <load_address>0xc760</load_address>
         <run_address>0xc760</run_address>
         <size>0x4</size>
         <input_file_ref idref="fl-2a"/>
      </object_component>
      <object_component id="oc-2f3">
         <name>.const:_SlProfileGetCmdCtrl</name>
         <load_address>0xc764</load_address>
         <run_address>0xc764</run_address>
         <size>0x4</size>
         <input_file_ref idref="fl-2a"/>
      </object_component>
      <object_component id="oc-299">
         <name>.const:_SlRecvCmdCtrl</name>
         <load_address>0xc768</load_address>
         <run_address>0xc768</run_address>
         <size>0x4</size>
         <input_file_ref idref="fl-28"/>
      </object_component>
      <object_component id="oc-28a">
         <name>.const:_SlRecvfomCmdCtrl</name>
         <load_address>0xc76c</load_address>
         <run_address>0xc76c</run_address>
         <size>0x4</size>
         <input_file_ref idref="fl-28"/>
      </object_component>
      <object_component id="oc-260">
         <name>.const:_SlRegisterServiceCtrl</name>
         <load_address>0xc770</load_address>
         <run_address>0xc770</run_address>
         <size>0x4</size>
         <input_file_ref idref="fl-25"/>
      </object_component>
      <object_component id="oc-2fc">
         <name>.const:_SlRxFilterAddtCmdCtrl</name>
         <load_address>0xc774</load_address>
         <run_address>0xc774</run_address>
         <size>0x4</size>
         <input_file_ref idref="fl-2a"/>
      </object_component>
      <object_component id="oc-302">
         <name>.const:_SlRxFilterGetCmdCtrl</name>
         <load_address>0xc778</load_address>
         <run_address>0xc778</run_address>
         <size>0x4</size>
         <input_file_ref idref="fl-2a"/>
      </object_component>
      <object_component id="oc-2ff">
         <name>.const:_SlRxFilterSetCmdCtrl</name>
         <load_address>0xc77c</load_address>
         <run_address>0xc77c</run_address>
         <size>0x4</size>
         <input_file_ref idref="fl-2a"/>
      </object_component>
      <object_component id="oc-2a2">
         <name>.const:_SlSelectCmdCtrl</name>
         <load_address>0xc780</load_address>
         <run_address>0xc780</run_address>
         <size>0x4</size>
         <input_file_ref idref="fl-28"/>
      </object_component>
      <object_component id="oc-290">
         <name>.const:_SlSendCmdCtrl</name>
         <load_address>0xc784</load_address>
         <run_address>0xc784</run_address>
         <size>0x4</size>
         <input_file_ref idref="fl-28"/>
      </object_component>
      <object_component id="oc-29c">
         <name>.const:_SlSetSockOptCmdCtrl</name>
         <load_address>0xc788</load_address>
         <run_address>0xc788</run_address>
         <size>0x4</size>
         <input_file_ref idref="fl-28"/>
      </object_component>
      <object_component id="oc-308">
         <name>.const:_SlSmartConfigStartCmdCtrl</name>
         <load_address>0xc78c</load_address>
         <run_address>0xc78c</run_address>
         <size>0x4</size>
         <input_file_ref idref="fl-2a"/>
      </object_component>
      <object_component id="oc-281">
         <name>.const:_SlSockCloseCmdCtrl</name>
         <load_address>0xc790</load_address>
         <run_address>0xc790</run_address>
         <size>0x4</size>
         <input_file_ref idref="fl-28"/>
      </object_component>
      <object_component id="oc-27e">
         <name>.const:_SlSockSocketCmdCtrl</name>
         <load_address>0xc794</load_address>
         <run_address>0xc794</run_address>
         <size>0x4</size>
         <input_file_ref idref="fl-28"/>
      </object_component>
      <object_component id="oc-230">
         <name>.const:_SlStopCmdCtrl</name>
         <load_address>0xc798</load_address>
         <run_address>0xc798</run_address>
         <size>0x4</size>
         <input_file_ref idref="fl-21"/>
      </object_component>
      <object_component id="oc-311">
         <name>.const:_SlWlanCfgGetCmdCtrl</name>
         <load_address>0xc79c</load_address>
         <run_address>0xc79c</run_address>
         <size>0x4</size>
         <input_file_ref idref="fl-2a"/>
      </object_component>
      <object_component id="oc-30e">
         <name>.const:_SlWlanCfgSetCmdCtrl</name>
         <load_address>0xc7a0</load_address>
         <run_address>0xc7a0</run_address>
         <size>0x4</size>
         <input_file_ref idref="fl-2a"/>
      </object_component>
      <object_component id="oc-2f9">
         <name>.const:_SlWlanGetNetworkListCtrl</name>
         <load_address>0xc7a4</load_address>
         <run_address>0xc7a4</run_address>
         <size>0x4</size>
         <input_file_ref idref="fl-2a"/>
      </object_component>
      <object_component id="oc-30b">
         <name>.const:_SlWlanSetModeCmdCtrl</name>
         <load_address>0xc7a8</load_address>
         <run_address>0xc7a8</run_address>
         <size>0x4</size>
         <input_file_ref idref="fl-2a"/>
      </object_component>
      <object_component id="oc-70d">
         <name>.cinit..data.load</name>
         <load_address>0xc7b0</load_address>
         <run_address>0xc7b0</run_address>
         <size>0xcd</size>
      </object_component>
      <object_component id="oc-70a">
         <name>__TI_handler_table</name>
         <load_address>0xc880</load_address>
         <run_address>0xc880</run_address>
         <size>0xc</size>
      </object_component>
      <object_component id="oc-70e">
         <name>.cinit..bss.load</name>
         <load_address>0xc890</load_address>
         <run_address>0xc890</run_address>
         <size>0x8</size>
      </object_component>
      <object_component id="oc-70c">
         <name>.cinit..vtable.load</name>
         <load_address>0xc898</load_address>
         <run_address>0xc898</run_address>
         <size>0x8</size>
      </object_component>
      <object_component id="oc-70b">
         <name>__TI_cinit_table</name>
         <load_address>0xc8a0</load_address>
         <run_address>0xc8a0</run_address>
         <size>0x18</size>
      </object_component>
      <object_component id="oc-6de">
         <name>.binit</name>
         <load_address>0x0</load_address>
         <run_address>0x0</run_address>
         <size>0x0</size>
      </object_component>
      <object_component id="oc-1d1">
         <name>.vtable</name>
         <uninitialized>true</uninitialized>
         <run_address>0x20000000</run_address>
         <size>0xe4</size>
         <input_file_ref idref="fl-12"/>
      </object_component>
      <object_component id="oc-131">
         <name>.data</name>
         <load_address>0x20000dfc</load_address>
         <run_address>0x20000dfc</run_address>
         <size>0x4</size>
         <input_file_ref idref="fl-2"/>
      </object_component>
      <object_component id="oc-1b1">
         <name>.data</name>
         <load_address>0x20000e04</load_address>
         <run_address>0x20000e04</run_address>
         <size>0x4</size>
         <input_file_ref idref="fl-4"/>
      </object_component>
      <object_component id="oc-df">
         <name>.data</name>
         <load_address>0x20000df8</load_address>
         <run_address>0x20000df8</run_address>
         <size>0x4</size>
         <input_file_ref idref="fl-5"/>
      </object_component>
      <object_component id="oc-200">
         <name>.data:__getBurstProgramRegs</name>
         <load_address>0x20000d50</load_address>
         <run_address>0x20000d50</run_address>
         <size>0x40</size>
         <input_file_ref idref="fl-e"/>
      </object_component>
      <object_component id="oc-1e8">
         <name>.data:GPIO_PORT_TO_BASE</name>
         <load_address>0x20000d90</load_address>
         <run_address>0x20000d90</run_address>
         <size>0x30</size>
         <input_file_ref idref="fl-10"/>
      </object_component>
      <object_component id="oc-22d">
         <name>.data</name>
         <load_address>0x20000ddc</load_address>
         <run_address>0x20000ddc</run_address>
         <size>0x9</size>
         <input_file_ref idref="fl-22"/>
      </object_component>
      <object_component id="oc-32f">
         <name>.data:$O1$$</name>
         <load_address>0x20000dd0</load_address>
         <run_address>0x20000dd0</run_address>
         <size>0xc</size>
         <input_file_ref idref="fl-fb"/>
      </object_component>
      <object_component id="oc-2b6">
         <name>.data:$O1$$</name>
         <load_address>0x20000de8</load_address>
         <run_address>0x20000de8</run_address>
         <size>0x8</size>
         <input_file_ref idref="fl-fc"/>
      </object_component>
      <object_component id="oc-2b9">
         <name>.data:_ftable</name>
         <load_address>0x20000b98</load_address>
         <run_address>0x20000b98</run_address>
         <size>0xf0</size>
         <input_file_ref idref="fl-100"/>
      </object_component>
      <object_component id="oc-61d">
         <name>.data</name>
         <load_address>0x20000dc0</load_address>
         <run_address>0x20000dc0</run_address>
         <size>0x10</size>
         <input_file_ref idref="fl-100"/>
      </object_component>
      <object_component id="oc-653">
         <name>.data:$O1$$</name>
         <load_address>0x20000df0</load_address>
         <run_address>0x20000df0</run_address>
         <size>0x8</size>
         <input_file_ref idref="fl-103"/>
      </object_component>
      <object_component id="oc-51d">
         <name>.data</name>
         <load_address>0x20000e00</load_address>
         <run_address>0x20000e00</run_address>
         <size>0x4</size>
         <input_file_ref idref="fl-108"/>
      </object_component>
      <object_component id="oc-5ed">
         <name>.data:_device</name>
         <load_address>0x20000c88</load_address>
         <run_address>0x20000c88</run_address>
         <size>0x78</size>
         <input_file_ref idref="fl-10b"/>
      </object_component>
      <object_component id="oc-5ac">
         <name>.data:_stream</name>
         <load_address>0x20000d00</load_address>
         <run_address>0x20000d00</run_address>
         <size>0x50</size>
         <input_file_ref idref="fl-10b"/>
      </object_component>
      <object_component id="oc-1f5">
         <name>.bss</name>
         <uninitialized>true</uninitialized>
         <run_address>0x20000784</run_address>
         <size>0x8</size>
         <input_file_ref idref="fl-c"/>
      </object_component>
      <object_component id="oc-69b">
         <name>.bss:_CIOBUF_</name>
         <uninitialized>true</uninitialized>
         <run_address>0x2000059c</run_address>
         <size>0x120</size>
         <input_file_ref idref="fl-11c"/>
      </object_component>
      <object_component id="oc-140">
         <name>.common:g_AppData</name>
         <uninitialized>true</uninitialized>
         <run_address>0x200000e4</run_address>
         <size>0x354</size>
      </object_component>
      <object_component id="oc-e2">
         <name>.common:IntIsMasked</name>
         <uninitialized>true</uninitialized>
         <run_address>0x20000794</run_address>
         <size>0x1</size>
      </object_component>
      <object_component id="oc-385">
         <name>.common:g_StatMem</name>
         <uninitialized>true</uninitialized>
         <run_address>0x20000438</run_address>
         <size>0x164</size>
      </object_component>
      <object_component id="oc-2e0">
         <name>.common:g__SlNonOsCB</name>
         <uninitialized>true</uninitialized>
         <run_address>0x2000075c</run_address>
         <size>0x28</size>
      </object_component>
      <object_component id="oc-66b">
         <name>.common:__TI_tmpnams</name>
         <uninitialized>true</uninitialized>
         <run_address>0x200006bc</run_address>
         <size>0xa0</size>
      </object_component>
      <object_component id="oc-67c">
         <name>.common:parmbuf</name>
         <uninitialized>true</uninitialized>
         <run_address>0x2000078c</run_address>
         <size>0x8</size>
      </object_component>
      <object_component id="oc-29">
         <name>.sysmem</name>
         <uninitialized>true</uninitialized>
         <run_address>0x20000798</run_address>
         <size>0x10</size>
         <input_file_ref idref="fl-103"/>
      </object_component>
      <object_component id="oc-711">
         <name>.sysmem</name>
         <uninitialized>true</uninitialized>
         <run_address>0x20000798</run_address>
         <size>0x0</size>
      </object_component>
      <object_component id="oc-2c">
         <name>.stack</name>
         <uninitialized>true</uninitialized>
         <run_address>0x2000fe00</run_address>
         <size>0x4</size>
         <input_file_ref idref="fl-109"/>
      </object_component>
      <object_component id="oc-710">
         <name>.stack</name>
         <uninitialized>true</uninitialized>
         <run_address>0x2000fe00</run_address>
         <size>0x0</size>
      </object_component>
      <object_component id="oc-141">
         <name>.debug_info</name>
         <load_address>0x0</load_address>
         <run_address>0x0</run_address>
         <size>0xdcf</size>
         <input_file_ref idref="fl-2"/>
      </object_component>
      <object_component id="oc-132">
         <name>.debug_info</name>
         <load_address>0xdcf</load_address>
         <run_address>0xdcf</run_address>
         <size>0xd0</size>
         <input_file_ref idref="fl-2"/>
      </object_component>
      <object_component id="oc-156">
         <name>.debug_info</name>
         <load_address>0xe9f</load_address>
         <run_address>0xe9f</run_address>
         <size>0xce</size>
         <input_file_ref idref="fl-2"/>
      </object_component>
      <object_component id="oc-159">
         <name>.debug_info</name>
         <load_address>0xf6d</load_address>
         <run_address>0xf6d</run_address>
         <size>0xce</size>
         <input_file_ref idref="fl-2"/>
      </object_component>
      <object_component id="oc-15c">
         <name>.debug_info</name>
         <load_address>0x103b</load_address>
         <run_address>0x103b</run_address>
         <size>0xce</size>
         <input_file_ref idref="fl-2"/>
      </object_component>
      <object_component id="oc-a7">
         <name>.debug_info</name>
         <load_address>0x1109</load_address>
         <run_address>0x1109</run_address>
         <size>0xe5e</size>
         <input_file_ref idref="fl-2"/>
      </object_component>
      <object_component id="oc-164">
         <name>.debug_info</name>
         <load_address>0x1f67</load_address>
         <run_address>0x1f67</run_address>
         <size>0x30f</size>
         <input_file_ref idref="fl-2"/>
      </object_component>
      <object_component id="oc-eb">
         <name>.debug_info</name>
         <load_address>0x2276</load_address>
         <run_address>0x2276</run_address>
         <size>0x13e</size>
         <input_file_ref idref="fl-2"/>
      </object_component>
      <object_component id="oc-15f">
         <name>.debug_info</name>
         <load_address>0x23b4</load_address>
         <run_address>0x23b4</run_address>
         <size>0x827</size>
         <input_file_ref idref="fl-2"/>
      </object_component>
      <object_component id="oc-217">
         <name>.debug_info</name>
         <load_address>0x2bdb</load_address>
         <run_address>0x2bdb</run_address>
         <size>0x60f</size>
         <input_file_ref idref="fl-2"/>
      </object_component>
      <object_component id="oc-16e">
         <name>.debug_info</name>
         <load_address>0x31ea</load_address>
         <run_address>0x31ea</run_address>
         <size>0x92b</size>
         <input_file_ref idref="fl-2"/>
      </object_component>
      <object_component id="oc-2d6">
         <name>.debug_info</name>
         <load_address>0x3b15</load_address>
         <run_address>0x3b15</run_address>
         <size>0xdb</size>
         <input_file_ref idref="fl-2"/>
      </object_component>
      <object_component id="oc-f2">
         <name>.debug_info</name>
         <load_address>0x3bf0</load_address>
         <run_address>0x3bf0</run_address>
         <size>0x26b</size>
         <input_file_ref idref="fl-2"/>
      </object_component>
      <object_component id="oc-1c1">
         <name>.debug_info</name>
         <load_address>0x3e5b</load_address>
         <run_address>0x3e5b</run_address>
         <size>0x1055</size>
         <input_file_ref idref="fl-2"/>
      </object_component>
      <object_component id="oc-2d1">
         <name>.debug_info</name>
         <load_address>0x4eb0</load_address>
         <run_address>0x4eb0</run_address>
         <size>0x37e2</size>
         <input_file_ref idref="fl-2"/>
      </object_component>
      <object_component id="oc-169">
         <name>.debug_info</name>
         <load_address>0x8692</load_address>
         <run_address>0x8692</run_address>
         <size>0x6c8</size>
         <input_file_ref idref="fl-2"/>
      </object_component>
      <object_component id="oc-35">
         <name>.debug_info</name>
         <load_address>0x8d5a</load_address>
         <run_address>0x8d5a</run_address>
         <size>0x84</size>
         <input_file_ref idref="fl-2"/>
      </object_component>
      <object_component id="oc-246">
         <name>.debug_info</name>
         <load_address>0x8dde</load_address>
         <run_address>0x8dde</run_address>
         <size>0x65</size>
         <input_file_ref idref="fl-2"/>
      </object_component>
      <object_component id="oc-2db">
         <name>.debug_info</name>
         <load_address>0x8e43</load_address>
[...]
      </symbol>
      <symbol id="sm-10fc">
         <name>__aeabi_dadd</name>
         <value>0xa463</value>
         <object_component_ref idref="oc-4e1"/>
      </symbol>
      <symbol id="sm-111e">
         <name>__aeabi_cdcmpeq</name>
         <value>0xb511</value>
         <object_component_ref idref="oc-3f8"/>
      </symbol>
      <symbol id="sm-111f">
         <name>__aeabi_cdcmple</name>
         <value>0xb511</value>
         <object_component_ref idref="oc-3f8"/>
      </symbol>
      <symbol id="sm-1120">
         <name>__aeabi_cdrcmple</name>
         <value>0xb597</value>
         <object_component_ref idref="oc-4cc"/>
      </symbol>
      <symbol id="sm-1134">
         <name>__aeabi_ddiv</name>
         <value>0xa74d</value>
         <object_component_ref idref="oc-4c7"/>
      </symbol>
      <symbol id="sm-113f">
         <name>__aeabi_dmul</name>
         <value>0xaf0d</value>
         <object_component_ref idref="oc-4c2"/>
      </symbol>
      <symbol id="sm-1149">
         <name>__aeabi_d2iz</name>
         <value>0xbe85</value>
         <object_component_ref idref="oc-4d1"/>
      </symbol>
      <symbol id="sm-1153">
         <name>__aeabi_i2d</name>
         <value>0xc209</value>
         <object_component_ref idref="oc-4dc"/>
      </symbol>
      <symbol id="sm-116e">
         <name>memcpy</name>
         <value>0xb353</value>
         <object_component_ref idref="oc-3a"/>
      </symbol>
      <symbol id="sm-116f">
         <name>__aeabi_memcpy</name>
         <value>0xb353</value>
         <object_component_ref idref="oc-3a"/>
      </symbol>
      <symbol id="sm-1170">
         <name>__aeabi_memcpy8</name>
         <value>0xb353</value>
         <object_component_ref idref="oc-3a"/>
      </symbol>
      <symbol id="sm-1171">
         <name>__aeabi_memcpy4</name>
         <value>0xb353</value>
         <object_component_ref idref="oc-3a"/>
      </symbol>
      <symbol id="sm-117e">
         <name>__aeabi_uldivmod</name>
         <value>0xb3ef</value>
         <object_component_ref idref="oc-4bb"/>
      </symbol>
      <symbol id="sm-118d">
         <name>__aeabi_memset</name>
         <value>0xb69f</value>
         <object_component_ref idref="oc-9a"/>
      </symbol>
      <symbol id="sm-118e">
         <name>memset</name>
         <value>0xb6a5</value>
         <object_component_ref idref="oc-9a"/>
      </symbol>
      <symbol id="sm-118f">
         <name>__aeabi_memset8</name>
         <value>0xb69f</value>
         <object_component_ref idref="oc-9a"/>
      </symbol>
      <symbol id="sm-1190">
         <name>__aeabi_memset4</name>
         <value>0xb69f</value>
         <object_component_ref idref="oc-9a"/>
      </symbol>
      <symbol id="sm-1191">
         <name>__aeabi_memclr8</name>
         <value>0xb69d</value>
         <object_component_ref idref="oc-9a"/>
      </symbol>
      <symbol id="sm-1192">
         <name>__aeabi_memclr4</name>
         <value>0xb69d</value>
         <object_component_ref idref="oc-9a"/>
      </symbol>
      <symbol id="sm-1193">
         <name>__aeabi_memclr</name>
         <value>0xb69d</value>
         <object_component_ref idref="oc-9a"/>
      </symbol>
      <symbol id="sm-11a5">
         <name>__TI_zero_init</name>
         <value>0xc3d3</value>
         <object_component_ref idref="oc-4c"/>
      </symbol>
      <symbol id="sm-11bc">
         <name>__TI_decompress_none</name>
         <value>0xc3b7</value>
         <object_component_ref idref="oc-1d"/>
      </symbol>
      <symbol id="sm-11df">
         <name>__TI_decompress_lzss</name>
         <value>0xb941</value>
         <object_component_ref idref="oc-17"/>
      </symbol>
      <symbol id="sm-1205">
         <name>C$$EXIT</name>
         <value>0xc3fd</value>
         <object_component_ref idref="oc-173"/>
      </symbol>
      <symbol id="sm-1206">
         <name>abort</name>
         <value>0xc3fd</value>
         <object_component_ref idref="oc-173"/>
      </symbol>
      <symbol id="sm-1207">
         <name>__TI_dtors_ptr</name>
         <value>0x20000dd4</value>
         <object_component_ref idref="oc-32f"/>
      </symbol>
      <symbol id="sm-1208">
         <name>__TI_cleanup_ptr</name>
         <value>0x20000dd0</value>
         <object_component_ref idref="oc-32f"/>
      </symbol>
      <symbol id="sm-1209">
         <name>__TI_enable_exit_profile_output</name>
         <value>0x20000dd8</value>
         <object_component_ref idref="oc-32f"/>
      </symbol>
      <symbol id="sm-120a">
         <name>exit</name>
         <value>0xbe3d</value>
         <object_component_ref idref="oc-179"/>
      </symbol>
      <symbol id="sm-121f">
         <name>_nop</name>
         <value>0x734f</value>
         <object_component_ref idref="oc-433"/>
      </symbol>
      <symbol id="sm-1220">
         <name>_lock</name>
         <value>0x20000de8</value>
         <object_component_ref idref="oc-2b6"/>
      </symbol>
      <symbol id="sm-1221">
         <name>_unlock</name>
         <value>0x20000dec</value>
         <object_component_ref idref="oc-2b6"/>
      </symbol>
      <symbol id="sm-1230">
         <name>__TI_ltoa</name>
         <value>0xbcff</value>
         <object_component_ref idref="oc-4d6"/>
      </symbol>
      <symbol id="sm-1246">
         <name>atoi</name>
         <value>0xbdf1</value>
         <object_component_ref idref="oc-3ec"/>
      </symbol>
      <symbol id="sm-1251">
         <name>_ctypes_</name>
         <value>0xc400</value>
         <object_component_ref idref="oc-4b6"/>
      </symbol>
      <symbol id="sm-1266">
         <name>__TI_tmpnams</name>
         <value>0x200006bc</value>
      </symbol>
      <symbol id="sm-1267">
         <name>__aeabi_stdout</name>
         <value>0x20000dc8</value>
         <object_component_ref idref="oc-61d"/>
      </symbol>
      <symbol id="sm-1268">
         <name>__aeabi_stderr</name>
         <value>0x20000dcc</value>
         <object_component_ref idref="oc-61d"/>
      </symbol>
      <symbol id="sm-1269">
         <name>__aeabi_stdin</name>
         <value>0x20000dc4</value>
         <object_component_ref idref="oc-61d"/>
      </symbol>
      <symbol id="sm-126a">
         <name>_ftable</name>
         <value>0x20000b98</value>
         <object_component_ref idref="oc-2b9"/>
      </symbol>
      <symbol id="sm-126b">
         <name>__TI_ft_end</name>
         <value>0x20000dc0</value>
         <object_component_ref idref="oc-61d"/>
      </symbol>
      <symbol id="sm-127b">
         <name>memccpy</name>
         <value>0xc319</value>
         <object_component_ref idref="oc-415"/>
      </symbol>
      <symbol id="sm-128b">
         <name>memchr</name>
         <value>0xc2dd</value>
         <object_component_ref idref="oc-53e"/>
      </symbol>
      <symbol id="sm-1314">
         <name>_sys_memory</name>
         <value>0x20000798</value>
         <object_component_ref idref="oc-29"/>
      </symbol>
      <symbol id="sm-1315">
         <name>free</name>
         <value>0xb009</value>
         <object_component_ref idref="oc-5ce"/>
      </symbol>
      <symbol id="sm-1316">
         <name>memalign</name>
         <value>0xae0d</value>
         <object_component_ref idref="oc-610"/>
      </symbol>
      <symbol id="sm-1317">
         <name>malloc</name>
         <value>0xc3e9</value>
         <object_component_ref idref="oc-5d4"/>
      </symbol>
      <symbol id="sm-1318">
         <name>aligned_alloc</name>
         <value>0xae0d</value>
         <object_component_ref idref="oc-610"/>
      </symbol>
      <symbol id="sm-1328">
         <name>strchr</name>
         <value>0xc367</value>
         <object_component_ref idref="oc-50d"/>
      </symbol>
      <symbol id="sm-1336">
         <name>strcpy</name>
         <value>0xc37d</value>
         <object_component_ref idref="oc-125"/>
      </symbol>
      <symbol id="sm-1344">
         <name>strlen</name>
         <value>0xc391</value>
         <object_component_ref idref="oc-119"/>
      </symbol>
      <symbol id="sm-1357">
         <name>strstr</name>
         <value>0xc1a5</value>
         <object_component_ref idref="oc-134"/>
      </symbol>
      <symbol id="sm-136d">
         <name>__aeabi_errno_addr</name>
         <value>0xc3e1</value>
         <object_component_ref idref="oc-421"/>
      </symbol>
      <symbol id="sm-136e">
         <name>errno</name>
         <value>0x20000e00</value>
         <object_component_ref idref="oc-51d"/>
      </symbol>
      <symbol id="sm-1381">
         <name>__stack</name>
         <value>0x2000fe00</value>
         <object_component_ref idref="oc-2c"/>
      </symbol>
      <symbol id="sm-1382">
         <name>_c_int00_noargs</name>
         <value>0xc171</value>
         <object_component_ref idref="oc-58"/>
      </symbol>
      <symbol id="sm-139c">
         <name>write</name>
         <value>0xc2b5</value>
         <object_component_ref idref="oc-54a"/>
      </symbol>
      <symbol id="sm-13ad">
         <name>_stream</name>
         <value>0x20000d00</value>
         <object_component_ref idref="oc-5ac"/>
      </symbol>
      <symbol id="sm-13ae">
         <name>_device</name>
         <value>0x20000c88</value>
         <object_component_ref idref="oc-5ed"/>
      </symbol>
      <symbol id="sm-13be">
         <name>__TI_doflush</name>
         <value>0xbda5</value>
         <object_component_ref idref="oc-544"/>
      </symbol>
      <symbol id="sm-13ce">
         <name>__TI_cleanup</name>
         <value>0xc109</value>
         <object_component_ref idref="oc-5da"/>
      </symbol>
      <symbol id="sm-13e0">
         <name>fseek</name>
         <value>0xba75</value>
         <object_component_ref idref="oc-59a"/>
      </symbol>
      <symbol id="sm-13ea">
         <name>copysign</name>
         <value>0xc335</value>
         <object_component_ref idref="oc-57e"/>
      </symbol>
      <symbol id="sm-13eb">
         <name>copysignl</name>
         <value>0xc335</value>
         <object_component_ref idref="oc-57e"/>
      </symbol>
      <symbol id="sm-13f5">
         <name>__aeabi_idiv0</name>
         <value>0xa60f</value>
         <object_component_ref idref="oc-565"/>
      </symbol>
      <symbol id="sm-13f6">
         <name>__aeabi_ldiv0</name>
         <value>0xa60f</value>
         <object_component_ref idref="oc-565"/>
      </symbol>
      <symbol id="sm-141e">
         <name>__TI_auto_init_nobinit_nopinit</name>
         <value>0xbf55</value>
         <object_component_ref idref="oc-17f"/>
      </symbol>
      <symbol id="sm-1428">
         <name>_system_pre_init</name>
         <value>0xc3f9</value>
         <object_component_ref idref="oc-a0"/>
      </symbol>
      <symbol id="sm-143b">
         <name>HOSTclose</name>
         <value>0xbecd</value>
         <object_component_ref idref="oc-629"/>
      </symbol>
      <symbol id="sm-144c">
         <name>HOSTlseek</name>
         <value>0xb8d9</value>
         <object_component_ref idref="oc-63b"/>
      </symbol>
      <symbol id="sm-145e">
         <name>parmbuf</name>
         <value>0x2000078c</value>
      </symbol>
      <symbol id="sm-145f">
         <name>HOSTopen</name>
         <value>0xbb3d</value>
         <object_component_ref idref="oc-623"/>
      </symbol>
      <symbol id="sm-1470">
         <name>HOSTread</name>
         <value>0xbbf9</value>
         <object_component_ref idref="oc-62f"/>
      </symbol>
      <symbol id="sm-1481">
         <name>HOSTrename</name>
         <value>0xb86d</value>
         <object_component_ref idref="oc-647"/>
      </symbol>
      <symbol id="sm-1492">
         <name>HOSTunlink</name>
         <value>0xbf11</value>
         <object_component_ref idref="oc-641"/>
      </symbol>
      <symbol id="sm-14a3">
         <name>HOSTwrite</name>
         <value>0xbc51</value>
         <object_component_ref idref="oc-635"/>
      </symbol>
      <symbol id="sm-14c7">
         <name>__TI_readmsg</name>
         <value>0xc13d</value>
         <object_component_ref idref="oc-676"/>
      </symbol>
      <symbol id="sm-14c8">
         <name>C$$IO$$</name>
         <value>0xc0c7</value>
         <object_component_ref idref="oc-670"/>
      </symbol>
      <symbol id="sm-14c9">
         <name>__CIOBUF_</name>
         <value>0x2000059c</value>
         <object_component_ref idref="oc-69b"/>
      </symbol>
      <symbol id="sm-14ca">
         <name>__TI_writemsg</name>
         <value>0xc099</value>
         <object_component_ref idref="oc-670"/>
      </symbol>
      <symbol id="sm-14db">
         <name>lseek</name>
         <value>0xc28d</value>
         <object_component_ref idref="oc-5c6"/>
      </symbol>
      <symbol id="sm-14f0">
         <name>__TI_closefile</name>
         <value>0xb719</value>
         <object_component_ref idref="oc-617"/>
      </symbol>
      <symbol id="sm-1513">
         <name>finddevice</name>
         <value>0xc1d9</value>
         <object_component_ref idref="oc-6b7"/>
      </symbol>
      <symbol id="sm-1514">
         <name>getdevice</name>
         <value>0xbf99</value>
         <object_component_ref idref="oc-691"/>
      </symbol>
      <symbol id="sm-1523">
         <name>strcmp</name>
         <value>0xc34f</value>
         <object_component_ref idref="oc-6cc"/>
      </symbol>
      <symbol id="sm-1533">
         <name>strncpy</name>
         <value>0xc0d1</value>
         <object_component_ref idref="oc-6b1"/>
      </symbol>
      <symbol id="sm-1548">
         <name>close</name>
         <value>0xbb9d</value>
         <object_component_ref idref="oc-65f"/>
      </symbol>
      <symbol id="sm-1558">
         <name>unlink</name>
         <value>0xc239</value>
         <object_component_ref idref="oc-665"/>
      </symbol>
      <symbol id="sm-1559">
         <name>__TI_static_base__</name>
         <value>0x0</value>
      </symbol>
      <symbol id="sm-155c">
         <name>__mpu_init</name>
         <value>0x0</value>
      </symbol>
      <symbol id="sm-155d">
         <name>_system_post_cinit</name>
         <value>0x0</value>
      </symbol>
      <symbol id="sm-155e">
         <name>NMI_Handler</name>
         <value>0xc3d1</value>
      </symbol>
      <symbol id="sm-155f">
         <name>HardFault_Handler</name>
         <value>0xc3d1</value>
      </symbol>
      <symbol id="sm-1560">
         <name>MemManage_Handler</name>
         <value>0xc3d1</value>
      </symbol>
      <symbol id="sm-1561">
         <name>BusFault_Handler</name>
         <value>0xc3d1</value>
      </symbol>
      <symbol id="sm-1562">
         <name>UsageFault_Handler</name>
         <value>0xc3d1</value>
      </symbol>
      <symbol id="sm-1563">
         <name>SVC_Handler</name>
         <value>0xc3d1</value>
      </symbol>
      <symbol id="sm-1564">
         <name>DebugMon_Handler</name>
         <value>0xc3d1</value>
      </symbol>
      <symbol id="sm-1565">
         <name>PendSV_Handler</name>
         <value>0xc3d1</value>
      </symbol>
      <symbol id="sm-1566">
         <name>SysTick_Handler</name>
         <value>0xc3d1</value>
      </symbol>
      <symbol id="sm-1567">
         <name>PSS_IRQHandler</name>
         <value>0xc3d1</value>
      </symbol>
      <symbol id="sm-1568">
         <name>CS_IRQHandler</name>
         <value>0xc3d1</value>
      </symbol>
      <symbol id="sm-1569">
         <name>PCM_IRQHandler</name>
         <value>0xc3d1</value>
      </symbol>
      <symbol id="sm-156a">
         <name>WDT_A_IRQHandler</name>
         <value>0xc3d1</value>
      </symbol>
      <symbol id="sm-156b">
         <name>FPU_IRQHandler</name>
         <value>0xc3d1</value>
      </symbol>
      <symbol id="sm-156c">
         <name>FLCTL_IRQHandler</name>
         <value>0xc3d1</value>
      </symbol>
      <symbol id="sm-156d">
         <name>COMP_E0_IRQHandler</name>
         <value>0xc3d1</value>
      </symbol>
      <symbol id="sm-156e">
         <name>COMP_E1_IRQHandler</name>
         <value>0xc3d1</value>
      </symbol>
      <symbol id="sm-156f">
         <name>TA0_0_IRQHandler</name>
         <value>0xc3d1</value>
      </symbol>
      <symbol id="sm-1570">
         <name>TA0_N_IRQHandler</name>
         <value>0xc3d1</value>
      </symbol>
      <symbol id="sm-1571">
         <name>TA1_0_IRQHandler</name>
         <value>0xc3d1</value>
      </symbol>
      <symbol id="sm-1572">
         <name>TA1_N_IRQHandler</name>
         <value>0xc3d1</value>
      </symbol>
      <symbol id="sm-1573">
         <name>TA2_0_IRQHandler</name>
         <value>0xc3d1</value>
      </symbol>
      <symbol id="sm-1574">
         <name>TA2_N_IRQHandler</name>
         <value>0xc3d1</value>
      </symbol>
      <symbol id="sm-1575">
         <name>TA3_0_IRQHandler</name>
         <value>0xc3d1</value>
      </symbol>
      <symbol id="sm-1576">
         <name>TA3_N_IRQHandler</name>
         <value>0xc3d1</value>
      </symbol>
      <symbol id="sm-1577">
         <name>EUSCIA0_IRQHandler</name>
         <value>0xbfdd</value>
      </symbol>
      <symbol id="sm-1578">
         <name>EUSCIA1_IRQHandler</name>
         <value>0xc3d1</value>
      </symbol>
      <symbol id="sm-1579">
         <name>EUSCIA2_IRQHandler</name>
         <value>0xc3d1</value>
      </symbol>
      <symbol id="sm-157a">
         <name>EUSCIA3_IRQHandler</name>
         <value>0xc3d1</value>
      </symbol>
      <symbol id="sm-157b">
         <name>EUSCIB0_IRQHandler</name>
         <value>0xc3d1</value>
      </symbol>
      <symbol id="sm-157c">
         <name>EUSCIB1_IRQHandler</name>
         <value>0xc3d1</value>
      </symbol>
      <symbol id="sm-157d">
         <name>EUSCIB2_IRQHandler</name>
         <value>0xc3d1</value>
      </symbol>
      <symbol id="sm-157e">
         <name>EUSCIB3_IRQHandler</name>
         <value>0xc3d1</value>
      </symbol>
      <symbol id="sm-157f">
         <name>ADC14_IRQHandler</name>
         <value>0xc3d1</value>
      </symbol>
      <symbol id="sm-1580">
         <name>T32_INT1_IRQHandler</name>
         <value>0xc3d1</value>
      </symbol>
      <symbol id="sm-1581">
         <name>T32_INT2_IRQHandler</name>
         <value>0xc3d1</value>
      </symbol>
      <symbol id="sm-1582">
         <name>T32_INTC_IRQHandler</name>
         <value>0xc3d1</value>
      </symbol>
      <symbol id="sm-1583">
         <name>AES256_IRQHandler</name>
         <value>0xc3d1</value>
      </symbol>
      <symbol id="sm-1584">
         <name>RTC_C_IRQHandler</name>
         <value>0xc3d1</value>
      </symbol>
      <symbol id="sm-1585">
         <name>DMA_ERR_IRQHandler</name>
         <value>0xc3d1</value>
      </symbol>
      <symbol id="sm-1586">
         <name>DMA_INT3_IRQHandler</name>
         <value>0xc3d1</value>
      </symbol>
      <symbol id="sm-1587">
         <name>DMA_INT2_IRQHandler</name>
         <value>0xc3d1</value>
      </symbol>
      <symbol id="sm-1588">
         <name>DMA_INT1_IRQHandler</name>
         <value>0xc3d1</value>
      </symbol>
      <symbol id="sm-1589">
         <name>DMA_INT0_IRQHandler</name>
         <value>0xc3d1</value>
      </symbol>
      <symbol id="sm-158a">
         <name>PORT1_IRQHandler</name>
         <value>0xc3d1</value>
      </symbol>
      <symbol id="sm-158b">
         <name>PORT2_IRQHandler</name>
         <value>0x9819</value>
      </symbol>
      <symbol id="sm-158c">
         <name>PORT3_IRQHandler</name>
         <value>0xc3d1</value>
      </symbol>
      <symbol id="sm-158d">
         <name>PORT4_IRQHandler</name>
         <value>0xc3d1</value>
      </symbol>
      <symbol id="sm-158e">
         <name>PORT5_IRQHandler</name>
         <value>0xc3d1</value>
      </symbol>
      <symbol id="sm-158f">
         <name>PORT6_IRQHandler</name>
         <value>0xc3d1</value>
      </symbol>
      <symbol id="sm-1590">
         <name>remove</name>
         <value>0xc239</value>
      </symbol>
   </symbol_table>
   <title>Link successful</title>
</link_info>
